 SapClassGui80.NET_2010

 Timestamp is 56abf477 (Fri Jan 29 17:23:35 2016)

 Preferred load address is 67d80000

 Start         Length     Name                   Class
 0001:00000000 0001cebeH .text                   CODE
 0001:0001cec0 00002a24H .text$x                 CODE
 0001:0001f8f0 000001bdH .text$yc                CODE
 0001:0001fab0 00000035H .text$yd                CODE
 0002:00000000 00000adcH .idata$5                DATA
 0002:00000adc 00000004H .CRT$XCA                DATA
 0002:00000ae0 00000008H .CRT$XCU                DATA
 0002:00000ae8 00000004H .CRT$XCZ                DATA
 0002:00000aec 00000004H .CRT$XIA                DATA
 0002:00000af0 00000004H .CRT$XIAA               DATA
 0002:00000af4 00000004H .CRT$XIC                DATA
 0002:00000af8 00000004H .CRT$XIZ                DATA
 0002:00000b00 00006fd0H .rdata                  DATA
 0002:00007ad0 000011d4H .rdata$r                DATA
 0002:00008cb0 00000240H .rdata$sxdata           DATA
 0002:00008ef0 00000004H .rtc$IAA                DATA
 0002:00008ef4 00000004H .rtc$IZZ                DATA
 0002:00008ef8 00000004H .rtc$TAA                DATA
 0002:00008efc 00000004H .rtc$TZZ                DATA
 0002:00008f00 000023ecH .xdata$x                DATA
 0002:0000b2ec 00000004H ATL$__a                 DATA
 0002:0000b2f0 00000004H ATL$__z                 DATA
 0002:0000b2f4 000000b4H .idata$2                DATA
 0002:0000b3a8 00000014H .idata$3                DATA
 0002:0000b3bc 00000adcH .idata$4                DATA
 0002:0000be98 000039c2H .idata$6                DATA
 0002:0000f860 00005ed4H .edata                  DATA
 0003:00000000 00000cd8H .data                   DATA
 0003:00000cd8 000003fcH .bss                    DATA
 0004:00000000 000008b0H .rsrc$01                DATA
 0004:000008b0 00019488H .rsrc$02                DATA

  Address         Publics by Value              Rva+Base       Lib:Object

 0000:00000000       __except_list              00000000     <absolute>
 0000:00000090       ___safe_se_handler_count   00000090     <absolute>
 0000:00009876       __ldused                   00009876     <absolute>
 0000:00009876       __fltused                  00009876     <absolute>
 0000:00000000       ___ImageBase               67d80000     <linker-defined>
 0001:00000000       ??0CRect@@QAE@XZ           67d81000 f i AbortDlg.obj
 0001:00000010       ??3CObject@@SGXPAX@Z       67d81010 f i AbortDlg.obj
 0001:00000030       ?GetWindowRect@CWnd@@QBEXPAUtagRECT@@@Z 67d81030 f i AbortDlg.obj
 0001:00000050       ?SetTimer@CWnd@@QAEIIIP6GXPAUHWND__@@IIK@Z@Z 67d81050 f i AbortDlg.obj
 0001:00000070       ?KillTimer@CWnd@@QAEHI@Z   67d81070 f i AbortDlg.obj
 0001:00000090       ?OnTimer@CWnd@@IAEXI@Z     67d81090 f i AbortDlg.obj
 0001:000000a0       ?DoDataExchange@CWnd@@MAEXPAVCDataExchange@@@Z 67d810a0 f i AbortDlg.obj
 0001:000000b0       ??1CAbortDlg@@UAE@XZ       67d810b0 f i AbortDlg.obj
 0001:000000c0       ??_GCAbortDlg@@UAEPAXI@Z   67d810c0 f i AbortDlg.obj
 0001:000000f0       ??_ECAbortDlg@@UAEPAXI@Z   67d810f0 f i AbortDlg.obj
 0001:00000150       ??0CAbortDlg@@QAE@PAVCWnd@@PAVSapTransfer@@H@Z 67d81150 f   AbortDlg.obj
 0001:000001a0       ?Serialize@CObject@@UAEXAAVCArchive@@@Z 67d811a0 f i AbortDlg.obj
 0001:000001b0       ?AssertValid@CObject@@UBEXXZ 67d811b0 f i AbortDlg.obj
 0001:000001c0       ?Dump@CObject@@UBEXAAVCDumpContext@@@Z 67d811c0 f i AbortDlg.obj
 0001:000001d0       ?BeginModalState@CWnd@@UAEXXZ 67d811d0 f i AbortDlg.obj
 0001:000001e0       ?EndModalState@CWnd@@UAEXXZ 67d811e0 f i AbortDlg.obj
 0001:000001f0       ?Create@CDialog@@UAEHIPAVCWnd@@@Z 67d811f0 f i AbortDlg.obj
 0001:00000210       ?DoDataExchange@CAbortDlg@@MAEXPAVCDataExchange@@@Z 67d81210 f   AbortDlg.obj
 0001:00000220       ?OnInitDialog@CAbortDlg@@MAEHXZ 67d81220 f   AbortDlg.obj
 0001:000002b0       ?OnAbort@CAbortDlg@@IAEXXZ 67d812b0 f   AbortDlg.obj
 0001:000002d0       ?OnTimer@CAbortDlg@@IAEXI@Z 67d812d0 f   AbortDlg.obj
 0001:00000360       ?GetThisMessageMap@CAbortDlg@@KGPBUAFX_MSGMAP@@XZ 67d81360 f   AbortDlg.obj
 0001:00000370       ?GetMessageMap@CAbortDlg@@MBEPBUAFX_MSGMAP@@XZ 67d81370 f   AbortDlg.obj
 0001:00000380       ?strrchr@@YAPADPADH@Z      67d81380 f i AcqConfigDlg.obj
 0001:00000390       ?strstr@@YAPADPADPBD@Z     67d81390 f i AcqConfigDlg.obj
 0001:000003a0       ?GetLocation@CAcqConfigDlg@@QAE?AVSapLocation@@XZ 67d813a0 f   AcqConfigDlg.obj
 0001:00000420       ?UpdateAcquisition@CAcqConfigDlg@@IAEHXZ 67d81420 f   AcqConfigDlg.obj
 0001:00000510       ?SaveSettings@CAcqConfigDlg@@IAEXXZ 67d81510 f   AcqConfigDlg.obj
 0001:00000640       ?UpdateDescription@CAcqConfigDlg@@IAEXXZ 67d81640 f   AcqConfigDlg.obj
 0001:00000960       ?ValidateCCFAgainstServerName@CAcqConfigDlg@@IAE_N_N@Z 67d81960 f   AcqConfigDlg.obj
 0001:00000ac0       ?GetConfigFile@CAcqConfigDlg@@QAEPADXZ 67d81ac0 f   AcqConfigDlg.obj
 0001:00000b40       ??HATL@@YA?AV?$CStringT@DV?$StrTraitMFC_DLL@DV?$ChTraitsCRT@D@ATL@@@@@0@ABV10@0@Z 67d81b40 f i AcqConfigDlg.obj
 0001:00000be0       ?AfxGetApp@@YGPAVCWinApp@@XZ 67d81be0 f i AcqConfigDlg.obj
 0001:00000bf0       ??0CListBox@@QAE@XZ        67d81bf0 f i AcqConfigDlg.obj
 0001:00000c10       ??_GCListBox@@UAEPAXI@Z    67d81c10 f i AcqConfigDlg.obj
 0001:00000c10       ??_ECListBox@@UAEPAXI@Z    67d81c10 f i AcqConfigDlg.obj
 0001:00000c40       ??0CComboBox@@QAE@XZ       67d81c40 f i AcqConfigDlg.obj
 0001:00000c60       ??_ECComboBox@@UAEPAXI@Z   67d81c60 f i AcqConfigDlg.obj
 0001:00000c60       ??_GCComboBox@@UAEPAXI@Z   67d81c60 f i AcqConfigDlg.obj
 0001:00000c90       ?GetCount@CComboBox@@QBEHXZ 67d81c90 f i AcqConfigDlg.obj
 0001:00000cb0       ?GetCurSel@CComboBox@@QBEHXZ 67d81cb0 f i AcqConfigDlg.obj
 0001:00000cd0       ?SetCurSel@CComboBox@@QAEHH@Z 67d81cd0 f i AcqConfigDlg.obj
 0001:00000cf0       ?GetItemData@CComboBox@@QBEKH@Z 67d81cf0 f i AcqConfigDlg.obj
 0001:00000d10       ?SetItemData@CComboBox@@QAEHHK@Z 67d81d10 f i AcqConfigDlg.obj
 0001:00000d30       ?AddString@CComboBox@@QAEHPBD@Z 67d81d30 f i AcqConfigDlg.obj
 0001:00000d50       ?ResetContent@CComboBox@@QAEXXZ 67d81d50 f i AcqConfigDlg.obj
 0001:00000d70       ?SelectString@CComboBox@@QAEHHPBD@Z 67d81d70 f i AcqConfigDlg.obj
 0001:00000d90       ??0CEdit@@QAE@XZ           67d81d90 f i AcqConfigDlg.obj
 0001:00000db0       ??_ECEdit@@UAEPAXI@Z       67d81db0 f i AcqConfigDlg.obj
 0001:00000db0       ??_GCEdit@@UAEPAXI@Z       67d81db0 f i AcqConfigDlg.obj
 0001:00000ea0       ??1CAcqConfigDlg@@UAE@XZ   67d81ea0 f i AcqConfigDlg.obj
 0001:00000f70       ??_GCAcqConfigDlg@@UAEPAXI@Z 67d81f70 f i AcqConfigDlg.obj
 0001:00000fa0       ??_ECAcqConfigDlg@@UAEPAXI@Z 67d81fa0 f i AcqConfigDlg.obj
 0001:00001000       ?DoDataExchange@CAcqConfigDlg@@MAEXPAVCDataExchange@@@Z 67d82000 f   AcqConfigDlg.obj
 0001:00001080       ?InitServerCombo@CAcqConfigDlg@@IAEXXZ 67d82080 f   AcqConfigDlg.obj
 0001:000012c0       ?UpdateMenu@CAcqConfigDlg@@IAEXXZ 67d822c0 f   AcqConfigDlg.obj
 0001:000013a0       ?OnOK@CAcqConfigDlg@@MAEXXZ 67d823a0 f   AcqConfigDlg.obj
 0001:00001480       ?OnSelchangeComboResource@CAcqConfigDlg@@IAEXXZ 67d82480 f   AcqConfigDlg.obj
 0001:000014a0       ?OnBnClickedConfigFileCheck@CAcqConfigDlg@@IAEXXZ 67d824a0 f   AcqConfigDlg.obj
 0001:000014c0       ?StringCbCopyA@@YGJPADIPBD@Z 67d824c0 f i AcqConfigDlg.obj
 0001:00001530       ?StringCbPrintfA@@YAJPADIPBDZZ 67d82530 f i AcqConfigDlg.obj
 0001:00001590       ?LoadSettings@CAcqConfigDlg@@IAEXXZ 67d82590 f   AcqConfigDlg.obj
 0001:000017a0       ?InitResourceCombo@CAcqConfigDlg@@IAEXXZ 67d827a0 f   AcqConfigDlg.obj
 0001:00001b70       ?SplitConfigFilePath@CAcqConfigDlg@@IAEXXZ 67d82b70 f   AcqConfigDlg.obj
 0001:00001c40       ?OnSelchangeComboServer@CAcqConfigDlg@@IAEXXZ 67d82c40 f   AcqConfigDlg.obj
 0001:00001c60       ??0CAcqConfigDlg@@QAE@PAVCWnd@@W4ServerCategory@0@@Z 67d82c60 f   AcqConfigDlg.obj
 0001:00001db0       ??_ECAcqConfigDlg@@WJE@AEPAXI@Z 67d82db0 f i AcqConfigDlg.obj
 0001:00001dc0       ??0CAcqConfigDlg@@QAE@PAVCWnd@@VSapLocation@@PBDW4ServerCategory@0@@Z 67d82dc0 f   AcqConfigDlg.obj
 0001:00001fa0       ??0CAcqConfigDlg@@QAE@PAVCWnd@@PAVSapAcquisition@@PBD@Z 67d82fa0 f   AcqConfigDlg.obj
 0001:000021c0       ?OnInitDialog@CAcqConfigDlg@@MAEHXZ 67d831c0 f   AcqConfigDlg.obj
 0001:00002290       ?OnConfigBrowse@CAcqConfigDlg@@IAEXXZ 67d83290 f   AcqConfigDlg.obj
 0001:000023f0       ?GetThisMessageMap@CAcqConfigDlg@@KGPBUAFX_MSGMAP@@XZ 67d833f0 f   AcqConfigDlg.obj
 0001:00002400       ?GetMessageMap@CAcqConfigDlg@@MBEPBUAFX_MSGMAP@@XZ 67d83400 f   AcqConfigDlg.obj
 0001:00002410       ??0CAcqDlg@@QAE@PAVCWnd@@PAVSapAcquisition@@@Z 67d83410 f   AcqDlg.obj
 0001:000024a0       ?UpdateWindow@CAcqDlg@@IAEXXZ 67d834a0 f   AcqDlg.obj
 0001:00002570       ?OnExternalTriggerEnable@CAcqDlg@@IAEXXZ 67d83570 f   AcqDlg.obj
 0001:00002590       ?GetCheck@CButton@@QBEHXZ  67d83590 f i AcqDlg.obj
 0001:000025b0       ?SetCheck@CButton@@QAEXH@Z 67d835b0 f i AcqDlg.obj
 0001:00002640       ??1CAcqDlg@@UAE@XZ         67d83640 f i AcqDlg.obj
 0001:000026a0       ??_GCAcqDlg@@UAEPAXI@Z     67d836a0 f i AcqDlg.obj
 0001:00002710       ??_ECAcqDlg@@UAEPAXI@Z     67d83710 f i AcqDlg.obj
 0001:000027d0       ?DoDataExchange@CAcqDlg@@MAEXPAVCDataExchange@@@Z 67d837d0 f   AcqDlg.obj
 0001:00002810       ?GetThisMessageMap@CAcqDlg@@KGPBUAFX_MSGMAP@@XZ 67d83810 f   AcqDlg.obj
 0001:00002820       ?OnOK@CAcqDlg@@MAEXXZ      67d83820 f   AcqDlg.obj
 0001:000029f0       ??_ECAcqDlg@@WJE@AEPAXI@Z  67d839f0 f i AcqDlg.obj
 0001:00002a00       ?GetMessageMap@CAcqDlg@@MBEPBUAFX_MSGMAP@@XZ 67d83a00 f   AcqDlg.obj
 0001:00002a10       ?OnInitDialog@CAcqDlg@@MAEHXZ 67d83a10 f   AcqDlg.obj
 0001:00002fd0       ??0CScrollBar@@QAE@XZ      67d83fd0 f i AScanDlg.obj
 0001:00002ff0       ??_GCScrollBar@@UAEPAXI@Z  67d83ff0 f i AScanDlg.obj
 0001:00002ff0       ??_ECScrollBar@@UAEPAXI@Z  67d83ff0 f i AScanDlg.obj
 0001:00003090       ??1CAScanDlg@@UAE@XZ       67d84090 f i AScanDlg.obj
 0001:00003110       ??_GCAScanDlg@@UAEPAXI@Z   67d84110 f i AScanDlg.obj
 0001:000031a0       ??_ECAScanDlg@@UAEPAXI@Z   67d841a0 f i AScanDlg.obj
 0001:00003280       ??0CAScanDlg@@QAE@PAVCWnd@@PAVSapAcquisition@@@Z 67d84280 f   AScanDlg.obj
 0001:00003340       ?DoDataExchange@CAScanDlg@@MAEXPAVCDataExchange@@@Z 67d84340 f   AScanDlg.obj
 0001:000033a0       ?UpdateWindow@CAScanDlg@@IAEXXZ 67d843a0 f   AScanDlg.obj
 0001:000034a0       ?OnCamTriggerEnable@CAScanDlg@@IAEXXZ 67d844a0 f   AScanDlg.obj
 0001:000034b0       ?OnCamResetEnable@CAScanDlg@@IAEXXZ 67d844b0 f   AScanDlg.obj
 0001:000034c0       ?OnTimeIntegrate@CAScanDlg@@IAEXXZ 67d844c0 f   AScanDlg.obj
 0001:000034d0       ?OnFrameIntegrate@CAScanDlg@@IAEXXZ 67d844d0 f   AScanDlg.obj
 0001:000034e0       ??_ECAScanDlg@@WJE@AEPAXI@Z 67d844e0 f i AScanDlg.obj
 0001:000034f0       ?VerifyTimeIntegrateDuration@CAScanDlg@@IAEXH@Z 67d844f0 f   AScanDlg.obj
 0001:00003610       ?VerifyFrameIntegrateCount@CAScanDlg@@IAEXXZ 67d84610 f   AScanDlg.obj
 0001:000036f0       ?OnOK@CAScanDlg@@MAEXXZ    67d846f0 f   AScanDlg.obj
 0001:000039f0       ?OnInitDialog@CAScanDlg@@MAEHXZ 67d849f0 f   AScanDlg.obj
 0001:00003fa0       ?OnKillfocusEditTime@CAScanDlg@@IAEXXZ 67d84fa0 f   AScanDlg.obj
 0001:00003fc0       ?OnKillfocusEditFrame@CAScanDlg@@IAEXXZ 67d84fc0 f   AScanDlg.obj
 0001:00003fe0       ?OnVScroll@CAScanDlg@@IAEXIIPAVCScrollBar@@@Z 67d84fe0 f   AScanDlg.obj
 0001:000040c0       ?GetThisMessageMap@CAScanDlg@@KGPBUAFX_MSGMAP@@XZ 67d850c0 f   AScanDlg.obj
 0001:000040d0       ?GetMessageMap@CAScanDlg@@MBEPBUAFX_MSGMAP@@XZ 67d850d0 f   AScanDlg.obj
 0001:000040e0       ?OnVScroll@CAviFileDlg@@IAEXIIPAVCScrollBar@@@Z 67d850e0 f   AviFileDlg.obj
 0001:00004180       ?OnUpdateAviEditFirstFrame@CAviFileDlg@@IAEXXZ 67d85180 f   AviFileDlg.obj
 0001:00004190       ?OnUpdateAviEditCompressionLevel@CAviFileDlg@@IAEXXZ 67d85190 f   AviFileDlg.obj
 0001:000041a0       ?OnInitDialog@CAviFileDlg@@MAEHXZ 67d851a0 f   AviFileDlg.obj
 0001:00004240       ?OnOK@CAviFileDlg@@MAEXXZ  67d85240 f   AviFileDlg.obj
 0001:000042b0       ??0CAviFileDlg@@QAE@PAVCWnd@@HHHH@Z 67d852b0 f   AviFileDlg.obj
 0001:00004390       ??1CAviFileDlg@@UAE@XZ     67d85390 f i AviFileDlg.obj
 0001:000043a0       ??_GCAviFileDlg@@UAEPAXI@Z 67d853a0 f i AviFileDlg.obj
 0001:000043a0       ??_ECAviFileDlg@@UAEPAXI@Z 67d853a0 f i AviFileDlg.obj
 0001:000043d0       ?DoDataExchange@CAviFileDlg@@MAEXPAVCDataExchange@@@Z 67d853d0 f   AviFileDlg.obj
 0001:00004430       ?GetThisMessageMap@CAviFileDlg@@KGPBUAFX_MSGMAP@@XZ 67d85430 f   AviFileDlg.obj
 0001:00004440       ?GetMessageMap@CAviFileDlg@@MBEPBUAFX_MSGMAP@@XZ 67d85440 f   AviFileDlg.obj
 0001:00004450       ??0CBayerOptionsDlg@@QAE@PAVCWnd@@PAVSapBayer@@PAVSapTransfer@@PAVCImageWnd@@PAVSapProcessing@@@Z 67d85450 f   BayerDlg.obj
 0001:00004510       ??1CBayerOptionsDlg@@UAE@XZ 67d85510 f   BayerDlg.obj
 0001:00004580       ?UpdateInterface@CBayerOptionsDlg@@QAEXXZ 67d85580 f   BayerDlg.obj
 0001:00004850       ?OnChange@CBayerOptionsDlg@@IAEXXZ 67d85850 f   BayerDlg.obj
 0001:00004880       ?OnGammaEnable@CBayerOptionsDlg@@IAEXXZ 67d85880 f   BayerDlg.obj
 0001:000048e0       ?OnChangeRange@CBayerOptionsDlg@@IAEXI@Z 67d858e0 f   BayerDlg.obj
 0001:000048f0       ?UpdateView@CBayerOptionsDlg@@IAEXXZ 67d858f0 f   BayerDlg.obj
 0001:00004990       ?OnClose@CBayerOptionsDlg@@IAEXXZ 67d85990 f   BayerDlg.obj
 0001:000049d0       ?Width@CRect@@QBEHXZ       67d859d0 f i BayerDlg.obj
 0001:000049e0       ?Height@CRect@@QBEHXZ      67d859e0 f i BayerDlg.obj
 0001:000049f0       ?OnShowWindow@CWnd@@IAEXHI@Z 67d859f0 f i BayerDlg.obj
 0001:00004a00       ?IsRoiTrackerActive@CImageWnd@@QAEHXZ 67d85a00 f i BayerDlg.obj
 0001:00004a10       ??_GCBayerOptionsDlg@@UAEPAXI@Z 67d85a10 f i BayerDlg.obj
 0001:00004a40       ??_ECBayerOptionsDlg@@UAEPAXI@Z 67d85a40 f i BayerDlg.obj
 0001:00004aa0       ?DoDataExchange@CBayerOptionsDlg@@MAEXPAVCDataExchange@@@Z 67d85aa0 f   BayerDlg.obj
 0001:00004b30       ?OnInitDialog@CBayerOptionsDlg@@MAEHXZ 67d85b30 f   BayerDlg.obj
 0001:00004b70       ?OnAutoWhiteBalance@CBayerOptionsDlg@@IAEXXZ 67d85b70 f   BayerDlg.obj
 0001:00004c50       ?OnApply@CBayerOptionsDlg@@IAEXXZ 67d85c50 f   BayerDlg.obj
 0001:00004dc0       ?OnShowWindow@CBayerOptionsDlg@@IAEXHI@Z 67d85dc0 f   BayerDlg.obj
 0001:00004e00       ??_ECBayerOptionsDlg@@WJE@AEPAXI@Z 67d85e00 f i BayerDlg.obj
 0001:00004e10       ?GetThisMessageMap@CBayerOptionsDlg@@KGPBUAFX_MSGMAP@@XZ 67d85e10 f   BayerDlg.obj
 0001:00004e20       ?GetMessageMap@CBayerOptionsDlg@@MBEPBUAFX_MSGMAP@@XZ 67d85e20 f   BayerDlg.obj
 0001:00004e30       ??0CBrowseDirDlg@@QAE@PBD@Z 67d85e30 f   BrowseDirDlg.obj
 0001:00004e90       ?BrowseHookProc@CBrowseDirDlg@@KGIPAUHWND__@@IIJ@Z 67d85e90 f   BrowseDirDlg.obj
 0001:00004ed0       ??HATL@@YA?AV?$CStringT@DV?$StrTraitMFC_DLL@DV?$ChTraitsCRT@D@ATL@@@@@0@ABV10@D@Z 67d85ed0 f i BrowseDirDlg.obj
 0001:00004fd0       ?DoModal@CBrowseDirDlg@@QAEHXZ 67d85fd0 f   BrowseDirDlg.obj
 0001:00005290       ?UpdateBuffer@CBufDlg@@IAEHXZ 67d86290 f   BufDlg.obj
 0001:00005340       ?OnOK@CBufDlg@@MAEXXZ      67d86340 f   BufDlg.obj
 0001:00005360       ?EnableControls@CBufDlg@@IAEXXZ 67d86360 f   BufDlg.obj
 0001:00005410       ??1CBufDlg@@UAE@XZ         67d86410 f i BufDlg.obj
 0001:00005490       ??_GCBufDlg@@UAEPAXI@Z     67d86490 f i BufDlg.obj
 0001:00005520       ??_ECBufDlg@@UAEPAXI@Z     67d86520 f i BufDlg.obj
 0001:00005600       ??0CBufDlg@@QAE@PAVCWnd@@PAVSapBuffer@@PAVSapDisplay@@@Z 67d86600 f   BufDlg.obj
 0001:00005800       ?DoDataExchange@CBufDlg@@MAEXPAVCDataExchange@@@Z 67d86800 f   BufDlg.obj
 0001:00005880       ?OnInitDialog@CBufDlg@@MAEHXZ 67d86880 f   BufDlg.obj
 0001:00005930       ?OnSelchangeComboFormat@CBufDlg@@IAEXXZ 67d86930 f   BufDlg.obj
 0001:000059a0       ?GetThisMessageMap@CBufDlg@@KGPBUAFX_MSGMAP@@XZ 67d869a0 f   BufDlg.obj
 0001:000059b0       ?GetMessageMap@CBufDlg@@MBEPBUAFX_MSGMAP@@XZ 67d869b0 f   BufDlg.obj
 0001:000059c0       ??1CCabDlg@@UAE@XZ         67d869c0 f   CabDlg.obj
 0001:00005a60       ?DestroyWindow@CCabDlg@@UAEHXZ 67d86a60 f   CabDlg.obj
 0001:00005a90       ?InsertItem@CTabCtrl@@QAEJHPBD@Z 67d86a90 f i CabDlg.obj
 0001:00005ab0       ?GetCurSel@CTabCtrl@@QBEHXZ 67d86ab0 f i CabDlg.obj
 0001:00005ad0       ??_GCCabDlg@@UAEPAXI@Z     67d86ad0 f i CabDlg.obj
 0001:00005b00       ??_ECCabDlg@@UAEPAXI@Z     67d86b00 f i CabDlg.obj
 0001:00005b60       ??0CCabDlg@@QAE@PAVCWnd@@PAVSapCab@@PAVSapXferNode@@H@Z 67d86b60 f   CabDlg.obj
 0001:00005ce0       ??_GSapCab@@UAEPAXI@Z      67d86ce0 f i CabDlg.obj
 0001:00005ce0       ??_ESapCab@@UAEPAXI@Z      67d86ce0 f i CabDlg.obj
 0001:00005d10       ?DoDataExchange@CCabDlg@@MAEXPAVCDataExchange@@@Z 67d86d10 f   CabDlg.obj
 0001:00005d80       ?EnableControls@CCabDlg@@QAEXXZ 67d86d80 f   CabDlg.obj
 0001:00006090       ?OnInitDialog@CCabDlg@@MAEHXZ 67d87090 f   CabDlg.obj
 0001:00006460       ?OnOK@CCabDlg@@MAEXXZ      67d87460 f   CabDlg.obj
 0001:00006670       ?OnCabTransmitter@CCabDlg@@IAEXXZ 67d87670 f   CabDlg.obj
 0001:00006680       ?OnCabReceiver@CCabDlg@@IAEXXZ 67d87680 f   CabDlg.obj
 0001:00006690       ?OnSelchangeCabTransferMode@CCabDlg@@IAEXXZ 67d87690 f   CabDlg.obj
 0001:000066a0       ?OnSelchangeCabChannelTable@CCabDlg@@IAEXPAUtagNMHDR@@PAJ@Z 67d876a0 f   CabDlg.obj
 0001:000066e0       ?ToggleCabChannel@CCabDlg@@IAEXH@Z 67d876e0 f   CabDlg.obj
 0001:00006710       ??_ECCabDlg@@WJE@AEPAXI@Z  67d87710 f i CabDlg.obj
 0001:00006720       ?OnCabChannel0@CCabDlg@@IAEXXZ 67d87720 f   CabDlg.obj
 0001:00006730       ?OnCabChannel1@CCabDlg@@IAEXXZ 67d87730 f   CabDlg.obj
 0001:00006740       ?OnCabChannel2@CCabDlg@@IAEXXZ 67d87740 f   CabDlg.obj
 0001:00006750       ?OnCabChannel3@CCabDlg@@IAEXXZ 67d87750 f   CabDlg.obj
 0001:00006760       ?OnCabChannel4@CCabDlg@@IAEXXZ 67d87760 f   CabDlg.obj
 0001:00006770       ?OnCabChannel5@CCabDlg@@IAEXXZ 67d87770 f   CabDlg.obj
 0001:00006780       ?OnCabChannel6@CCabDlg@@IAEXXZ 67d87780 f   CabDlg.obj
 0001:00006790       ?OnCabChannel7@CCabDlg@@IAEXXZ 67d87790 f   CabDlg.obj
 0001:000067a0       ?OnCabChannel8@CCabDlg@@IAEXXZ 67d877a0 f   CabDlg.obj
 0001:000067b0       ?OnCabChannel9@CCabDlg@@IAEXXZ 67d877b0 f   CabDlg.obj
 0001:000067c0       ?OnCabChannel10@CCabDlg@@IAEXXZ 67d877c0 f   CabDlg.obj
 0001:000067d0       ?OnCabChannel11@CCabDlg@@IAEXXZ 67d877d0 f   CabDlg.obj
 0001:000067e0       ?OnCabChannel12@CCabDlg@@IAEXXZ 67d877e0 f   CabDlg.obj
 0001:000067f0       ?OnCabChannel13@CCabDlg@@IAEXXZ 67d877f0 f   CabDlg.obj
 0001:00006800       ?OnCabChannel14@CCabDlg@@IAEXXZ 67d87800 f   CabDlg.obj
 0001:00006810       ?OnCabChannel15@CCabDlg@@IAEXXZ 67d87810 f   CabDlg.obj
 0001:00006820       ?GetThisMessageMap@CCabDlg@@KGPBUAFX_MSGMAP@@XZ 67d87820 f   CabDlg.obj
 0001:00006830       ?GetMessageMap@CCabDlg@@MBEPBUAFX_MSGMAP@@XZ 67d87830 f   CabDlg.obj
 0001:00006840       ?GetDir@CBrowseDirDlg@@QAE?AV?$CStringT@DV?$StrTraitMFC_DLL@DV?$ChTraitsCRT@D@ATL@@@@@ATL@@XZ 67d87840 f i CamVicDlg.obj
 0001:00006870       ?UpdateAcquisition@CCamVicDlg@@IAEHXZ 67d87870 f   CamVicDlg.obj
 0001:00006990       ?SaveSettings@CCamVicDlg@@IAEXXZ 67d87990 f   CamVicDlg.obj
 0001:00006a30       ??1CBrowseDirDlg@@QAE@XZ   67d87a30 f i CamVicDlg.obj
 0001:00006a40       ?MakeVicAvailable@CCamVicDlg@@IAEHXZ 67d87a40 f   CamVicDlg.obj
 0001:00006b50       ?OnSelchangeComboResource@CCamVicDlg@@IAEXXZ 67d87b50 f   CamVicDlg.obj
 0001:00006b60       ??HATL@@YA?AV?$CStringT@DV?$StrTraitMFC_DLL@DV?$ChTraitsCRT@D@ATL@@@@@0@ABV10@PBD@Z 67d87b60 f i CamVicDlg.obj
 0001:00006bf0       ?GetCount@CListBox@@QBEHXZ 67d87bf0 f i CamVicDlg.obj
 0001:00006c10       ?GetText@CListBox@@QBEHHPAD@Z 67d87c10 f i CamVicDlg.obj
 0001:00006c30       ?ResetContent@CListBox@@QAEXXZ 67d87c30 f i CamVicDlg.obj
 0001:00006c50       ?Dir@CListBox@@QAEHIPBD@Z  67d87c50 f i CamVicDlg.obj
 0001:00006c70       ?SetDroppedWidth@CComboBox@@QAEHI@Z 67d87c70 f i CamVicDlg.obj
 0001:00006df0       ??1CCamVicDlg@@UAE@XZ      67d87df0 f i CamVicDlg.obj
 0001:00006ed0       ??_GCCamVicDlg@@UAEPAXI@Z  67d87ed0 f i CamVicDlg.obj
 0001:00006f00       ??_ECCamVicDlg@@UAEPAXI@Z  67d87f00 f i CamVicDlg.obj
 0001:00006f60       ?DoDataExchange@CCamVicDlg@@MAEXPAVCDataExchange@@@Z 67d87f60 f   CamVicDlg.obj
 0001:00007000       ?InitResourceCombo@CCamVicDlg@@IAEXXZ 67d88000 f   CamVicDlg.obj
 0001:000071e0       ?UpdateBoxAvailability@CCamVicDlg@@IAEXXZ 67d881e0 f   CamVicDlg.obj
 0001:00007270       ?OnSelchangeComboCamera@CCamVicDlg@@IAEXXZ 67d88270 f   CamVicDlg.obj
 0001:000072d0       ?OnSelchangeComboVic@CCamVicDlg@@IAEXXZ 67d882d0 f   CamVicDlg.obj
 0001:00007330       ?OnSelchangeComboServer@CCamVicDlg@@IAEXXZ 67d88330 f   CamVicDlg.obj
 0001:00007350       ?StringCbCatA@@YGJPADIPBD@Z 67d88350 f i CamVicDlg.obj
 0001:000073d0       ?LoadSettings@CCamVicDlg@@IAEXXZ 67d883d0 f   CamVicDlg.obj
 0001:00007580       ?SetDirectories@CCamVicDlg@@IAEXXZ 67d88580 f   CamVicDlg.obj
 0001:00007a90       ?InitServerCombo@CCamVicDlg@@IAEXXZ 67d88a90 f   CamVicDlg.obj
 0001:00007bc0       ?UpdateCurrentDir@CCamVicDlg@@IAEXPADH@Z 67d88bc0 f   CamVicDlg.obj
 0001:00007c70       ?UpdateNames@CCamVicDlg@@IAEXH@Z 67d88c70 f   CamVicDlg.obj
 0001:00008230       ?OnGenerateVic@CCamVicDlg@@IAEXXZ 67d89230 f   CamVicDlg.obj
 0001:00008570       ?OnOK@CCamVicDlg@@MAEXXZ   67d89570 f   CamVicDlg.obj
 0001:000085e0       ??0CCamVicDlg@@QAE@PAVCWnd@@PAVSapAcquisition@@PBD@Z 67d895e0 f   CamVicDlg.obj
 0001:000088b0       ??_ECCamVicDlg@@WJE@AEPAXI@Z 67d898b0 f i CamVicDlg.obj
 0001:000088c0       ?OnInitDialog@CCamVicDlg@@MAEHXZ 67d898c0 f   CamVicDlg.obj
 0001:00008920       ?OnCamBrowse@CCamVicDlg@@IAEXXZ 67d89920 f   CamVicDlg.obj
 0001:000089e0       ?OnVicBrowse@CCamVicDlg@@IAEXXZ 67d899e0 f   CamVicDlg.obj
 0001:00008aa0       ?OnKillfocusEditCamPath@CCamVicDlg@@IAEXXZ 67d89aa0 f   CamVicDlg.obj
 0001:00008b00       ?OnKillfocusEditVicPath@CCamVicDlg@@IAEXXZ 67d89b00 f   CamVicDlg.obj
 0001:00008b60       ?GetThisMessageMap@CCamVicDlg@@KGPBUAFX_MSGMAP@@XZ 67d89b60 f   CamVicDlg.obj
 0001:00008b70       ?GetMessageMap@CCamVicDlg@@MBEPBUAFX_MSGMAP@@XZ 67d89b70 f   CamVicDlg.obj
 0001:00008b80       ??1SapColorConversionMethodDictionary@@QAE@XZ 67d89b80 f i ColorConversionDlg.obj
 0001:00008b90       ??0CColorConversionOptionsDlg@@QAE@PAVCWnd@@PAVSapColorConversion@@PAVSapTransfer@@PAVCImageWnd@@PAVSapProcessing@@@Z 67d89b90 f   ColorConversionDlg.obj
 0001:00008c60       ??1CColorConversionOptionsDlg@@UAE@XZ 67d89c60 f   ColorConversionDlg.obj
 0001:00008ce0       ?OnChangeNumber@CColorConversionOptionsDlg@@IAEXXZ 67d89ce0 f   ColorConversionDlg.obj
 0001:00008d00       ?OnGammaEnable@CColorConversionOptionsDlg@@IAEXXZ 67d89d00 f   ColorConversionDlg.obj
 0001:00008d60       ?UpdateView@CColorConversionOptionsDlg@@IAEXXZ 67d89d60 f   ColorConversionDlg.obj
 0001:00008e00       ?OnClose@CColorConversionOptionsDlg@@IAEXXZ 67d89e00 f   ColorConversionDlg.obj
 0001:00008e40       ??_GCColorConversionOptionsDlg@@UAEPAXI@Z 67d89e40 f i ColorConversionDlg.obj
 0001:00008e70       ??_ECColorConversionOptionsDlg@@UAEPAXI@Z 67d89e70 f i ColorConversionDlg.obj
 0001:00008ed0       ?DoDataExchange@CColorConversionOptionsDlg@@MAEXPAVCDataExchange@@@Z 67d89ed0 f   ColorConversionDlg.obj
 0001:00008f70       ?SetSelectedMethodDescription@CColorConversionOptionsDlg@@IAEXXZ 67d89f70 f   ColorConversionDlg.obj
 0001:00009000       ?OnApply@CColorConversionOptionsDlg@@IAEXXZ 67d8a000 f   ColorConversionDlg.obj
 0001:00009190       ??_ECColorConversionOptionsDlg@@WJE@AEPAXI@Z 67d8a190 f i ColorConversionDlg.obj
 0001:000091a0       ?UpdateInterface@CColorConversionOptionsDlg@@QAEXXZ 67d8a1a0 f   ColorConversionDlg.obj
 0001:000094e0       ?OnChange@CColorConversionOptionsDlg@@IAEXXZ 67d8a4e0 f   ColorConversionDlg.obj
 0001:00009510       ?OnChangeRange@CColorConversionOptionsDlg@@IAEXI@Z 67d8a510 f   ColorConversionDlg.obj
 0001:00009520       ?OnAutoWhiteBalance@CColorConversionOptionsDlg@@IAEXXZ 67d8a520 f   ColorConversionDlg.obj
 0001:000095c0       ?OnShowWindow@CColorConversionOptionsDlg@@IAEXHI@Z 67d8a5c0 f   ColorConversionDlg.obj
 0001:00009600       ?GetThisMessageMap@CColorConversionOptionsDlg@@KGPBUAFX_MSGMAP@@XZ 67d8a600 f   ColorConversionDlg.obj
 0001:00009610       ?OnInitDialog@CColorConversionOptionsDlg@@MAEHXZ 67d8a610 f   ColorConversionDlg.obj
 0001:00009650       ?GetMessageMap@CColorConversionOptionsDlg@@MBEPBUAFX_MSGMAP@@XZ 67d8a650 f   ColorConversionDlg.obj
 0001:00009660       ?OnOK@CCompDlg@@MAEXXZ     67d8a660 f   CompDlg.obj
 0001:00009670       ?SetBrightness@CCompDlg@@IAEXXZ 67d8a670 f   CompDlg.obj
 0001:000096e0       ?SetContrast@CCompDlg@@IAEXXZ 67d8a6e0 f   CompDlg.obj
 0001:00009750       ?SetHue@CCompDlg@@IAEXXZ   67d8a750 f   CompDlg.obj
 0001:000097b0       ?SetSaturation@CCompDlg@@IAEXXZ 67d8a7b0 f   CompDlg.obj
 0001:00009810       ?SetSharpness@CCompDlg@@IAEXXZ 67d8a810 f   CompDlg.obj
 0001:00009860       ??0CSliderCtrl@@QAE@XZ     67d8a860 f i CompDlg.obj
 0001:00009880       ??_GCSliderCtrl@@UAEPAXI@Z 67d8a880 f i CompDlg.obj
 0001:00009880       ??_ECSliderCtrl@@UAEPAXI@Z 67d8a880 f i CompDlg.obj
 0001:000098b0       ?SetPageSize@CSliderCtrl@@QAEHH@Z 67d8a8b0 f i CompDlg.obj
 0001:000098d0       ?SetPos@CSliderCtrl@@QAEXH@Z 67d8a8d0 f i CompDlg.obj
 0001:000098f0       ?SetTicFreq@CSliderCtrl@@QAEXH@Z 67d8a8f0 f i CompDlg.obj
 0001:00009910       ??1CCompDlg@@UAE@XZ        67d8a910 f i CompDlg.obj
 0001:000099c0       ??_GCCompDlg@@UAEPAXI@Z    67d8a9c0 f i CompDlg.obj
 0001:000099f0       ??_ECCompDlg@@UAEPAXI@Z    67d8a9f0 f i CompDlg.obj
 0001:00009a50       ??0CCompDlg@@QAE@PAVCWnd@@PAVSapAcquisition@@PAVSapTransfer@@@Z 67d8aa50 f   CompDlg.obj
 0001:00009b70       ?DoDataExchange@CCompDlg@@MAEXPAVCDataExchange@@@Z 67d8ab70 f   CompDlg.obj
 0001:00009c40       ?Snap@CCompDlg@@IAEXXZ     67d8ac40 f   CompDlg.obj
 0001:00009d20       ?OnCancel@CCompDlg@@MAEXXZ 67d8ad20 f   CompDlg.obj
 0001:00009e30       ?UpdateWindow@CCompDlg@@IAEXXZ 67d8ae30 f   CompDlg.obj
 0001:00009f70       ?OnHScroll@CCompDlg@@IAEXIIPAVCScrollBar@@@Z 67d8af70 f   CompDlg.obj
 0001:0000a140       ?OnRed@CCompDlg@@IAEXXZ    67d8b140 f   CompDlg.obj
 0001:0000a180       ?OnGreen@CCompDlg@@IAEXXZ  67d8b180 f   CompDlg.obj
 0001:0000a1c0       ?OnBlue@CCompDlg@@IAEXXZ   67d8b1c0 f   CompDlg.obj
 0001:0000a200       ?OnKillfocusEditContrast@CCompDlg@@IAEXXZ 67d8b200 f   CompDlg.obj
 0001:0000a240       ?OnKillfocusEditBrightness@CCompDlg@@IAEXXZ 67d8b240 f   CompDlg.obj
 0001:0000a280       ?OnKillfocusEditHue@CCompDlg@@IAEXXZ 67d8b280 f   CompDlg.obj
 0001:0000a2c0       ?OnKillfocusEditSaturation@CCompDlg@@IAEXXZ 67d8b2c0 f   CompDlg.obj
 0001:0000a300       ?OnKillfocusEditSharpness@CCompDlg@@IAEXXZ 67d8b300 f   CompDlg.obj
 0001:0000a340       ?OnDefault@CCompDlg@@IAEXXZ 67d8b340 f   CompDlg.obj
 0001:0000a440       ??_ECCompDlg@@WJE@AEPAXI@Z 67d8b440 f i CompDlg.obj
 0001:0000a450       ?GetThisMessageMap@CCompDlg@@KGPBUAFX_MSGMAP@@XZ 67d8b450 f   CompDlg.obj
 0001:0000a460       ?OnInitDialog@CCompDlg@@MAEHXZ 67d8b460 f   CompDlg.obj
 0001:0000af50       ?GetMessageMap@CCompDlg@@MBEPBUAFX_MSGMAP@@XZ 67d8bf50 f   CompDlg.obj
 0001:0000af60       ??1CFlatFieldDlg@@UAE@XZ   67d8bf60 f   FlatFieldDlg.obj
 0001:0000b050       ?OnDestroy@CFlatFieldDlg@@IAEXXZ 67d8c050 f   FlatFieldDlg.obj
 0001:0000b060       ?OnOK@CFlatFieldDlg@@MAEXXZ 67d8c060 f   FlatFieldDlg.obj
 0001:0000b0b0       ?OnCancel@CFlatFieldDlg@@MAEXXZ 67d8c0b0 f   FlatFieldDlg.obj
 0001:0000b120       ?GetAverageStr@CFlatFieldDlg@@ABE?AV?$CStringT@DV?$StrTraitMFC_DLL@DV?$ChTraitsCRT@D@ATL@@@@@ATL@@AAVSapFlatFieldStats@@@Z 67d8c120 f   FlatFieldDlg.obj
 0001:0000b240       ?GetStdDeviationStr@CFlatFieldDlg@@ABE?AV?$CStringT@DV?$StrTraitMFC_DLL@DV?$ChTraitsCRT@D@ATL@@@@@ATL@@AAVSapFlatFieldStats@@@Z 67d8c240 f   FlatFieldDlg.obj
 0001:0000b360       ?GetLowStr@CFlatFieldDlg@@ABE?AV?$CStringT@DV?$StrTraitMFC_DLL@DV?$ChTraitsCRT@D@ATL@@@@@ATL@@AAVSapFlatFieldStats@@@Z 67d8c360 f   FlatFieldDlg.obj
 0001:0000b480       ?GetHighStr@CFlatFieldDlg@@ABE?AV?$CStringT@DV?$StrTraitMFC_DLL@DV?$ChTraitsCRT@D@ATL@@@@@ATL@@AAVSapFlatFieldStats@@@Z 67d8c480 f   FlatFieldDlg.obj
 0001:0000b5a0       ?GetPeakPositionStr@CFlatFieldDlg@@ABE?AV?$CStringT@DV?$StrTraitMFC_DLL@DV?$ChTraitsCRT@D@ATL@@@@@ATL@@AAVSapFlatFieldStats@@@Z 67d8c5a0 f   FlatFieldDlg.obj
 0001:0000b6c0       ?GetPixelRatioStr@CFlatFieldDlg@@ABE?AV?$CStringT@DV?$StrTraitMFC_DLL@DV?$ChTraitsCRT@D@ATL@@@@@ATL@@AAVSapFlatFieldStats@@@Z 67d8c6c0 f   FlatFieldDlg.obj
 0001:0000b7f0       ?GetNumPixelsStr@CFlatFieldDlg@@ABE?AV?$CStringT@DV?$StrTraitMFC_DLL@DV?$ChTraitsCRT@D@ATL@@@@@ATL@@AAVSapFlatFieldStats@@@Z 67d8c7f0 f   FlatFieldDlg.obj
 0001:0000b910       ??0CSize@@QAE@UtagSIZE@@@Z 67d8c910 f i FlatFieldDlg.obj
 0001:0000b930       ?GetTextExtent@CDC@@QBE?AVCSize@@ABV?$CStringT@DV?$StrTraitMFC_DLL@DV?$ChTraitsCRT@D@ATL@@@@@ATL@@@Z 67d8c930 f i FlatFieldDlg.obj
 0001:0000b980       ?GetDC@CWnd@@QAEPAVCDC@@XZ 67d8c980 f i FlatFieldDlg.obj
 0001:0000b9a0       ?ReleaseDC@CWnd@@QAEHPAVCDC@@@Z 67d8c9a0 f i FlatFieldDlg.obj
 0001:0000b9c0       ?GetParent@CWnd@@QBEPAV1@XZ 67d8c9c0 f i FlatFieldDlg.obj
 0001:0000b9e0       ??0CStatic@@QAE@XZ         67d8c9e0 f i FlatFieldDlg.obj
 0001:0000ba00       ??_ECStatic@@UAEPAXI@Z     67d8ca00 f i FlatFieldDlg.obj
 0001:0000ba00       ??_GCStatic@@UAEPAXI@Z     67d8ca00 f i FlatFieldDlg.obj
 0001:0000ba30       ??0CButton@@QAE@XZ         67d8ca30 f i FlatFieldDlg.obj
 0001:0000ba50       ??_ECButton@@UAEPAXI@Z     67d8ca50 f i FlatFieldDlg.obj
 0001:0000ba50       ??_GCButton@@UAEPAXI@Z     67d8ca50 f i FlatFieldDlg.obj
 0001:0000ba80       ?SetCurSel@CListBox@@QAEHH@Z 67d8ca80 f i FlatFieldDlg.obj
 0001:0000baa0       ?GetHorizontalExtent@CListBox@@QBEHXZ 67d8caa0 f i FlatFieldDlg.obj
 0001:0000bac0       ?SetHorizontalExtent@CListBox@@QAEXH@Z 67d8cac0 f i FlatFieldDlg.obj
 0001:0000bae0       ?AddString@CListBox@@QAEHPBD@Z 67d8cae0 f i FlatFieldDlg.obj
 0001:0000bb00       ??0CWaitCursor@@QAE@XZ     67d8cb00 f i FlatFieldDlg.obj
 0001:0000bb20       ??1CWaitCursor@@QAE@XZ     67d8cb20 f i FlatFieldDlg.obj
 0001:0000bc40       ?GetPathName@CLoadSaveDlg@@QAE?AV?$CStringT@DV?$StrTraitMFC_DLL@DV?$ChTraitsCRT@D@ATL@@@@@ATL@@XZ 67d8cc40 f i FlatFieldDlg.obj
 0001:0000bc70       ??1CLoadSaveDlg@@UAE@XZ    67d8cc70 f i FlatFieldDlg.obj
 0001:0000bc90       ??_GCFlatFieldDlg@@UAEPAXI@Z 67d8cc90 f i FlatFieldDlg.obj
 0001:0000bcc0       ??_ECFlatFieldDlg@@UAEPAXI@Z 67d8ccc0 f i FlatFieldDlg.obj
 0001:0000bd20       ??$_Pow_int@N@@YANNH@Z     67d8cd20 f i FlatFieldDlg.obj
 0001:0000bd60       ??0CFlatFieldDlg@@QAE@PAVCWnd@@PAVSapFlatField@@PAVSapTransfer@@PAVSapBuffer@@@Z 67d8cd60 f   FlatFieldDlg.obj
 0001:0000bf00       ?DoDataExchange@CFlatFieldDlg@@MAEXPAVCDataExchange@@@Z 67d8cf00 f   FlatFieldDlg.obj
 0001:0000c070       ?OnSelchangeCorrectionType@CFlatFieldDlg@@IAEXXZ 67d8d070 f   FlatFieldDlg.obj
 0001:0000c100       ?OnSelchangeVideoType@CFlatFieldDlg@@IAEXXZ 67d8d100 f   FlatFieldDlg.obj
 0001:0000c150       ?OnSelchangeCalibrationIndex@CFlatFieldDlg@@IAEXXZ 67d8d150 f   FlatFieldDlg.obj
 0001:0000c180       ?Snap@CFlatFieldDlg@@QAEHXZ 67d8d180 f   FlatFieldDlg.obj
 0001:0000c2c0       ?LogMessage@CFlatFieldDlg@@AAEXHV?$CStringT@DV?$StrTraitMFC_DLL@DV?$ChTraitsCRT@D@ATL@@@@@ATL@@@Z 67d8d2c0 f   FlatFieldDlg.obj
 0001:0000c420       ?OnSaveAndUpload@CFlatFieldDlg@@IAEXXZ 67d8d420 f   FlatFieldDlg.obj
 0001:0000c630       ??_ECFlatFieldDlg@@WJE@AEPAXI@Z 67d8d630 f i FlatFieldDlg.obj
 0001:0000c640       ?pow@@YANNH@Z              67d8d640 f i FlatFieldDlg.obj
 0001:0000c680       ?OnInitDialog@CFlatFieldDlg@@MAEHXZ 67d8d680 f   FlatFieldDlg.obj
 0001:0000d100       ?DarkImage@CFlatFieldDlg@@AAEXXZ 67d8e100 f   FlatFieldDlg.obj
 0001:0000d5d0       ?BrightImage@CFlatFieldDlg@@AAEXXZ 67d8e5d0 f   FlatFieldDlg.obj
 0001:0000de10       ?OnDarkImage@CFlatFieldDlg@@IAEXXZ 67d8ee10 f   FlatFieldDlg.obj
 0001:0000e310       ??_GSapBuffer@@UAEPAXI@Z   67d8f310 f i FlatFieldDlg.obj
 0001:0000e310       ??_ESapBuffer@@UAEPAXI@Z   67d8f310 f i FlatFieldDlg.obj
 0001:0000e340       ?OnBrightImage@CFlatFieldDlg@@IAEXXZ 67d8f340 f   FlatFieldDlg.obj
 0001:0000e7e0       ?GetThisMessageMap@CFlatFieldDlg@@KGPBUAFX_MSGMAP@@XZ 67d8f7e0 f   FlatFieldDlg.obj
 0001:0000e7f0       ?GetMessageMap@CFlatFieldDlg@@MBEPBUAFX_MSGMAP@@XZ 67d8f7f0 f   FlatFieldDlg.obj
 0001:0000e800       ?PreTranslateMessage@CGioBidirectionalDlg@@UAEHPAUtagMSG@@@Z 67d8f800 f   GioBidirectionalDlg.obj
 0001:0000e830       ?GioCallbackInfo@CGioBidirectionalDlg@@SAXPAVSapGioCallbackInfo@@@Z 67d8f830 f   GioBidirectionalDlg.obj
 0001:0000e8c0       ?Update@CGioBidirectionalDlg@@QAEHXZ 67d8f8c0 f   GioBidirectionalDlg.obj
 0001:0000ea60       ?ResetInterruptCount@CGioBidirectionalDlg@@IAEHXZ 67d8fa60 f   GioBidirectionalDlg.obj
 0001:0000eb50       ?OnBtReset@CGioBidirectionalDlg@@IAEXXZ 67d8fb50 f   GioBidirectionalDlg.obj
 0001:0000eb60       ??0CObject@@IAE@XZ         67d8fb60 f i GioBidirectionalDlg.obj
 0001:0000eb70       ??1CObject@@UAE@XZ         67d8fb70 f i GioBidirectionalDlg.obj
 0001:0000eb80       ?GetSafeHandle@CGdiObject@@QBEPAXXZ 67d8fb80 f i GioBidirectionalDlg.obj
 0001:0000eb90       ??0CGdiObject@@QAE@XZ      67d8fb90 f i GioBidirectionalDlg.obj
 0001:0000eba0       ??1CGdiObject@@UAE@XZ      67d8fba0 f i GioBidirectionalDlg.obj
 0001:0000ecc0       ??0CBrush@@QAE@XZ          67d8fcc0 f i GioBidirectionalDlg.obj
 0001:0000ecd0       ??1CBrush@@UAE@XZ          67d8fcd0 f i GioBidirectionalDlg.obj
 0001:0000ece0       ?MoveWindow@CWnd@@QAEXPBUtagRECT@@H@Z 67d8fce0 f i GioBidirectionalDlg.obj
 0001:0000ed10       ?GetClientRect@CWnd@@QBEXPAUtagRECT@@@Z 67d8fd10 f i GioBidirectionalDlg.obj
 0001:0000ed30       ?SetButtonStyle@CButton@@QAEXIH@Z 67d8fd30 f i GioBidirectionalDlg.obj
 0001:0000ee60       ??1CGioBidirectionalDlg@@UAE@XZ 67d8fe60 f i GioBidirectionalDlg.obj
 0001:0000eef0       ??_GCGioBidirectionalDlg@@UAEPAXI@Z 67d8fef0 f i GioBidirectionalDlg.obj
 0001:0000ef20       ??_ECGioBidirectionalDlg@@UAEPAXI@Z 67d8ff20 f i GioBidirectionalDlg.obj
 0001:0000ef80       ??0CGioBidirectionalDlg@@QAE@PAVCWnd@@IPAVSapGio@@@Z 67d8ff80 f   GioBidirectionalDlg.obj
 0001:0000f080       ?DoDataExchange@CGioBidirectionalDlg@@MAEXPAVCDataExchange@@@Z 67d90080 f   GioBidirectionalDlg.obj
 0001:0000f0d0       ?MoveWindow@CGioBidirectionalDlg@@QAEII@Z 67d900d0 f   GioBidirectionalDlg.obj
 0001:0000f140       ?Create@CGioBidirectionalDlg@@QAEHXZ 67d90140 f   GioBidirectionalDlg.obj
 0001:0000f160       ?ChangePinDirection@CGioBidirectionalDlg@@IAEXIH@Z 67d90160 f   GioBidirectionalDlg.obj
 0001:0000f220       ?OnSelchangeComboDir1@CGioBidirectionalDlg@@IAEXXZ 67d90220 f   GioBidirectionalDlg.obj
 0001:0000f250       ?OnSelchangeComboDir2@CGioBidirectionalDlg@@IAEXXZ 67d90250 f   GioBidirectionalDlg.obj
 0001:0000f280       ?OnSelchangeComboDir3@CGioBidirectionalDlg@@IAEXXZ 67d90280 f   GioBidirectionalDlg.obj
 0001:0000f2b0       ?OnSelchangeComboDir4@CGioBidirectionalDlg@@IAEXXZ 67d902b0 f   GioBidirectionalDlg.obj
 0001:0000f2e0       ?OnSelchangeComboDir5@CGioBidirectionalDlg@@IAEXXZ 67d902e0 f   GioBidirectionalDlg.obj
 0001:0000f310       ?OnSelchangeComboDir6@CGioBidirectionalDlg@@IAEXXZ 67d90310 f   GioBidirectionalDlg.obj
 0001:0000f340       ?OnSelchangeComboDir7@CGioBidirectionalDlg@@IAEXXZ 67d90340 f   GioBidirectionalDlg.obj
 0001:0000f370       ?OnSelchangeComboDir8@CGioBidirectionalDlg@@IAEXXZ 67d90370 f   GioBidirectionalDlg.obj
 0001:0000f3a0       ?OnSelchangeComboDir9@CGioBidirectionalDlg@@IAEXXZ 67d903a0 f   GioBidirectionalDlg.obj
 0001:0000f3d0       ?OnSelchangeComboDir10@CGioBidirectionalDlg@@IAEXXZ 67d903d0 f   GioBidirectionalDlg.obj
 0001:0000f400       ?OnSelchangeComboDir11@CGioBidirectionalDlg@@IAEXXZ 67d90400 f   GioBidirectionalDlg.obj
 0001:0000f430       ?OnSelchangeComboDir12@CGioBidirectionalDlg@@IAEXXZ 67d90430 f   GioBidirectionalDlg.obj
 0001:0000f460       ?OnEnableCallback@CGioBidirectionalDlg@@IAEXXZ 67d90460 f   GioBidirectionalDlg.obj
 0001:0000f610       ?OnSelchangeComboInputLevel@CGioBidirectionalDlg@@IAEXXZ 67d90610 f   GioBidirectionalDlg.obj
 0001:0000f660       ?OnCtlColor@CGioBidirectionalDlg@@IAEPAUHBRUSH__@@PAVCDC@@PAVCWnd@@I@Z 67d90660 f   GioBidirectionalDlg.obj
 0001:0000f6a0       ?ChangePinState@CGioBidirectionalDlg@@IAEXH@Z 67d906a0 f   GioBidirectionalDlg.obj
 0001:0000f7b0       ?OnPin1@CGioBidirectionalDlg@@IAEXXZ 67d907b0 f   GioBidirectionalDlg.obj
 0001:0000f7c0       ?OnPin2@CGioBidirectionalDlg@@IAEXXZ 67d907c0 f   GioBidirectionalDlg.obj
 0001:0000f7d0       ?OnPin3@CGioBidirectionalDlg@@IAEXXZ 67d907d0 f   GioBidirectionalDlg.obj
 0001:0000f7e0       ?OnPin4@CGioBidirectionalDlg@@IAEXXZ 67d907e0 f   GioBidirectionalDlg.obj
 0001:0000f7f0       ?OnPin5@CGioBidirectionalDlg@@IAEXXZ 67d907f0 f   GioBidirectionalDlg.obj
 0001:0000f800       ?OnPin6@CGioBidirectionalDlg@@IAEXXZ 67d90800 f   GioBidirectionalDlg.obj
 0001:0000f810       ?OnPin7@CGioBidirectionalDlg@@IAEXXZ 67d90810 f   GioBidirectionalDlg.obj
 0001:0000f820       ?OnPin8@CGioBidirectionalDlg@@IAEXXZ 67d90820 f   GioBidirectionalDlg.obj
 0001:0000f830       ?OnPin9@CGioBidirectionalDlg@@IAEXXZ 67d90830 f   GioBidirectionalDlg.obj
 0001:0000f840       ?OnPin10@CGioBidirectionalDlg@@IAEXXZ 67d90840 f   GioBidirectionalDlg.obj
 0001:0000f850       ?OnPin11@CGioBidirectionalDlg@@IAEXXZ 67d90850 f   GioBidirectionalDlg.obj
 0001:0000f860       ?OnPin12@CGioBidirectionalDlg@@IAEXXZ 67d90860 f   GioBidirectionalDlg.obj
 0001:0000f870       ??_GCGdiObject@@UAEPAXI@Z  67d90870 f i GioBidirectionalDlg.obj
 0001:0000f870       ??_ECGdiObject@@UAEPAXI@Z  67d90870 f i GioBidirectionalDlg.obj
 0001:0000f8a0       ??_ECBrush@@UAEPAXI@Z      67d908a0 f i GioBidirectionalDlg.obj
 0001:0000f8a0       ??_GCBrush@@UAEPAXI@Z      67d908a0 f i GioBidirectionalDlg.obj
 0001:0000f8d0       ?OnInitDialog@CGioBidirectionalDlg@@MAEHXZ 67d908d0 f   GioBidirectionalDlg.obj
 0001:00010130       ?OnSelchangeComboSignalEvent@CGioBidirectionalDlg@@IAEXXZ 67d91130 f   GioBidirectionalDlg.obj
 0001:00010160       ?GetThisMessageMap@CGioBidirectionalDlg@@KGPBUAFX_MSGMAP@@XZ 67d91160 f   GioBidirectionalDlg.obj
 0001:00010170       ?GetMessageMap@CGioBidirectionalDlg@@MBEPBUAFX_MSGMAP@@XZ 67d91170 f   GioBidirectionalDlg.obj
 0001:00010180       ?PreTranslateMessage@CGioInputDlg@@UAEHPAUtagMSG@@@Z 67d91180 f   GioInputDlg.obj
 0001:000101b0       ?GioCallbackInfo@CGioInputDlg@@SAXPAVSapGioCallbackInfo@@@Z 67d911b0 f   GioInputDlg.obj
 0001:00010240       ?Update@CGioInputDlg@@QAEHXZ 67d91240 f   GioInputDlg.obj
 0001:000103e0       ?ResetInterruptCount@CGioInputDlg@@IAEHXZ 67d913e0 f   GioInputDlg.obj
 0001:000104d0       ?OnBtReset@CGioInputDlg@@IAEXXZ 67d914d0 f   GioInputDlg.obj
 0001:000105f0       ??1CGioInputDlg@@UAE@XZ    67d915f0 f i GioInputDlg.obj
 0001:00010680       ??_GCGioInputDlg@@UAEPAXI@Z 67d91680 f i GioInputDlg.obj
 0001:000106b0       ??_ECGioInputDlg@@UAEPAXI@Z 67d916b0 f i GioInputDlg.obj
 0001:00010710       ??0CGioInputDlg@@QAE@PAVCWnd@@IPAVSapGio@@@Z 67d91710 f   GioInputDlg.obj
 0001:00010810       ?DoDataExchange@CGioInputDlg@@MAEXPAVCDataExchange@@@Z 67d91810 f   GioInputDlg.obj
 0001:00010860       ?MoveWindow@CGioInputDlg@@QAEII@Z 67d91860 f   GioInputDlg.obj
 0001:000108d0       ?Create@CGioInputDlg@@QAEHXZ 67d918d0 f   GioInputDlg.obj
 0001:000108f0       ?OnEnableCallback@CGioInputDlg@@IAEXXZ 67d918f0 f   GioInputDlg.obj
 0001:000109c0       ?OnSelchangeComboInputLevel@CGioInputDlg@@IAEXXZ 67d919c0 f   GioInputDlg.obj
 0001:00010a10       ?OnCtlColor@CGioInputDlg@@IAEPAUHBRUSH__@@PAVCDC@@PAVCWnd@@I@Z 67d91a10 f   GioInputDlg.obj
 0001:00010a50       ?OnInitDialog@CGioInputDlg@@MAEHXZ 67d91a50 f   GioInputDlg.obj
 0001:000111c0       ?OnSelchangeComboSignalEvent@CGioInputDlg@@IAEXXZ 67d921c0 f   GioInputDlg.obj
 0001:000111f0       ?GetThisMessageMap@CGioInputDlg@@KGPBUAFX_MSGMAP@@XZ 67d921f0 f   GioInputDlg.obj
 0001:00011200       ?GetMessageMap@CGioInputDlg@@MBEPBUAFX_MSGMAP@@XZ 67d92200 f   GioInputDlg.obj
 0001:00011210       ?PreTranslateMessage@CGioOutputDlg@@UAEHPAUtagMSG@@@Z 67d92210 f   GioOutputDlg.obj
 0001:00011240       ?UpdateIO@CGioOutputDlg@@IAEXXZ 67d92240 f   GioOutputDlg.obj
 0001:00011370       ?RedrawWindow@CWnd@@QAEHPBUtagRECT@@PAVCRgn@@I@Z 67d92370 f i GioOutputDlg.obj
 0001:000114b0       ??1CGioOutputDlg@@UAE@XZ   67d924b0 f i GioOutputDlg.obj
 0001:00011560       ??_GCGioOutputDlg@@UAEPAXI@Z 67d92560 f i GioOutputDlg.obj
 0001:00011590       ??_ECGioOutputDlg@@UAEPAXI@Z 67d92590 f i GioOutputDlg.obj
 0001:000115f0       ??0CGioOutputDlg@@QAE@PAVCWnd@@IPAVSapGio@@@Z 67d925f0 f   GioOutputDlg.obj
 0001:00011720       ?DoDataExchange@CGioOutputDlg@@MAEXPAVCDataExchange@@@Z 67d92720 f   GioOutputDlg.obj
 0001:00011780       ?MoveWindow@CGioOutputDlg@@QAEII@Z 67d92780 f   GioOutputDlg.obj
 0001:000117f0       ?Update@CGioOutputDlg@@QAEHXZ 67d927f0 f   GioOutputDlg.obj
 0001:00011970       ?Create@CGioOutputDlg@@QAEHXZ 67d92970 f   GioOutputDlg.obj
 0001:00011990       ?InitComboOutputState@CGioOutputDlg@@QAEXXZ 67d92990 f   GioOutputDlg.obj
 0001:00011af0       ?OnSelchangeComboOutputState@CGioOutputDlg@@IAEXXZ 67d92af0 f   GioOutputDlg.obj
 0001:00011b00       ?OnCtlColor@CGioOutputDlg@@IAEPAUHBRUSH__@@PAVCDC@@PAVCWnd@@I@Z 67d92b00 f   GioOutputDlg.obj
 0001:00011b40       ?ChangePinState@CGioOutputDlg@@QAEXPAVCButton@@@Z 67d92b40 f   GioOutputDlg.obj
 0001:00011c20       ?OnPin1@CGioOutputDlg@@IAEXXZ 67d92c20 f   GioOutputDlg.obj
 0001:00011c40       ?OnPin2@CGioOutputDlg@@IAEXXZ 67d92c40 f   GioOutputDlg.obj
 0001:00011c60       ?OnPin3@CGioOutputDlg@@IAEXXZ 67d92c60 f   GioOutputDlg.obj
 0001:00011c80       ?OnPin4@CGioOutputDlg@@IAEXXZ 67d92c80 f   GioOutputDlg.obj
 0001:00011ca0       ?OnPin5@CGioOutputDlg@@IAEXXZ 67d92ca0 f   GioOutputDlg.obj
 0001:00011cc0       ?OnPin6@CGioOutputDlg@@IAEXXZ 67d92cc0 f   GioOutputDlg.obj
 0001:00011ce0       ?OnPin7@CGioOutputDlg@@IAEXXZ 67d92ce0 f   GioOutputDlg.obj
 0001:00011d00       ?OnPin8@CGioOutputDlg@@IAEXXZ 67d92d00 f   GioOutputDlg.obj
 0001:00011d20       ?OnPin9@CGioOutputDlg@@IAEXXZ 67d92d20 f   GioOutputDlg.obj
 0001:00011d40       ?OnPin10@CGioOutputDlg@@IAEXXZ 67d92d40 f   GioOutputDlg.obj
 0001:00011d60       ?OnPin11@CGioOutputDlg@@IAEXXZ 67d92d60 f   GioOutputDlg.obj
 0001:00011d80       ?OnPin12@CGioOutputDlg@@IAEXXZ 67d92d80 f   GioOutputDlg.obj
 0001:00011da0       ?GetThisMessageMap@CGioOutputDlg@@KGPBUAFX_MSGMAP@@XZ 67d92da0 f   GioOutputDlg.obj
 0001:00011db0       ?InitOutputDlg@CGioOutputDlg@@QAEHXZ 67d92db0 f   GioOutputDlg.obj
 0001:00011ec0       ?GetMessageMap@CGioOutputDlg@@MBEPBUAFX_MSGMAP@@XZ 67d92ec0 f   GioOutputDlg.obj
 0001:00011ed0       ?OnInitDialog@CGioOutputDlg@@MAEHXZ 67d92ed0 f   GioOutputDlg.obj
 0001:00012600       ?OnMove@CImageWnd@@QAEXXZ  67d93600 f   ImageWnd.obj
 0001:00012630       ?OnPaint@CImageWnd@@QAEXXZ 67d93630 f   ImageWnd.obj
 0001:00012660       ?GetSelectedRoi@CImageWnd@@QAE?AVCRect@@XZ 67d93660 f   ImageWnd.obj
 0001:00012690       ?AdjustRect@CSapRectTracker@@UAEXHPAUtagRECT@@@Z 67d93690 f   ImageWnd.obj
 0001:000126f0       ?SetLimitRect@CSapRectTracker@@QAEXPAVCRect@@@Z 67d936f0 f   ImageWnd.obj
 0001:00012720       ??HATL@@YA?AV?$CStringT@DV?$StrTraitMFC_DLL@DV?$ChTraitsCRT@D@ATL@@@@@0@PBDABV10@@Z 67d93720 f i ImageWnd.obj
 0001:000127b0       ??0CSize@@QAE@XZ           67d937b0 f i ImageWnd.obj
 0001:000127c0       ??0CSize@@QAE@HH@Z         67d937c0 f i ImageWnd.obj
 0001:000127e0       ??0CPoint@@QAE@XZ          67d937e0 f i ImageWnd.obj
 0001:000127f0       ??0CPoint@@QAE@HH@Z        67d937f0 f i ImageWnd.obj
 0001:00012810       ??0CPoint@@QAE@UtagSIZE@@@Z 67d93810 f i ImageWnd.obj
 0001:00012830       ??GCPoint@@QBE?AVCSize@@UtagPOINT@@@Z 67d93830 f i ImageWnd.obj
 0001:00012850       ??0CRect@@QAE@HHHH@Z       67d93850 f i ImageWnd.obj
 0001:00012870       ?TopLeft@CRect@@QAEAAVCPoint@@XZ 67d93870 f i ImageWnd.obj
 0001:00012880       ?BottomRight@CRect@@QAEAAVCPoint@@XZ 67d93880 f i ImageWnd.obj
 0001:00012890       ??BCRect@@QAEPAUtagRECT@@XZ 67d93890 f i ImageWnd.obj
 0001:000128a0       ?PtInRect@CRect@@QBEHUtagPOINT@@@Z 67d938a0 f i ImageWnd.obj
 0001:000128c0       ?NormalizeRect@CRect@@QAEXXZ 67d938c0 f i ImageWnd.obj
 0001:000128e0       ??0CRgn@@QAE@XZ            67d938e0 f i ImageWnd.obj
 0001:000128f0       ??1CRgn@@UAE@XZ            67d938f0 f i ImageWnd.obj
 0001:00012900       ?CreateRectRgnIndirect@CRgn@@QAEHPBUtagRECT@@@Z 67d93900 f i ImageWnd.obj
 0001:00012920       ?GetBkColor@CDC@@QBEKXZ    67d93920 f i ImageWnd.obj
 0001:00012930       ?ScreenToClient@CWnd@@QBEXPAUtagPOINT@@@Z 67d93930 f i ImageWnd.obj
 0001:00012950       ?InvalidateRect@CWnd@@QAEXPBUtagRECT@@H@Z 67d93950 f i ImageWnd.obj
 0001:00012970       ?ShowScrollBar@CScrollBar@@QAEXH@Z 67d93970 f i ImageWnd.obj
 0001:00012990       ?SetScrollInfo@CScrollBar@@QAEHPAUtagSCROLLINFO@@H@Z 67d93990 f i ImageWnd.obj
 0001:000129b0       ?GetScrollInfo@CScrollBar@@QAEHPAUtagSCROLLINFO@@I@Z 67d939b0 f i ImageWnd.obj
 0001:000129d0       ??0CRectTracker@@QAE@XZ    67d939d0 f i ImageWnd.obj
 0001:00012a10       ??_GCRectTracker@@UAEPAXI@Z 67d93a10 f i ImageWnd.obj
 0001:00012a10       ??_ECRectTracker@@UAEPAXI@Z 67d93a10 f i ImageWnd.obj
 0001:00012a40       ??1CSapRectTracker@@UAE@XZ 67d93a40 f i ImageWnd.obj
 0001:00012a50       ??0CSapRectTracker@@QAE@XZ 67d93a50 f i ImageWnd.obj
 0001:00012aa0       ??_ECSapRectTracker@@UAEPAXI@Z 67d93aa0 f i ImageWnd.obj
 0001:00012aa0       ??_GCSapRectTracker@@UAEPAXI@Z 67d93aa0 f i ImageWnd.obj
 0001:00012ad0       ??1CImageWnd@@UAE@XZ       67d93ad0 f   ImageWnd.obj
 0001:00012ae0       ?GetScrollInfo@CImageWnd@@IAEHHPAUtagSCROLLINFO@@@Z 67d93ae0 f   ImageWnd.obj
 0001:00012b60       ?SetScrollInfo@CImageWnd@@IAEHHPAUtagSCROLLINFO@@H@Z 67d93b60 f   ImageWnd.obj
 0001:00012bd0       ?IsPointInside@CImageWnd@@QAEHVCPoint@@@Z 67d93bd0 f   ImageWnd.obj
 0001:00012bf0       ?UpdateClientArea@CImageWnd@@QAEXK@Z 67d93bf0 f   ImageWnd.obj
 0001:00012d00       ?UpdateClientArea@CImageWnd@@QAEXXZ 67d93d00 f   ImageWnd.obj
 0001:00012d50       ?Invalidate@CImageWnd@@QAEXH@Z 67d93d50 f   ImageWnd.obj
 0001:00012d70       ?HideRoiTracker@CImageWnd@@QAEXXZ 67d93d70 f   ImageWnd.obj
 0001:00012db0       ?ValidateRoi@CImageWnd@@IAE?AVCRect@@V2@@Z 67d93db0 f   ImageWnd.obj
 0001:00012e60       ?OnSetCursor@CImageWnd@@QAEHI@Z 67d93e60 f   ImageWnd.obj
 0001:00012f30       ??_GCRgn@@UAEPAXI@Z        67d93f30 f i ImageWnd.obj
 0001:00012f30       ??_ECRgn@@UAEPAXI@Z        67d93f30 f i ImageWnd.obj
 0001:00012f60       ??_ECImageWnd@@UAEPAXI@Z   67d93f60 f i ImageWnd.obj
 0001:00012fc0       ?GetScrollPos@CImageWnd@@IAEHH@Z 67d93fc0 f   ImageWnd.obj
 0001:00013020       ?GetScrollRange@CImageWnd@@IAEXHPAH0@Z 67d94020 f   ImageWnd.obj
 0001:00013090       ?SetScrollPos@CImageWnd@@IAEHHHH@Z 67d94090 f   ImageWnd.obj
 0001:00013110       ?TranslatePos@CImageWnd@@QAE?AVCPoint@@V2@@Z 67d94110 f   ImageWnd.obj
 0001:00013250       ?UntranslatePos@CImageWnd@@QAE?AVCPoint@@V2@@Z 67d94250 f   ImageWnd.obj
 0001:00013360       ?DisplayRoiTracker@CImageWnd@@QAEXXZ 67d94360 f   ImageWnd.obj
 0001:00013470       ?UpdateRectTracker@CImageWnd@@IAEXXZ 67d94470 f   ImageWnd.obj
 0001:000134d0       ?SelectRoi@CImageWnd@@QAEXVCRect@@@Z 67d944d0 f   ImageWnd.obj
 0001:00013540       ?OnLButtonDown@CImageWnd@@QAEHVCPoint@@@Z 67d94540 f   ImageWnd.obj
 0001:00013640       ?TranslateMousePos@CImageWnd@@QAE?AVCPoint@@V2@@Z 67d94640 f   ImageWnd.obj
 0001:00013690       ?UpdateScrollBars@CImageWnd@@IAEXXZ 67d94690 f   ImageWnd.obj
 0001:000138d0       ?OnHScroll@CImageWnd@@QAEXII@Z 67d948d0 f   ImageWnd.obj
 0001:000139b0       ?OnVScroll@CImageWnd@@QAEXII@Z 67d949b0 f   ImageWnd.obj
 0001:00013a90       ?GetPixelString@CImageWnd@@QAE?AV?$CStringT@DV?$StrTraitMFC_DLL@DV?$ChTraitsCRT@D@ATL@@@@@ATL@@VCPoint@@@Z 67d94a90 f   ImageWnd.obj
 0001:00014240       ?OnSize@CImageWnd@@QAEXH@Z 67d95240 f   ImageWnd.obj
 0001:00014540       ??0CImageWnd@@QAE@PAVSapView@@PAVCWnd@@PAVCScrollBar@@21@Z 67d95540 f   ImageWnd.obj
 0001:00014660       ??0CImageWnd@@QAE@PAVSapView@@PAVCWnd@@@Z 67d95660 f   ImageWnd.obj
 0001:00014760       ?OnFinalRelease@CJpegFileDlg@@UAEXXZ 67d95760 f   JpegFileDlg.obj
 0001:00014770       ?GetThisDispatchMap@CJpegFileDlg@@KGPBUAFX_DISPMAP@@XZ 67d95770 f   JpegFileDlg.obj
 0001:00014780       ?GetDispatchMap@CJpegFileDlg@@MBEPBUAFX_DISPMAP@@XZ 67d95780 f   JpegFileDlg.obj
 0001:00014790       ?GetThisInterfaceMap@CJpegFileDlg@@KGPBUAFX_INTERFACEMAP@@XZ 67d95790 f   JpegFileDlg.obj
 0001:000147a0       ?GetInterfaceMap@CJpegFileDlg@@MBEPBUAFX_INTERFACEMAP@@XZ 67d957a0 f   JpegFileDlg.obj
 0001:000147b0       ?OnVScroll@CJpegFileDlg@@IAEXIIPAVCScrollBar@@@Z 67d957b0 f   JpegFileDlg.obj
 0001:00014860       ?OnOK@CJpegFileDlg@@MAEXXZ 67d95860 f   JpegFileDlg.obj
 0001:00014890       ?OnUpdateJpgEditQuality@CJpegFileDlg@@IAEXXZ 67d95890 f   JpegFileDlg.obj
 0001:000148a0       ??0CJpegFileDlg@@QAE@PAVCWnd@@H@Z 67d958a0 f   JpegFileDlg.obj
 0001:00014930       ??1CJpegFileDlg@@UAE@XZ    67d95930 f i JpegFileDlg.obj
 0001:00014940       ??_ECJpegFileDlg@@UAEPAXI@Z 67d95940 f i JpegFileDlg.obj
 0001:00014940       ??_GCJpegFileDlg@@UAEPAXI@Z 67d95940 f i JpegFileDlg.obj
 0001:00014970       ?DoDataExchange@CJpegFileDlg@@MAEXPAVCDataExchange@@@Z 67d95970 f   JpegFileDlg.obj
 0001:000149a0       ?GetThisMessageMap@CJpegFileDlg@@KGPBUAFX_MSGMAP@@XZ 67d959a0 f   JpegFileDlg.obj
 0001:000149b0       ?GetMessageMap@CJpegFileDlg@@MBEPBUAFX_MSGMAP@@XZ 67d959b0 f   JpegFileDlg.obj
 0001:000149c0       ?GetRawFileWidth@CRawFileDlg@@QAEHXZ 67d959c0 f i LoadSaveDlg.obj
 0001:000149d0       ?GetRawFileHeight@CRawFileDlg@@QAEHXZ 67d959d0 f i LoadSaveDlg.obj
 0001:000149e0       ?GetRawFileOffset@CRawFileDlg@@QAEHXZ 67d959e0 f i LoadSaveDlg.obj
 0001:000149f0       ?GetRawFileFormat@CRawFileDlg@@QAEHXZ 67d959f0 f i LoadSaveDlg.obj
 0001:00014a00       ?GetJpegFileQuality@CJpegFileDlg@@QAEHXZ 67d95a00 f i LoadSaveDlg.obj
 0001:00014a10       ?GetFirstFrame@CAviFileDlg@@QAEHXZ 67d95a10 f i LoadSaveDlg.obj
 0001:00014a20       ?GetCompressionLevel@CTiffFileDlg@@QAEHXZ 67d95a20 f i LoadSaveDlg.obj
 0001:00014a30       ?GetCompressionType@CTiffFileDlg@@QAEHXZ 67d95a30 f i LoadSaveDlg.obj
 0001:00014a40       ?_GetBaseClass@CLoadSaveDlg@@KGPAUCRuntimeClass@@XZ 67d95a40 f   LoadSaveDlg.obj
 0001:00014a50       ?GetThisClass@CLoadSaveDlg@@SGPAUCRuntimeClass@@XZ 67d95a50 f   LoadSaveDlg.obj
 0001:00014a60       ?GetRuntimeClass@CLoadSaveDlg@@UBEPAUCRuntimeClass@@XZ 67d95a60 f   LoadSaveDlg.obj
 0001:00014a70       ?SaveSettings@CLoadSaveDlg@@IAEXXZ 67d95a70 f   LoadSaveDlg.obj
 0001:00014b20       ??1CTiffFileDlg@@UAE@XZ    67d95b20 f i LoadSaveDlg.obj
 0001:00014b30       ??1CRawFileDlg@@UAE@XZ     67d95b30 f i LoadSaveDlg.obj
 0001:00014b90       ?SetFilterIndex@CLoadSaveDlg@@IAEXXZ 67d95b90 f   LoadSaveDlg.obj
 0001:00014bf0       ?GetThisMessageMap@CLoadSaveDlg@@KGPBUAFX_MSGMAP@@XZ 67d95bf0 f   LoadSaveDlg.obj
 0001:00014c00       ?GetForegroundWindow@CWnd@@SGPAV1@XZ 67d95c00 f i LoadSaveDlg.obj
 0001:00014c80       ??_GCLoadSaveDlg@@UAEPAXI@Z 67d95c80 f i LoadSaveDlg.obj
 0001:00014cb0       ??_ECLoadSaveDlg@@UAEPAXI@Z 67d95cb0 f i LoadSaveDlg.obj
 0001:00014d20       ?AddTiffOptions@CLoadSaveDlg@@IAEHXZ 67d95d20 f   LoadSaveDlg.obj
 0001:00014ea0       ?AddRawOptions@CLoadSaveDlg@@IAEHXZ 67d95ea0 f   LoadSaveDlg.obj
 0001:00015060       ?AddJpegOptions@CLoadSaveDlg@@IAEHXZ 67d96060 f   LoadSaveDlg.obj
 0001:00015160       ?AddAviOptions@CLoadSaveDlg@@IAEHXZ 67d96160 f   LoadSaveDlg.obj
 0001:00015210       ?OnTypeChange@CLoadSaveDlg@@MAEXXZ 67d96210 f   LoadSaveDlg.obj
 0001:000152b0       ?GetMessageMap@CLoadSaveDlg@@MBEPBUAFX_MSGMAP@@XZ 67d962b0 f   LoadSaveDlg.obj
 0001:000152c0       ?LoadSettings@CLoadSaveDlg@@IAEXXZ 67d962c0 f   LoadSaveDlg.obj
 0001:00015390       ?SetOptions@CLoadSaveDlg@@IAEHXZ 67d96390 f   LoadSaveDlg.obj
 0001:000154a0       ??0CLoadSaveDlg@@QAE@PAVCWnd@@PAVSapBuffer@@HH@Z 67d964a0 f   LoadSaveDlg.obj
 0001:00015580       ?UpdateBuffer@CLoadSaveDlg@@IAEHXZ 67d96580 f   LoadSaveDlg.obj
 0001:00015860       ?DoModal@CLoadSaveDlg@@UAEHXZ 67d96860 f   LoadSaveDlg.obj
 0001:000158e0       ?UpdateWindow@CLScanDlg@@IAEXXZ 67d968e0 f   LScanDlg.obj
 0001:00015b90       ?OnLineIntegrate@CLScanDlg@@IAEXXZ 67d96b90 f   LScanDlg.obj
 0001:00015c10       ??1CLScanDlg@@UAE@XZ       67d96c10 f i LScanDlg.obj
 0001:00015c90       ??_GCLScanDlg@@UAEPAXI@Z   67d96c90 f i LScanDlg.obj
 0001:00015d20       ??_ECLScanDlg@@UAEPAXI@Z   67d96d20 f i LScanDlg.obj
 0001:00015e00       ??0CLScanDlg@@QAE@PAVCWnd@@PAVSapAcquisition@@@Z 67d96e00 f   LScanDlg.obj
 0001:00015ef0       ?DoDataExchange@CLScanDlg@@MAEXPAVCDataExchange@@@Z 67d96ef0 f   LScanDlg.obj
 0001:00015fc0       ?OnInitDialog@CLScanDlg@@MAEHXZ 67d96fc0 f   LScanDlg.obj
 0001:00016880       ?OnExternalFrameTriggerEnable@CLScanDlg@@IAEXXZ 67d97880 f   LScanDlg.obj
 0001:00016910       ?OnExternalLineTriggerEnable@CLScanDlg@@IAEXXZ 67d97910 f   LScanDlg.obj
 0001:000169c0       ?OnInternalLineTriggerEnable@CLScanDlg@@IAEXXZ 67d979c0 f   LScanDlg.obj
 0001:00016a30       ?OnLineIntegrateEnable@CLScanDlg@@IAEXXZ 67d97a30 f   LScanDlg.obj
 0001:00016a80       ?OnShaftEncoderEnable@CLScanDlg@@IAEXXZ 67d97a80 f   LScanDlg.obj
 0001:00016ae0       ??_ECLScanDlg@@WJE@AEPAXI@Z 67d97ae0 f i LScanDlg.obj
 0001:00016af0       ?VerifyLineIntegrateDuration@CLScanDlg@@IAEXXZ 67d97af0 f   LScanDlg.obj
 0001:00016be0       ?OnOK@CLScanDlg@@MAEXXZ    67d97be0 f   LScanDlg.obj
 0001:00017090       ?OnKillfocusEditLineIntegration@CLScanDlg@@IAEXXZ 67d98090 f   LScanDlg.obj
 0001:000170b0       ?OnVScroll@CLScanDlg@@IAEXIIPAVCScrollBar@@@Z 67d980b0 f   LScanDlg.obj
 0001:000171a0       ?GetThisMessageMap@CLScanDlg@@KGPBUAFX_MSGMAP@@XZ 67d981a0 f   LScanDlg.obj
 0001:000171b0       ?GetMessageMap@CLScanDlg@@MBEPBUAFX_MSGMAP@@XZ 67d981b0 f   LScanDlg.obj
 0001:000171c0       ??0CPixProAbsSubDlg@@QAE@PAVCWnd@@PAUCORPPL_FCT_PROP@@PAVSapPixProParams@@@Z 67d981c0 f   PixProAbsSubDlg.obj
 0001:00017230       ??1CPixProAbsSubDlg@@UAE@XZ 67d98230 f i PixProAbsSubDlg.obj
 0001:00017240       ?OnPixproSdramBank0@CPixProAbsSubDlg@@IAEXXZ 67d98240 f   PixProAbsSubDlg.obj
 0001:00017250       ?OnPixproSdramBank1@CPixProAbsSubDlg@@IAEXXZ 67d98250 f   PixProAbsSubDlg.obj
 0001:00017260       ?OnPixproAbsSub@CPixProAbsSubDlg@@IAEXXZ 67d98260 f   PixProAbsSubDlg.obj
 0001:00017270       ?OnPixproRefImage@CPixProAbsSubDlg@@IAEXXZ 67d98270 f   PixProAbsSubDlg.obj
 0001:00017280       ?OnOK@CPixProAbsSubDlg@@MAEXXZ 67d98280 f   PixProAbsSubDlg.obj
 0001:000172b0       ??_GCPixProAbsSubDlg@@UAEPAXI@Z 67d982b0 f i PixProAbsSubDlg.obj
 0001:000172b0       ??_ECPixProAbsSubDlg@@UAEPAXI@Z 67d982b0 f i PixProAbsSubDlg.obj
 0001:000172e0       ?DoDataExchange@CPixProAbsSubDlg@@MAEXPAVCDataExchange@@@Z 67d982e0 f   PixProAbsSubDlg.obj
 0001:000172f0       ?GetThisMessageMap@CPixProAbsSubDlg@@KGPBUAFX_MSGMAP@@XZ 67d982f0 f   PixProAbsSubDlg.obj
 0001:00017300       ?OnInitDialog@CPixProAbsSubDlg@@MAEHXZ 67d98300 f   PixProAbsSubDlg.obj
 0001:000173b0       ?GetMessageMap@CPixProAbsSubDlg@@MBEPBUAFX_MSGMAP@@XZ 67d983b0 f   PixProAbsSubDlg.obj
 0001:000173c0       ?LoadSettings@CPixProDlg@@IAEXXZ 67d983c0 f   PixProDlg.obj
 0001:00017500       ?SaveSettings@CPixProDlg@@IAEXXZ 67d98500 f   PixProDlg.obj
 0001:00017600       ??1CPixProRefImageDlg@@UAE@XZ 67d98600 f i PixProDlg.obj
 0001:00017610       ??1CPixProUflowSubDlg@@UAE@XZ 67d98610 f i PixProDlg.obj
 0001:00017620       ??1CPixProWAvgDlg@@UAE@XZ  67d98620 f i PixProDlg.obj
 0001:00017680       ??1CPixProIntScaleDlg@@UAE@XZ 67d98680 f i PixProDlg.obj
 0001:000176e0       ?UpdateBoxAvailability@CPixProDlg@@IAEXXZ 67d986e0 f   PixProDlg.obj
 0001:00017760       ?OnSelchangeFunction@CPixProDlg@@IAEXXZ 67d98760 f   PixProDlg.obj
 0001:000178e0       ??1CPixProDlg@@UAE@XZ      67d988e0 f i PixProDlg.obj
 0001:00017980       ??_GCPixProDlg@@UAEPAXI@Z  67d98980 f i PixProDlg.obj
 0001:000179b0       ??_ECPixProDlg@@UAEPAXI@Z  67d989b0 f i PixProDlg.obj
 0001:00017a10       ??0CPixProDlg@@QAE@PAVCWnd@@PAVSapPixPro@@PAVSapXferNode@@@Z 67d98a10 f   PixProDlg.obj
 0001:00017bf0       ?DoDataExchange@CPixProDlg@@MAEXPAVCDataExchange@@@Z 67d98bf0 f   PixProDlg.obj
 0001:00017c70       ?FillFunctionCombo@CPixProDlg@@IAEXXZ 67d98c70 f   PixProDlg.obj
 0001:00017f70       ?SetDirectories@CPixProDlg@@IAEXXZ 67d98f70 f   PixProDlg.obj
 0001:00018150       ?OnOK@CPixProDlg@@MAEXXZ   67d99150 f   PixProDlg.obj
 0001:00018420       ?UpdateCurrentDir@CPixProDlg@@IAEXPAD@Z 67d99420 f   PixProDlg.obj
 0001:000184c0       ?UpdateNames@CPixProDlg@@IAEXXZ 67d994c0 f   PixProDlg.obj
 0001:00018730       ?OnSelchangeCombo@CPixProDlg@@IAEXXZ 67d99730 f   PixProDlg.obj
 0001:000187a0       ?OnInitDialog@CPixProDlg@@MAEHXZ 67d997a0 f   PixProDlg.obj
 0001:000187d0       ?OnBrowse@CPixProDlg@@IAEXXZ 67d997d0 f   PixProDlg.obj
 0001:00018890       ?OnKillfocusEditPath@CPixProDlg@@IAEXXZ 67d99890 f   PixProDlg.obj
 0001:000188e0       ?GetThisMessageMap@CPixProDlg@@KGPBUAFX_MSGMAP@@XZ 67d998e0 f   PixProDlg.obj
 0001:000188f0       ?GetMessageMap@CPixProDlg@@MBEPBUAFX_MSGMAP@@XZ 67d998f0 f   PixProDlg.obj
 0001:00018900       ?OnPixproSdramBank0@CPixProIntScaleDlg@@IAEXXZ 67d99900 f   PixProIntScaleDlg.obj
 0001:00018910       ?OnPixproSdramBank1@CPixProIntScaleDlg@@IAEXXZ 67d99910 f   PixProIntScaleDlg.obj
 0001:00018920       ?OnOK@CPixProIntScaleDlg@@MAEXXZ 67d99920 f   PixProIntScaleDlg.obj
 0001:00018970       ??0CPixProIntScaleDlg@@QAE@PAVCWnd@@PAUCORPPL_FCT_PROP@@PAVSapPixProParams@@@Z 67d99970 f   PixProIntScaleDlg.obj
 0001:00018a30       ??_GCPixProIntScaleDlg@@UAEPAXI@Z 67d99a30 f i PixProIntScaleDlg.obj
 0001:00018a30       ??_ECPixProIntScaleDlg@@UAEPAXI@Z 67d99a30 f i PixProIntScaleDlg.obj
 0001:00018aa0       ?DoDataExchange@CPixProIntScaleDlg@@MAEXPAVCDataExchange@@@Z 67d99aa0 f   PixProIntScaleDlg.obj
 0001:00018ae0       ?OnSelchangeCount@CPixProIntScaleDlg@@IAEXXZ 67d99ae0 f   PixProIntScaleDlg.obj
 0001:00018b20       ?GetThisMessageMap@CPixProIntScaleDlg@@KGPBUAFX_MSGMAP@@XZ 67d99b20 f   PixProIntScaleDlg.obj
 0001:00018b30       ?OnInitDialog@CPixProIntScaleDlg@@MAEHXZ 67d99b30 f   PixProIntScaleDlg.obj
 0001:00018c30       ?GetMessageMap@CPixProIntScaleDlg@@MBEPBUAFX_MSGMAP@@XZ 67d99c30 f   PixProIntScaleDlg.obj
 0001:00018c40       ??0CPixProRefImageDlg@@QAE@PAVCWnd@@PAUCORPPL_FCT_PROP@@PAVSapPixProParams@@@Z 67d99c40 f   PixProRefImageDlg.obj
 0001:00018ca0       ?OnPixproSdramBank0@CPixProRefImageDlg@@IAEXXZ 67d99ca0 f   PixProRefImageDlg.obj
 0001:00018cb0       ?OnPixproSdramBank1@CPixProRefImageDlg@@IAEXXZ 67d99cb0 f   PixProRefImageDlg.obj
 0001:00018cc0       ?OnOK@CPixProRefImageDlg@@MAEXXZ 67d99cc0 f   PixProRefImageDlg.obj
 0001:00018ce0       ??_ECPixProRefImageDlg@@UAEPAXI@Z 67d99ce0 f i PixProRefImageDlg.obj
 0001:00018ce0       ??_GCPixProRefImageDlg@@UAEPAXI@Z 67d99ce0 f i PixProRefImageDlg.obj
 0001:00018d10       ?DoDataExchange@CPixProRefImageDlg@@MAEXPAVCDataExchange@@@Z 67d99d10 f   PixProRefImageDlg.obj
 0001:00018d20       ?GetThisMessageMap@CPixProRefImageDlg@@KGPBUAFX_MSGMAP@@XZ 67d99d20 f   PixProRefImageDlg.obj
 0001:00018d30       ?OnInitDialog@CPixProRefImageDlg@@MAEHXZ 67d99d30 f   PixProRefImageDlg.obj
 0001:00018dd0       ?GetMessageMap@CPixProRefImageDlg@@MBEPBUAFX_MSGMAP@@XZ 67d99dd0 f   PixProRefImageDlg.obj
 0001:00018de0       ??0CPixProUflowSubDlg@@QAE@PAVCWnd@@PAUCORPPL_FCT_PROP@@PAVSapPixProParams@@@Z 67d99de0 f   PixProUflowSubDlg.obj
 0001:00018e50       ?OnPixproSdramBank0@CPixProUflowSubDlg@@IAEXXZ 67d99e50 f   PixProUflowSubDlg.obj
 0001:00018e60       ?OnPixproSdramBank1@CPixProUflowSubDlg@@IAEXXZ 67d99e60 f   PixProUflowSubDlg.obj
 0001:00018e70       ?OnPixproUflowSub@CPixProUflowSubDlg@@IAEXXZ 67d99e70 f   PixProUflowSubDlg.obj
 0001:00018e80       ?OnPixproRefImage@CPixProUflowSubDlg@@IAEXXZ 67d99e80 f   PixProUflowSubDlg.obj
 0001:00018e90       ?OnOK@CPixProUflowSubDlg@@MAEXXZ 67d99e90 f   PixProUflowSubDlg.obj
 0001:00018ec0       ??_ECPixProUflowSubDlg@@UAEPAXI@Z 67d99ec0 f i PixProUflowSubDlg.obj
 0001:00018ec0       ??_GCPixProUflowSubDlg@@UAEPAXI@Z 67d99ec0 f i PixProUflowSubDlg.obj
 0001:00018ef0       ?DoDataExchange@CPixProUflowSubDlg@@MAEXPAVCDataExchange@@@Z 67d99ef0 f   PixProUflowSubDlg.obj
 0001:00018f00       ?GetThisMessageMap@CPixProUflowSubDlg@@KGPBUAFX_MSGMAP@@XZ 67d99f00 f   PixProUflowSubDlg.obj
 0001:00018f10       ?OnInitDialog@CPixProUflowSubDlg@@MAEHXZ 67d99f10 f   PixProUflowSubDlg.obj
 0001:00018fc0       ?GetMessageMap@CPixProUflowSubDlg@@MBEPBUAFX_MSGMAP@@XZ 67d99fc0 f   PixProUflowSubDlg.obj
 0001:00018fd0       ?OnPixproSdramBank0@CPixProWAvgDlg@@IAEXXZ 67d99fd0 f   PixProWAvgDlg.obj
 0001:00018fe0       ?OnPixproSdramBank1@CPixProWAvgDlg@@IAEXXZ 67d99fe0 f   PixProWAvgDlg.obj
 0001:00018ff0       ?OnPixproWeightedAvg@CPixProWAvgDlg@@IAEXXZ 67d99ff0 f   PixProWAvgDlg.obj
 0001:00019000       ?OnPixproRefImage@CPixProWAvgDlg@@IAEXXZ 67d9a000 f   PixProWAvgDlg.obj
 0001:00019010       ?OnOK@CPixProWAvgDlg@@MAEXXZ 67d9a010 f   PixProWAvgDlg.obj
 0001:00019060       ??0CPixProWAvgDlg@@QAE@PAVCWnd@@PAUCORPPL_FCT_PROP@@PAVSapPixProParams@@@Z 67d9a060 f   PixProWAvgDlg.obj
 0001:00019120       ??_ECPixProWAvgDlg@@UAEPAXI@Z 67d9a120 f i PixProWAvgDlg.obj
 0001:00019120       ??_GCPixProWAvgDlg@@UAEPAXI@Z 67d9a120 f i PixProWAvgDlg.obj
 0001:00019190       ?DoDataExchange@CPixProWAvgDlg@@MAEXPAVCDataExchange@@@Z 67d9a190 f   PixProWAvgDlg.obj
 0001:000191b0       ?OnSelchangeFactor@CPixProWAvgDlg@@IAEXXZ 67d9a1b0 f   PixProWAvgDlg.obj
 0001:000191f0       ?GetThisMessageMap@CPixProWAvgDlg@@KGPBUAFX_MSGMAP@@XZ 67d9a1f0 f   PixProWAvgDlg.obj
 0001:00019200       ?OnInitDialog@CPixProWAvgDlg@@MAEHXZ 67d9a200 f   PixProWAvgDlg.obj
 0001:00019330       ?GetMessageMap@CPixProWAvgDlg@@MBEPBUAFX_MSGMAP@@XZ 67d9a330 f   PixProWAvgDlg.obj
 0001:00019340       ??0CRawFileDlg@@QAE@PAVCWnd@@HHHH@Z 67d9a340 f   RawFileDlg.obj
 0001:00019440       ??_GCRawFileDlg@@UAEPAXI@Z 67d9a440 f i RawFileDlg.obj
 0001:00019440       ??_ECRawFileDlg@@UAEPAXI@Z 67d9a440 f i RawFileDlg.obj
 0001:000194b0       ?DoDataExchange@CRawFileDlg@@MAEXPAVCDataExchange@@@Z 67d9a4b0 f   RawFileDlg.obj
 0001:00019510       ?OnOK@CRawFileDlg@@MAEXXZ  67d9a510 f   RawFileDlg.obj
 0001:000195d0       ?OnInitDialog@CRawFileDlg@@MAEHXZ 67d9a5d0 f   RawFileDlg.obj
 0001:000196a0       ?OnSelchangeComboFormat@CRawFileDlg@@IAEXXZ 67d9a6a0 f   RawFileDlg.obj
 0001:000196e0       ?GetThisMessageMap@CRawFileDlg@@KGPBUAFX_MSGMAP@@XZ 67d9a6e0 f   RawFileDlg.obj
 0001:000196f0       ?GetMessageMap@CRawFileDlg@@MBEPBUAFX_MSGMAP@@XZ 67d9a6f0 f   RawFileDlg.obj
 0001:00019700       ??0Thank_you@Define_the_symbol__ATL_MIXED@@QAE@XZ 67d9a700 f i SapClassGui.obj
 0001:00019710       ?one@Thank_you@Define_the_symbol__ATL_MIXED@@UAEXXZ 67d9a710 f i SapClassGui.obj
 0001:00019720       ?GetHead@CSimpleList@@QBEPAXXZ 67d9a720 f i SapClassGui.obj
 0001:00019730       ?_AfxInitManaged@@YAHXZ    67d9a730 f i SapClassGui.obj
 0001:00019740       ??2CObject@@SGPAXI@Z       67d9a740 f i SapClassGui.obj
 0001:00019760       ??_GCImageWnd@@UAEPAXI@Z   67d9a760 f i SapClassGui.obj
 0001:00019790       ??0CRectTracker@@QAE@ABV0@@Z 67d9a790 f i SapClassGui.obj
 0001:00019810       ??4CRectTracker@@QAEAAV0@ABV0@@Z 67d9a810 f i SapClassGui.obj
 0001:00019890       ?GetBuffer@CBufDlg@@QAEAAVSapBuffer@@XZ 67d9a890 f i SapClassGui.obj
 0001:000198a0       ?GetServerCategory@CAcqConfigDlg@@QAE?AW4ServerCategory@1@XZ 67d9a8a0 f i SapClassGui.obj
 0001:000198b0       ?SetCameraLinkServerFlag@CAcqConfigDlg@@QAEX_N@Z 67d9a8b0 f i SapClassGui.obj
 0001:000198c0       ?GetAcquisition@CAcqConfigDlg@@QAEAAVSapAcquisition@@XZ 67d9a8c0 f i SapClassGui.obj
 0001:000198d0       ??1CViewDlg@@UAE@XZ        67d9a8d0 f i SapClassGui.obj
 0001:00019960       ??_FCViewDlg@@QAEXXZ       67d9a960 f i SapClassGui.obj
 0001:00019970       ?GetType@CLoadSaveDlg@@QAEHXZ 67d9a970 f i SapClassGui.obj
 0001:00019980       ?GetOptions@CLoadSaveDlg@@QAE?AV?$CStringT@DV?$StrTraitMFC_DLL@DV?$ChTraitsCRT@D@ATL@@@@@ATL@@XZ 67d9a980 f i SapClassGui.obj
 0001:000199b0       ?GetStartFrame@CLoadSaveDlg@@QAEHXZ 67d9a9b0 f i SapClassGui.obj
 0001:000199c0       ?GetRawFileWidth@CLoadSaveDlg@@QAEHXZ 67d9a9c0 f i SapClassGui.obj
 0001:000199d0       ?GetRawFileHeight@CLoadSaveDlg@@QAEHXZ 67d9a9d0 f i SapClassGui.obj
 0001:000199e0       ?GetRawFileOffset@CLoadSaveDlg@@QAEHXZ 67d9a9e0 f i SapClassGui.obj
 0001:000199f0       ?GetRawFileFormat@CLoadSaveDlg@@QAEHXZ 67d9a9f0 f i SapClassGui.obj
 0001:00019a00       ?GetCab@CCabDlg@@QAEAAVSapCab@@XZ 67d9aa00 f i SapClassGui.obj
 0001:00019a10       ?GetAcquisition@CCamVicDlg@@QAEAAVSapAcquisition@@XZ 67d9aa10 f i SapClassGui.obj
 0001:00019a20       ?GetPixPro@CPixProDlg@@QAEAAVSapPixPro@@XZ 67d9aa20 f i SapClassGui.obj
 0001:00019a30       ?SapClassGuiInitModule@@YAXXZ 67d9aa30 f   SapClassGui.obj
 0001:00019a90       _DllMain@12                67d9aa90 f   SapClassGui.obj
 0001:00019af0       ??B?$CTypedSimpleList@PAUCRuntimeClass@@@@QAEPAUCRuntimeClass@@XZ 67d9aaf0 f i SapClassGui.obj
 0001:00019b00       ??B?$CTypedSimpleList@PAVCOleObjectFactory@@@@QAEPAVCOleObjectFactory@@XZ 67d9ab00 f i SapClassGui.obj
 0001:00019b10       ??0CSapRectTracker@@QAE@ABV0@@Z 67d9ab10 f i SapClassGui.obj
 0001:00019b50       ??4CSapRectTracker@@QAEAAV0@ABV0@@Z 67d9ab50 f i SapClassGui.obj
 0001:00019b80       _ExtRawDllMain@12          67d9ab80 f   SapClassGui.obj
 0001:00019bb0       ??0CImageWnd@@QAE@ABV0@@Z  67d9abb0 f i SapClassGui.obj
 0001:00019c80       ??4CImageWnd@@QAEAAV0@ABV0@@Z 67d9ac80 f i SapClassGui.obj
 0001:00019d40       ?OnVScroll@CTiffFileDlg@@IAEXIIPAVCScrollBar@@@Z 67d9ad40 f   TiffFileDlg.obj
 0001:00019db0       ?OnUpdateTiffEditCompressionLevel@CTiffFileDlg@@IAEXXZ 67d9adb0 f   TiffFileDlg.obj
 0001:00019dc0       ?OnOK@CTiffFileDlg@@MAEXXZ 67d9adc0 f   TiffFileDlg.obj
 0001:00019e10       ??0CTiffFileDlg@@QAE@PAVCWnd@@HH@Z 67d9ae10 f   TiffFileDlg.obj
 0001:00019ec0       ??_ECTiffFileDlg@@UAEPAXI@Z 67d9aec0 f i TiffFileDlg.obj
 0001:00019ec0       ??_GCTiffFileDlg@@UAEPAXI@Z 67d9aec0 f i TiffFileDlg.obj
 0001:00019ef0       ?DoDataExchange@CTiffFileDlg@@MAEXPAVCDataExchange@@@Z 67d9aef0 f   TiffFileDlg.obj
 0001:00019f40       ?GetThisMessageMap@CTiffFileDlg@@KGPBUAFX_MSGMAP@@XZ 67d9af40 f   TiffFileDlg.obj
 0001:00019f50       ?GetMessageMap@CTiffFileDlg@@MBEPBUAFX_MSGMAP@@XZ 67d9af50 f   TiffFileDlg.obj
 0001:00019f60       ?LoadSettings@CViewDlg@@IAEXXZ 67d9af60 f   ViewDlg.obj
 0001:00019f90       ?SaveSettings@CViewDlg@@IAEXXZ 67d9af90 f   ViewDlg.obj
 0001:00019fc0       ?SetRange@CViewDlg@@IAEXXZ 67d9afc0 f   ViewDlg.obj
 0001:0001a000       ?OnOK@CViewDlg@@MAEXXZ     67d9b000 f   ViewDlg.obj
 0001:0001a060       ?OnCancel@CViewDlg@@MAEXXZ 67d9b060 f   ViewDlg.obj
 0001:0001a080       _floorf                    67d9b080 f i ViewDlg.obj
 0001:0001a0a0       ?floor@@YAMM@Z             67d9b0a0 f i ViewDlg.obj
 0001:0001a0c0       ??0CSpinButtonCtrl@@QAE@XZ 67d9b0c0 f i ViewDlg.obj
 0001:0001a0e0       ??_ECSpinButtonCtrl@@UAEPAXI@Z 67d9b0e0 f i ViewDlg.obj
 0001:0001a0e0       ??_GCSpinButtonCtrl@@UAEPAXI@Z 67d9b0e0 f i ViewDlg.obj
 0001:0001a110       ??_GCViewDlg@@UAEPAXI@Z    67d9b110 f i ViewDlg.obj
 0001:0001a1b0       ??_ECViewDlg@@UAEPAXI@Z    67d9b1b0 f i ViewDlg.obj
 0001:0001a210       ?DoDataExchange@CViewDlg@@MAEXPAVCDataExchange@@@Z 67d9b210 f   ViewDlg.obj
 0001:0001a360       ??0CViewDlg@@QAE@PAVCWnd@@PAVSapView@@@Z 67d9b360 f   ViewDlg.obj
 0001:0001a5c0       ?OnInitDialog@CViewDlg@@MAEHXZ 67d9b5c0 f   ViewDlg.obj
 0001:0001a690       ?OnUpdateEditViewRange@CViewDlg@@IAEXXZ 67d9b690 f   ViewDlg.obj
 0001:0001a6f0       ?OnHScroll@CViewDlg@@IAEXIIPAVCScrollBar@@@Z 67d9b6f0 f   ViewDlg.obj
 0001:0001a7a0       ?OnUpdateScaleHeight@CViewDlg@@IAEXXZ 67d9b7a0 f   ViewDlg.obj
 0001:0001a890       ?OnUpdateScaleHeightFactor@CViewDlg@@IAEXXZ 67d9b890 f   ViewDlg.obj
 0001:0001a9a0       ?OnUpdateScaleWidth@CViewDlg@@IAEXXZ 67d9b9a0 f   ViewDlg.obj
 0001:0001aa90       ?OnUpdateScaleWidthFactor@CViewDlg@@IAEXXZ 67d9ba90 f   ViewDlg.obj
 0001:0001aba0       ?OnDeltaposSpinScaleHeight@CViewDlg@@IAEXPAUtagNMHDR@@PAJ@Z 67d9bba0 f   ViewDlg.obj
 0001:0001acb0       ?OnDeltaposSpinScaleHeightFactor@CViewDlg@@IAEXPAUtagNMHDR@@PAJ@Z 67d9bcb0 f   ViewDlg.obj
 0001:0001ae00       ?OnDeltaposSpinScaleWidth@CViewDlg@@IAEXPAUtagNMHDR@@PAJ@Z 67d9be00 f   ViewDlg.obj
 0001:0001af10       ?OnDeltaposSpinScaleWidthFactor@CViewDlg@@IAEXPAUtagNMHDR@@PAJ@Z 67d9bf10 f   ViewDlg.obj
 0001:0001b060       ?OnLockAspectRatio@CViewDlg@@IAEXXZ 67d9c060 f   ViewDlg.obj
 0001:0001b100       ?OnScalingNone@CViewDlg@@IAEXXZ 67d9c100 f   ViewDlg.obj
 0001:0001b200       ?OnScalingFitToWindow@CViewDlg@@IAEXXZ 67d9c200 f   ViewDlg.obj
 0001:0001b420       ?GetThisMessageMap@CViewDlg@@KGPBUAFX_MSGMAP@@XZ 67d9c420 f   ViewDlg.obj
 0001:0001b430       ?GetMessageMap@CViewDlg@@MBEPBUAFX_MSGMAP@@XZ 67d9c430 f   ViewDlg.obj
 0001:0001b436       _CorAcqGetCap@12           67d9c436 f   Corapi:CORAPI.dll
 0001:0001b43c       _CorCabSetPrm@12           67d9c43c f   Corapi:CORAPI.dll
 0001:0001b442       ??0SapLocation@@QAE@PBDH@Z 67d9c442 f   SapClassBasic:SapClassBasic80.dll
 0001:0001b448       ??1SapLocation@@UAE@XZ     67d9c448 f   SapClassBasic:SapClassBasic80.dll
 0001:0001b44e       ?SetLocation@SapXferNode@@QAEHVSapLocation@@@Z 67d9c44e f   SapClassBasic:SapClassBasic80.dll
 0001:0001b454       ??0SapLocation@@QAE@ABV0@@Z 67d9c454 f   SapClassBasic:SapClassBasic80.dll
 0001:0001b45a       ??1SapManager@@UAE@XZ      67d9c45a f   SapClassBasic:SapClassBasic80.dll
 0001:0001b460       ??1SapAcquisition@@UAE@XZ  67d9c460 f   SapClassBasic:SapClassBasic80.dll
 0001:0001b466       ?GetServerName@SapManager@@SAHHPADH@Z 67d9c466 f   SapClassBasic:SapClassBasic80.dll
 0001:0001b46c       ?GetResourceCount@SapManager@@SAHHH@Z 67d9c46c f   SapClassBasic:SapClassBasic80.dll
 0001:0001b472       ?GetServerCount@SapManager@@SAHXZ 67d9c472 f   SapClassBasic:SapClassBasic80.dll
 0001:0001b478       ?GetResourceCount@SapManager@@SAHVSapLocation@@H@Z 67d9c478 f   SapClassBasic:SapClassBasic80.dll
 0001:0001b47e       ?GetLocation@SapXferNode@@QBE?AVSapLocation@@XZ 67d9c47e f   SapClassBasic:SapClassBasic80.dll
 0001:0001b484       ?IsResourceAvailable@SapManager@@SAHPBDHH@Z 67d9c484 f   SapClassBasic:SapClassBasic80.dll
 0001:0001b48a       ?GetResourceName@SapManager@@SAHPBDHHPADH@Z 67d9c48a f   SapClassBasic:SapClassBasic80.dll
 0001:0001b490       ?GetResourceCount@SapManager@@SAHPBDH@Z 67d9c490 f   SapClassBasic:SapClassBasic80.dll
 0001:0001b496       ?GetServerIndex@SapManager@@SAHPBD@Z 67d9c496 f   SapClassBasic:SapClassBasic80.dll
 0001:0001b49c       ??0SapAcquisition@@QAE@VSapLocation@@@Z 67d9c49c f   SapClassBasic:SapClassBasic80.dll
 0001:0001b4a2       ??0SapLocation@@QAE@HH@Z   67d9c4a2 f   SapClassBasic:SapClassBasic80.dll
 0001:0001b4a8       ??0SapManager@@QAE@XZ      67d9c4a8 f   SapClassBasic:SapClassBasic80.dll
 0001:0001b4ae       ?GetResourceIndex@SapLocation@@QBEHXZ 67d9c4ae f   SapClassBasic:SapClassBasic80.dll
 0001:0001b4b4       ?GetServerName@SapManager@@SAHVSapLocation@@PADH@Z 67d9c4b4 f   SapClassBasic:SapClassBasic80.dll
 0001:0001b4ba       ?GetConfigFile@SapAcquisition@@QBEPBDXZ 67d9c4ba f   SapClassBasic:SapClassBasic80.dll
 0001:0001b4c0       ??4SapAcquisition@@QAEAAV0@ABV0@@Z 67d9c4c0 f   SapClassBasic:SapClassBasic80.dll
 0001:0001b4c6       ?DisplayStatus@SapManager@@SAIPBDI@Z 67d9c4c6 f   SapClassBasic:SapClassBasic80.dll
 0001:0001b4cc       ??1SapDataFRGB@@UAE@XZ     67d9c4cc f   SapClassBasic:SapClassBasic80.dll
 0001:0001b4d2       ?IsEnabled@SapBayer@@QBEHXZ 67d9c4d2 f   SapClassBasic:SapClassBasic80.dll
 0001:0001b4d8       ?IsLutEnabled@SapBayer@@QBEHXZ 67d9c4d8 f   SapClassBasic:SapClassBasic80.dll
 0001:0001b4de       ?GetGamma@SapBayer@@QBEMXZ 67d9c4de f   SapClassBasic:SapClassBasic80.dll
 0001:0001b4e4       ?Blue@SapDataFRGB@@QAEMXZ  67d9c4e4 f   SapClassBasic:SapClassBasic80.dll
 0001:0001b4ea       ?Green@SapDataFRGB@@QAEMXZ 67d9c4ea f   SapClassBasic:SapClassBasic80.dll
 0001:0001b4f0       ?Red@SapDataFRGB@@QAEMXZ   67d9c4f0 f   SapClassBasic:SapClassBasic80.dll
 0001:0001b4f6       ?GetWBGain@SapBayer@@QBE?AVSapDataFRGB@@XZ 67d9c4f6 f   SapClassBasic:SapClassBasic80.dll
 0001:0001b4fc       ?GetMethod@SapBayer@@QBEHXZ 67d9c4fc f   SapClassBasic:SapClassBasic80.dll
 0001:0001b502       ?GetAlign@SapBayer@@QBEHXZ 67d9c502 f   SapClassBasic:SapClassBasic80.dll
 0001:0001b508       ?GetAvailMethod@SapBayer@@QBEHXZ 67d9c508 f   SapClassBasic:SapClassBasic80.dll
 0001:0001b50e       ?GetAvailAlign@SapBayer@@QBEHXZ 67d9c50e f   SapClassBasic:SapClassBasic80.dll
 0001:0001b514       ?IsSoftware@SapBayer@@QBEHXZ 67d9c514 f   SapClassBasic:SapClassBasic80.dll
 0001:0001b51a       ??BSapManager@@QBEHXZ      67d9c51a f   SapClassBasic:SapClassBasic80.dll
 0001:0001b520       ??0SapDataFRGB@@QAE@MMM@Z  67d9c520 f   SapClassBasic:SapClassBasic80.dll
 0001:0001b526       ?GetPixelDepthMin@SapManager@@SAHH@Z 67d9c526 f   SapClassBasic:SapClassBasic80.dll
 0001:0001b52c       ?GetPixelDepthMax@SapManager@@SAHH@Z 67d9c52c f   SapClassBasic:SapClassBasic80.dll
 0001:0001b532       ??1SapBuffer@@UAE@XZ       67d9c532 f   SapClassBasic:SapClassBasic80.dll
 0001:0001b538       ?IsBufferTypeSupported@SapBuffer@@SAHVSapLocation@@H@Z 67d9c538 f   SapClassBasic:SapClassBasic80.dll
 0001:0001b53e       ??4SapLocation@@QAEAAV0@ABV0@@Z 67d9c53e f   SapClassBasic:SapClassBasic80.dll
 0001:0001b544       ?GetSrcNode@SapXferNode@@QBEPAV1@XZ 67d9c544 f   SapClassBasic:SapClassBasic80.dll
 0001:0001b54a       ?GetPixelDepth@SapBuffer@@QBEHXZ 67d9c54a f   SapClassBasic:SapClassBasic80.dll
 0001:0001b550       ?GetType@SapBuffer@@QBEHXZ 67d9c550 f   SapClassBasic:SapClassBasic80.dll
 0001:0001b556       ?GetFormat@SapBuffer@@QBEHXZ 67d9c556 f   SapClassBasic:SapClassBasic80.dll
 0001:0001b55c       ?GetHeight@SapBuffer@@QBEHXZ 67d9c55c f   SapClassBasic:SapClassBasic80.dll
 0001:0001b562       ?GetWidth@SapBuffer@@QBEHXZ 67d9c562 f   SapClassBasic:SapClassBasic80.dll
 0001:0001b568       ??0SapLocation@@QAE@XZ     67d9c568 f   SapClassBasic:SapClassBasic80.dll
 0001:0001b56e       ??0SapBuffer@@QAE@HHHHHVSapLocation@@@Z 67d9c56e f   SapClassBasic:SapClassBasic80.dll
 0001:0001b574       ??0SapCab@@QAE@VSapLocation@@PAVSapXferNode@@@Z 67d9c574 f   SapClassBasic:SapClassBasic80.dll
 0001:0001b57a       ??0SapLocation@@QAE@ABV0@H@Z 67d9c57a f   SapClassBasic:SapClassBasic80.dll
 0001:0001b580       ?Create@SapCab@@UAEHXZ     67d9c580 f   SapClassBasic:SapClassBasic80.dll
 0001:0001b586       ?Destroy@SapCab@@UAEHXZ    67d9c586 f   SapClassBasic:SapClassBasic80.dll
 0001:0001b58c       ?GetXferParams@SapCab@@UBE?AVSapXferParams@@H@Z 67d9c58c f   SapClassBasic:SapClassBasic80.dll
 0001:0001b592       ?GetInputXferParams@SapCab@@UBE?AVSapXferParams@@H@Z 67d9c592 f   SapClassBasic:SapClassBasic80.dll
 0001:0001b598       ?GetOutputXferParams@SapCab@@UBE?AVSapXferParams@@H@Z 67d9c598 f   SapClassBasic:SapClassBasic80.dll
 0001:0001b59e       ?SetSrcNode@SapXferNode@@UAEHPAV1@H@Z 67d9c59e f   SapClassBasic:SapClassBasic80.dll
 0001:0001b5a4       ?SetXferParams@SapCab@@UAEHVSapXferParams@@H@Z 67d9c5a4 f   SapClassBasic:SapClassBasic80.dll
 0001:0001b5aa       ?SetInputXferParams@SapCab@@UAEHVSapXferParams@@H@Z 67d9c5aa f   SapClassBasic:SapClassBasic80.dll
 0001:0001b5b0       ?SetOutputXferParams@SapCab@@UAEHVSapXferParams@@H@Z 67d9c5b0 f   SapClassBasic:SapClassBasic80.dll
 0001:0001b5b6       ?GetHandle@SapXferNode@@UBEPAU__CORHANDLE@@H@Z 67d9c5b6 f   SapClassBasic:SapClassBasic80.dll
 0001:0001b5bc       ?GetHandle@SapXferNode@@UBEPAU__CORHANDLE@@XZ 67d9c5bc f   SapClassBasic:SapClassBasic80.dll
 0001:0001b5c2       ?GetXferParamsFromSrcNode@SapXferNode@@UAEXXZ 67d9c5c2 f   SapClassBasic:SapClassBasic80.dll
 0001:0001b5c8       ?GetXferNodeType@SapCab@@UAE?AW4XferNodeType@SapXferNode@@XZ 67d9c5c8 f   SapClassBasic:SapClassBasic80.dll
 0001:0001b5ce       ?IsBuffer@SapXferNode@@UAEHXZ 67d9c5ce f   SapClassBasic:SapClassBasic80.dll
 0001:0001b5d4       ??ASapXferNode@@UBEPAU__CORHANDLE@@H@Z 67d9c5d4 f   SapClassBasic:SapClassBasic80.dll
 0001:0001b5da       ?GetCount@SapXferNode@@UBEHXZ 67d9c5da f   SapClassBasic:SapClassBasic80.dll
 0001:0001b5e0       ?GetIndex@SapXferNode@@UBEHXZ 67d9c5e0 f   SapClassBasic:SapClassBasic80.dll
 0001:0001b5e6       ?SetIndex@SapXferNode@@UAEHH@Z 67d9c5e6 f   SapClassBasic:SapClassBasic80.dll
 0001:0001b5ec       ?ResetIndex@SapXferNode@@UAEXXZ 67d9c5ec f   SapClassBasic:SapClassBasic80.dll
 0001:0001b5f2       ?Next@SapXferNode@@UAEXXZ  67d9c5f2 f   SapClassBasic:SapClassBasic80.dll
 0001:0001b5f8       ?GetTrash@SapXferNode@@UBEPAU__CORHANDLE@@XZ 67d9c5f8 f   SapClassBasic:SapClassBasic80.dll
 0001:0001b5fe       ?Empty@SapXferNode@@UAEHH@Z 67d9c5fe f   SapClassBasic:SapClassBasic80.dll
 0001:0001b604       ?Empty@SapXferNode@@UAEHXZ 67d9c604 f   SapClassBasic:SapClassBasic80.dll
 0001:0001b60a       ?EmptyAll@SapXferNode@@UAEHXZ 67d9c60a f   SapClassBasic:SapClassBasic80.dll
 0001:0001b610       ?GetCapability@SapCab@@UAEHHPAX@Z 67d9c610 f   SapClassBasic:SapClassBasic80.dll
 0001:0001b616       ?GetParameter@SapCab@@UAEHHPAX@Z 67d9c616 f   SapClassBasic:SapClassBasic80.dll
 0001:0001b61c       ?SetParameter@SapCab@@UAEHHPAX@Z 67d9c61c f   SapClassBasic:SapClassBasic80.dll
 0001:0001b622       ?SetParameter@SapCab@@UAEHHH@Z 67d9c622 f   SapClassBasic:SapClassBasic80.dll
 0001:0001b628       ?Construct@SapCab@@MAEXHHPBH@Z 67d9c628 f   SapClassBasic:SapClassBasic80.dll
 0001:0001b62e       ??1SapCab@@UAE@XZ          67d9c62e f   SapClassBasic:SapClassBasic80.dll
 0001:0001b634       ?GetVicFile@SapAcquisition@@QBEPBDXZ 67d9c634 f   SapClassBasic:SapClassBasic80.dll
 0001:0001b63a       ?GetCamFile@SapAcquisition@@QBEPBDXZ 67d9c63a f   SapClassBasic:SapClassBasic80.dll
 0001:0001b640       ?IsEnabled@SapColorConversion@@QBEHXZ 67d9c640 f   SapClassBasic:SapClassBasic80.dll
 0001:0001b646       ?IsHardwareEnabled@SapColorConversion@@QBEHXZ 67d9c646 f   SapClassBasic:SapClassBasic80.dll
 0001:0001b64c       ?GetWBGain@SapColorConversion@@QBE?AVSapDataFRGB@@XZ 67d9c64c f   SapClassBasic:SapClassBasic80.dll
 0001:0001b652       ?GetAvailMethod@SapColorConversion@@QBEHXZ 67d9c652 f   SapClassBasic:SapClassBasic80.dll
 0001:0001b658       ?GetAvailAlign@SapColorConversion@@QBEHXZ 67d9c658 f   SapClassBasic:SapClassBasic80.dll
 0001:0001b65e       ?IsLutEnabled@SapColorConversion@@QBEHXZ 67d9c65e f   SapClassBasic:SapClassBasic80.dll
 0001:0001b664       ?GetGamma@SapColorConversion@@QBEMXZ 67d9c664 f   SapClassBasic:SapClassBasic80.dll
[...]
 0001:0001ecb2       __unwindfunclet$??0CGioOutputDlg@@QAE@PAVCWnd@@IPAVSapGio@@@Z$4 67d9fcb2 f   GioOutputDlg.obj
 0001:0001ecc0       __ehhandler$??0CGioOutputDlg@@QAE@PAVCWnd@@IPAVSapGio@@@Z 67d9fcc0 f   GioOutputDlg.obj
 0001:0001ece0       __unwindfunclet$?ChangePinState@CGioOutputDlg@@QAEXPAVCButton@@@Z$0 67d9fce0 f   GioOutputDlg.obj
 0001:0001ece9       __ehhandler$?ChangePinState@CGioOutputDlg@@QAEXPAVCButton@@@Z 67d9fce9 f   GioOutputDlg.obj
 0001:0001ed10       __unwindfunclet$?OnInitDialog@CGioOutputDlg@@MAEHXZ$0 67d9fd10 f   GioOutputDlg.obj
 0001:0001ed1c       __ehhandler$?OnInitDialog@CGioOutputDlg@@MAEHXZ 67d9fd1c f   GioOutputDlg.obj
 0001:0001ed50       __unwindfunclet$??HATL@@YA?AV?$CStringT@DV?$StrTraitMFC_DLL@DV?$ChTraitsCRT@D@ATL@@@@@0@PBDABV10@@Z$0 67d9fd50 f   ImageWnd.obj
 0001:0001ed6a       __ehhandler$??HATL@@YA?AV?$CStringT@DV?$StrTraitMFC_DLL@DV?$ChTraitsCRT@D@ATL@@@@@0@PBDABV10@@Z 67d9fd6a f   ImageWnd.obj
 0001:0001ed90       __unwindfunclet$?DisplayRoiTracker@CImageWnd@@QAEXXZ$0 67d9fd90 f   ImageWnd.obj
 0001:0001ed98       __unwindfunclet$?DisplayRoiTracker@CImageWnd@@QAEXXZ$1 67d9fd98 f   ImageWnd.obj
 0001:0001eda0       __ehhandler$?DisplayRoiTracker@CImageWnd@@QAEXXZ 67d9fda0 f   ImageWnd.obj
 0001:0001edd0       __unwindfunclet$?GetPixelString@CImageWnd@@QAE?AV?$CStringT@DV?$StrTraitMFC_DLL@DV?$ChTraitsCRT@D@ATL@@@@@ATL@@VCPoint@@@Z$0 67d9fdd0 f   ImageWnd.obj
 0001:0001eddc       __unwindfunclet$?GetPixelString@CImageWnd@@QAE?AV?$CStringT@DV?$StrTraitMFC_DLL@DV?$ChTraitsCRT@D@ATL@@@@@ATL@@VCPoint@@@Z$2 67d9fddc f   ImageWnd.obj
 0001:0001ede5       __unwindfunclet$?GetPixelString@CImageWnd@@QAE?AV?$CStringT@DV?$StrTraitMFC_DLL@DV?$ChTraitsCRT@D@ATL@@@@@ATL@@VCPoint@@@Z$5 67d9fde5 f   ImageWnd.obj
 0001:0001edee       __unwindfunclet$?GetPixelString@CImageWnd@@QAE?AV?$CStringT@DV?$StrTraitMFC_DLL@DV?$ChTraitsCRT@D@ATL@@@@@ATL@@VCPoint@@@Z$6 67d9fdee f   ImageWnd.obj
 0001:0001edf7       __unwindfunclet$?GetPixelString@CImageWnd@@QAE?AV?$CStringT@DV?$StrTraitMFC_DLL@DV?$ChTraitsCRT@D@ATL@@@@@ATL@@VCPoint@@@Z$15 67d9fdf7 f   ImageWnd.obj
 0001:0001ee00       __unwindfunclet$?GetPixelString@CImageWnd@@QAE?AV?$CStringT@DV?$StrTraitMFC_DLL@DV?$ChTraitsCRT@D@ATL@@@@@ATL@@VCPoint@@@Z$10 67d9fe00 f   ImageWnd.obj
 0001:0001ee09       __unwindfunclet$?GetPixelString@CImageWnd@@QAE?AV?$CStringT@DV?$StrTraitMFC_DLL@DV?$ChTraitsCRT@D@ATL@@@@@ATL@@VCPoint@@@Z$11 67d9fe09 f   ImageWnd.obj
 0001:0001ee12       __unwindfunclet$?GetPixelString@CImageWnd@@QAE?AV?$CStringT@DV?$StrTraitMFC_DLL@DV?$ChTraitsCRT@D@ATL@@@@@ATL@@VCPoint@@@Z$12 67d9fe12 f   ImageWnd.obj
 0001:0001ee1e       __unwindfunclet$?GetPixelString@CImageWnd@@QAE?AV?$CStringT@DV?$StrTraitMFC_DLL@DV?$ChTraitsCRT@D@ATL@@@@@ATL@@VCPoint@@@Z$13 67d9fe1e f   ImageWnd.obj
 0001:0001ee2a       __unwindfunclet$?GetPixelString@CImageWnd@@QAE?AV?$CStringT@DV?$StrTraitMFC_DLL@DV?$ChTraitsCRT@D@ATL@@@@@ATL@@VCPoint@@@Z$14 67d9fe2a f   ImageWnd.obj
 0001:0001ee36       __unwindfunclet$?GetPixelString@CImageWnd@@QAE?AV?$CStringT@DV?$StrTraitMFC_DLL@DV?$ChTraitsCRT@D@ATL@@@@@ATL@@VCPoint@@@Z$8 67d9fe36 f   ImageWnd.obj
 0001:0001ee3f       __unwindfunclet$?GetPixelString@CImageWnd@@QAE?AV?$CStringT@DV?$StrTraitMFC_DLL@DV?$ChTraitsCRT@D@ATL@@@@@ATL@@VCPoint@@@Z$9 67d9fe3f f   ImageWnd.obj
 0001:0001ee48       __unwindfunclet$?GetPixelString@CImageWnd@@QAE?AV?$CStringT@DV?$StrTraitMFC_DLL@DV?$ChTraitsCRT@D@ATL@@@@@ATL@@VCPoint@@@Z$7 67d9fe48 f   ImageWnd.obj
 0001:0001ee51       __unwindfunclet$?GetPixelString@CImageWnd@@QAE?AV?$CStringT@DV?$StrTraitMFC_DLL@DV?$ChTraitsCRT@D@ATL@@@@@ATL@@VCPoint@@@Z$4 67d9fe51 f   ImageWnd.obj
 0001:0001ee5a       __unwindfunclet$?GetPixelString@CImageWnd@@QAE?AV?$CStringT@DV?$StrTraitMFC_DLL@DV?$ChTraitsCRT@D@ATL@@@@@ATL@@VCPoint@@@Z$3 67d9fe5a f   ImageWnd.obj
 0001:0001ee63       __unwindfunclet$?GetPixelString@CImageWnd@@QAE?AV?$CStringT@DV?$StrTraitMFC_DLL@DV?$ChTraitsCRT@D@ATL@@@@@ATL@@VCPoint@@@Z$16 67d9fe63 f   ImageWnd.obj
 0001:0001ee6f       __unwindfunclet$?GetPixelString@CImageWnd@@QAE?AV?$CStringT@DV?$StrTraitMFC_DLL@DV?$ChTraitsCRT@D@ATL@@@@@ATL@@VCPoint@@@Z$17 67d9fe6f f   ImageWnd.obj
 0001:0001ee7b       __ehhandler$?GetPixelString@CImageWnd@@QAE?AV?$CStringT@DV?$StrTraitMFC_DLL@DV?$ChTraitsCRT@D@ATL@@@@@ATL@@VCPoint@@@Z 67d9fe7b f   ImageWnd.obj
 0001:0001eeb0       __unwindfunclet$??0CImageWnd@@QAE@PAVSapView@@PAVCWnd@@PAVCScrollBar@@21@Z$0 67d9feb0 f   ImageWnd.obj
 0001:0001eebb       __ehhandler$??0CImageWnd@@QAE@PAVSapView@@PAVCWnd@@PAVCScrollBar@@21@Z 67d9febb f   ImageWnd.obj
 0001:0001eee0       __unwindfunclet$??0CImageWnd@@QAE@PAVSapView@@PAVCWnd@@@Z$0 67d9fee0 f   ImageWnd.obj
 0001:0001eeeb       __ehhandler$??0CImageWnd@@QAE@PAVSapView@@PAVCWnd@@@Z 67d9feeb f   ImageWnd.obj
 0001:0001ef10       __unwindfunclet$??0CJpegFileDlg@@QAE@PAVCWnd@@H@Z$0 67d9ff10 f   JpegFileDlg.obj
 0001:0001ef18       __ehhandler$??0CJpegFileDlg@@QAE@PAVCWnd@@H@Z 67d9ff18 f   JpegFileDlg.obj
 0001:0001ef40       __unwindfunclet$?SaveSettings@CLoadSaveDlg@@IAEXXZ$0 67d9ff40 f   LoadSaveDlg.obj
 0001:0001ef49       __ehhandler$?SaveSettings@CLoadSaveDlg@@IAEXXZ 67d9ff49 f   LoadSaveDlg.obj
 0001:0001ef70       __unwindfunclet$??1CRawFileDlg@@UAE@XZ$0 67d9ff70 f   LoadSaveDlg.obj
 0001:0001ef78       __ehhandler$??1CRawFileDlg@@UAE@XZ 67d9ff78 f   LoadSaveDlg.obj
 0001:0001efa0       __unwindfunclet$?AddTiffOptions@CLoadSaveDlg@@IAEHXZ$0 67d9ffa0 f   LoadSaveDlg.obj
 0001:0001efab       __unwindfunclet$?AddTiffOptions@CLoadSaveDlg@@IAEHXZ$1 67d9ffab f   LoadSaveDlg.obj
 0001:0001efb4       __unwindfunclet$?AddTiffOptions@CLoadSaveDlg@@IAEHXZ$2 67d9ffb4 f   LoadSaveDlg.obj
 0001:0001efbd       __unwindfunclet$?AddTiffOptions@CLoadSaveDlg@@IAEHXZ$3 67d9ffbd f   LoadSaveDlg.obj
 0001:0001efc6       __unwindfunclet$?AddTiffOptions@CLoadSaveDlg@@IAEHXZ$4 67d9ffc6 f   LoadSaveDlg.obj
 0001:0001efcf       __ehhandler$?AddTiffOptions@CLoadSaveDlg@@IAEHXZ 67d9ffcf f   LoadSaveDlg.obj
 0001:0001eff0       __unwindfunclet$?AddRawOptions@CLoadSaveDlg@@IAEHXZ$0 67d9fff0 f   LoadSaveDlg.obj
 0001:0001effb       __unwindfunclet$?AddRawOptions@CLoadSaveDlg@@IAEHXZ$3 67d9fffb f   LoadSaveDlg.obj
 0001:0001f006       __unwindfunclet$?AddRawOptions@CLoadSaveDlg@@IAEHXZ$1 67da0006 f   LoadSaveDlg.obj
 0001:0001f00f       __unwindfunclet$?AddRawOptions@CLoadSaveDlg@@IAEHXZ$2 67da000f f   LoadSaveDlg.obj
 0001:0001f018       __unwindfunclet$?AddRawOptions@CLoadSaveDlg@@IAEHXZ$5 67da0018 f   LoadSaveDlg.obj
 0001:0001f023       __ehhandler$?AddRawOptions@CLoadSaveDlg@@IAEHXZ 67da0023 f   LoadSaveDlg.obj
 0001:0001f050       __unwindfunclet$?AddJpegOptions@CLoadSaveDlg@@IAEHXZ$0 67da0050 f   LoadSaveDlg.obj
 0001:0001f05b       __unwindfunclet$?AddJpegOptions@CLoadSaveDlg@@IAEHXZ$1 67da005b f   LoadSaveDlg.obj
 0001:0001f064       __unwindfunclet$?AddJpegOptions@CLoadSaveDlg@@IAEHXZ$2 67da0064 f   LoadSaveDlg.obj
 0001:0001f06d       __ehhandler$?AddJpegOptions@CLoadSaveDlg@@IAEHXZ 67da006d f   LoadSaveDlg.obj
 0001:0001f090       __unwindfunclet$?AddAviOptions@CLoadSaveDlg@@IAEHXZ$0 67da0090 f   LoadSaveDlg.obj
 0001:0001f09b       __ehhandler$?AddAviOptions@CLoadSaveDlg@@IAEHXZ 67da009b f   LoadSaveDlg.obj
 0001:0001f0c0       __unwindfunclet$?OnTypeChange@CLoadSaveDlg@@MAEXXZ$0 67da00c0 f   LoadSaveDlg.obj
 0001:0001f0c9       __ehhandler$?OnTypeChange@CLoadSaveDlg@@MAEXXZ 67da00c9 f   LoadSaveDlg.obj
 0001:0001f0f0       __unwindfunclet$?LoadSettings@CLoadSaveDlg@@IAEXXZ$0 67da00f0 f   LoadSaveDlg.obj
 0001:0001f0f9       __ehhandler$?LoadSettings@CLoadSaveDlg@@IAEXXZ 67da00f9 f   LoadSaveDlg.obj
 0001:0001f120       __unwindfunclet$??0CLoadSaveDlg@@QAE@PAVCWnd@@PAVSapBuffer@@HH@Z$0 67da0120 f   LoadSaveDlg.obj
 0001:0001f128       __unwindfunclet$??0CLoadSaveDlg@@QAE@PAVCWnd@@PAVSapBuffer@@HH@Z$1 67da0128 f   LoadSaveDlg.obj
 0001:0001f137       __ehhandler$??0CLoadSaveDlg@@QAE@PAVCWnd@@PAVSapBuffer@@HH@Z 67da0137 f   LoadSaveDlg.obj
 0001:0001f160       __unwindfunclet$?UpdateBuffer@CLoadSaveDlg@@IAEHXZ$0 67da0160 f   LoadSaveDlg.obj
 0001:0001f168       __unwindfunclet$?UpdateBuffer@CLoadSaveDlg@@IAEHXZ$1 67da0168 f   LoadSaveDlg.obj
 0001:0001f171       __unwindfunclet$?UpdateBuffer@CLoadSaveDlg@@IAEHXZ$2 67da0171 f   LoadSaveDlg.obj
 0001:0001f17a       __unwindfunclet$?UpdateBuffer@CLoadSaveDlg@@IAEHXZ$3 67da017a f   LoadSaveDlg.obj
 0001:0001f183       __unwindfunclet$?UpdateBuffer@CLoadSaveDlg@@IAEHXZ$4 67da0183 f   LoadSaveDlg.obj
 0001:0001f18c       __unwindfunclet$?UpdateBuffer@CLoadSaveDlg@@IAEHXZ$5 67da018c f   LoadSaveDlg.obj
 0001:0001f195       __ehhandler$?UpdateBuffer@CLoadSaveDlg@@IAEHXZ 67da0195 f   LoadSaveDlg.obj
 0001:0001f1b0       __unwindfunclet$??__E?m_TiffCompressionTypes@CLoadSaveDlg@@1PAV?$CStringT@DV?$StrTraitMFC_DLL@DV?$ChTraitsCRT@D@ATL@@@@@ATL@@A@@YAXXZ$0 67da01b0 f   LoadSaveDlg.obj
 0001:0001f1bb       __unwindfunclet$??__E?m_TiffCompressionTypes@CLoadSaveDlg@@1PAV?$CStringT@DV?$StrTraitMFC_DLL@DV?$ChTraitsCRT@D@ATL@@@@@ATL@@A@@YAXXZ$1 67da01bb f   LoadSaveDlg.obj
 0001:0001f1c6       __unwindfunclet$??__E?m_TiffCompressionTypes@CLoadSaveDlg@@1PAV?$CStringT@DV?$StrTraitMFC_DLL@DV?$ChTraitsCRT@D@ATL@@@@@ATL@@A@@YAXXZ$2 67da01c6 f   LoadSaveDlg.obj
 0001:0001f1d1       __ehhandler$??__E?m_TiffCompressionTypes@CLoadSaveDlg@@1PAV?$CStringT@DV?$StrTraitMFC_DLL@DV?$ChTraitsCRT@D@ATL@@@@@ATL@@A@@YAXXZ 67da01d1 f   LoadSaveDlg.obj
 0001:0001f1f0       __unwindfunclet$??1CLScanDlg@@UAE@XZ$0 67da01f0 f   LScanDlg.obj
 0001:0001f1f8       __unwindfunclet$??1CLScanDlg@@UAE@XZ$1 67da01f8 f   LScanDlg.obj
 0001:0001f207       __unwindfunclet$??1CLScanDlg@@UAE@XZ$2 67da0207 f   LScanDlg.obj
 0001:0001f215       __ehhandler$??1CLScanDlg@@UAE@XZ 67da0215 f   LScanDlg.obj
 0001:0001f230       __unwindfunclet$??_GCLScanDlg@@UAEPAXI@Z$0 67da0230 f   LScanDlg.obj
 0001:0001f238       __unwindfunclet$??_GCLScanDlg@@UAEPAXI@Z$1 67da0238 f   LScanDlg.obj
 0001:0001f247       __unwindfunclet$??_GCLScanDlg@@UAEPAXI@Z$2 67da0247 f   LScanDlg.obj
 0001:0001f255       __ehhandler$??_GCLScanDlg@@UAEPAXI@Z 67da0255 f   LScanDlg.obj
 0001:0001f270       __unwindfunclet$??_ECLScanDlg@@UAEPAXI@Z$0 67da0270 f   LScanDlg.obj
 0001:0001f278       __unwindfunclet$??_ECLScanDlg@@UAEPAXI@Z$1 67da0278 f   LScanDlg.obj
 0001:0001f287       __unwindfunclet$??_ECLScanDlg@@UAEPAXI@Z$2 67da0287 f   LScanDlg.obj
 0001:0001f295       __ehhandler$??_ECLScanDlg@@UAEPAXI@Z 67da0295 f   LScanDlg.obj
 0001:0001f2b0       __unwindfunclet$??0CLScanDlg@@QAE@PAVCWnd@@PAVSapAcquisition@@@Z$0 67da02b0 f   LScanDlg.obj
 0001:0001f2b8       __unwindfunclet$??0CLScanDlg@@QAE@PAVCWnd@@PAVSapAcquisition@@@Z$1 67da02b8 f   LScanDlg.obj
 0001:0001f2c7       __unwindfunclet$??0CLScanDlg@@QAE@PAVCWnd@@PAVSapAcquisition@@@Z$2 67da02c7 f   LScanDlg.obj
 0001:0001f2d5       __ehhandler$??0CLScanDlg@@QAE@PAVCWnd@@PAVSapAcquisition@@@Z 67da02d5 f   LScanDlg.obj
 0001:0001f2f0       __unwindfunclet$?VerifyLineIntegrateDuration@CLScanDlg@@IAEXXZ$0 67da02f0 f   LScanDlg.obj
 0001:0001f2f9       __ehhandler$?VerifyLineIntegrateDuration@CLScanDlg@@IAEXXZ 67da02f9 f   LScanDlg.obj
 0001:0001f320       __unwindfunclet$?LoadSettings@CPixProDlg@@IAEXXZ$0 67da0320 f   PixProDlg.obj
 0001:0001f329       __unwindfunclet$?LoadSettings@CPixProDlg@@IAEXXZ$1 67da0329 f   PixProDlg.obj
 0001:0001f332       __unwindfunclet$?LoadSettings@CPixProDlg@@IAEXXZ$2 67da0332 f   PixProDlg.obj
 0001:0001f33b       __ehhandler$?LoadSettings@CPixProDlg@@IAEXXZ 67da033b f   PixProDlg.obj
 0001:0001f360       __unwindfunclet$?SaveSettings@CPixProDlg@@IAEXXZ$0 67da0360 f   PixProDlg.obj
 0001:0001f369       __ehhandler$?SaveSettings@CPixProDlg@@IAEXXZ 67da0369 f   PixProDlg.obj
 0001:0001f390       __unwindfunclet$??1CPixProWAvgDlg@@UAE@XZ$0 67da0390 f   PixProDlg.obj
 0001:0001f398       __ehhandler$??1CPixProWAvgDlg@@UAE@XZ 67da0398 f   PixProDlg.obj
 0001:0001f3c0       __unwindfunclet$??1CPixProIntScaleDlg@@UAE@XZ$0 67da03c0 f   PixProDlg.obj
 0001:0001f3c8       __ehhandler$??1CPixProIntScaleDlg@@UAE@XZ 67da03c8 f   PixProDlg.obj
 0001:0001f3f0       __unwindfunclet$??1CPixProDlg@@UAE@XZ$0 67da03f0 f   PixProDlg.obj
 0001:0001f3f8       __unwindfunclet$??1CPixProDlg@@UAE@XZ$1 67da03f8 f   PixProDlg.obj
 0001:0001f406       __unwindfunclet$??1CPixProDlg@@UAE@XZ$2 67da0406 f   PixProDlg.obj
 0001:0001f414       __unwindfunclet$??1CPixProDlg@@UAE@XZ$3 67da0414 f   PixProDlg.obj
 0001:0001f422       __unwindfunclet$??1CPixProDlg@@UAE@XZ$4 67da0422 f   PixProDlg.obj
 0001:0001f430       __ehhandler$??1CPixProDlg@@UAE@XZ 67da0430 f   PixProDlg.obj
 0001:0001f450       __unwindfunclet$??0CPixProDlg@@QAE@PAVCWnd@@PAVSapPixPro@@PAVSapXferNode@@@Z$0 67da0450 f   PixProDlg.obj
 0001:0001f45b       __unwindfunclet$??0CPixProDlg@@QAE@PAVCWnd@@PAVSapPixPro@@PAVSapXferNode@@@Z$1 67da045b f   PixProDlg.obj
 0001:0001f46c       __unwindfunclet$??0CPixProDlg@@QAE@PAVCWnd@@PAVSapPixPro@@PAVSapXferNode@@@Z$2 67da046c f   PixProDlg.obj
 0001:0001f47d       __unwindfunclet$??0CPixProDlg@@QAE@PAVCWnd@@PAVSapPixPro@@PAVSapXferNode@@@Z$3 67da047d f   PixProDlg.obj
 0001:0001f48e       __unwindfunclet$??0CPixProDlg@@QAE@PAVCWnd@@PAVSapPixPro@@PAVSapXferNode@@@Z$4 67da048e f   PixProDlg.obj
 0001:0001f49f       __unwindfunclet$??0CPixProDlg@@QAE@PAVCWnd@@PAVSapPixPro@@PAVSapXferNode@@@Z$6 67da049f f   PixProDlg.obj
 0001:0001f4b1       __unwindfunclet$??0CPixProDlg@@QAE@PAVCWnd@@PAVSapPixPro@@PAVSapXferNode@@@Z$7 67da04b1 f   PixProDlg.obj
 0001:0001f4ba       __unwindfunclet$??0CPixProDlg@@QAE@PAVCWnd@@PAVSapPixPro@@PAVSapXferNode@@@Z$8 67da04ba f   PixProDlg.obj
 0001:0001f4c3       __unwindfunclet$??0CPixProDlg@@QAE@PAVCWnd@@PAVSapPixPro@@PAVSapXferNode@@@Z$10 67da04c3 f   PixProDlg.obj
 0001:0001f4cf       __ehhandler$??0CPixProDlg@@QAE@PAVCWnd@@PAVSapPixPro@@PAVSapXferNode@@@Z 67da04cf f   PixProDlg.obj
 0001:0001f500       __unwindfunclet$?FillFunctionCombo@CPixProDlg@@IAEXXZ$0 67da0500 f   PixProDlg.obj
 0001:0001f50c       __unwindfunclet$?FillFunctionCombo@CPixProDlg@@IAEXXZ$1 67da050c f   PixProDlg.obj
 0001:0001f518       __ehhandler$?FillFunctionCombo@CPixProDlg@@IAEXXZ 67da0518 f   PixProDlg.obj
 0001:0001f540       __unwindfunclet$?SetDirectories@CPixProDlg@@IAEXXZ$0 67da0540 f   PixProDlg.obj
 0001:0001f54c       __ehhandler$?SetDirectories@CPixProDlg@@IAEXXZ 67da054c f   PixProDlg.obj
 0001:0001f580       __unwindfunclet$?OnOK@CPixProDlg@@MAEXXZ$0 67da0580 f   PixProDlg.obj
 0001:0001f58c       __unwindfunclet$?OnOK@CPixProDlg@@MAEXXZ$1 67da058c f   PixProDlg.obj
 0001:0001f598       __unwindfunclet$?OnOK@CPixProDlg@@MAEXXZ$2 67da0598 f   PixProDlg.obj
 0001:0001f5a3       __unwindfunclet$?OnOK@CPixProDlg@@MAEXXZ$3 67da05a3 f   PixProDlg.obj
 0001:0001f5ae       __unwindfunclet$?OnOK@CPixProDlg@@MAEXXZ$4 67da05ae f   PixProDlg.obj
 0001:0001f5b9       __unwindfunclet$?OnOK@CPixProDlg@@MAEXXZ$5 67da05b9 f   PixProDlg.obj
 0001:0001f5c4       __unwindfunclet$?OnOK@CPixProDlg@@MAEXXZ$10 67da05c4 f   PixProDlg.obj
 0001:0001f5cf       __unwindfunclet$?OnOK@CPixProDlg@@MAEXXZ$6 67da05cf f   PixProDlg.obj
 0001:0001f5da       __unwindfunclet$?OnOK@CPixProDlg@@MAEXXZ$12 67da05da f   PixProDlg.obj
 0001:0001f5e5       __ehhandler$?OnOK@CPixProDlg@@MAEXXZ 67da05e5 f   PixProDlg.obj
 0001:0001f610       __unwindfunclet$?OnBrowse@CPixProDlg@@IAEXXZ$0 67da0610 f   PixProDlg.obj
 0001:0001f619       __unwindfunclet$?OnBrowse@CPixProDlg@@IAEXXZ$1 67da0619 f   PixProDlg.obj
 0001:0001f621       __unwindfunclet$?OnBrowse@CPixProDlg@@IAEXXZ$2 67da0621 f   PixProDlg.obj
 0001:0001f62a       __ehhandler$?OnBrowse@CPixProDlg@@IAEXXZ 67da062a f   PixProDlg.obj
 0001:0001f650       __unwindfunclet$??0CPixProIntScaleDlg@@QAE@PAVCWnd@@PAUCORPPL_FCT_PROP@@PAVSapPixProParams@@@Z$0 67da0650 f   PixProIntScaleDlg.obj
 0001:0001f658       __ehhandler$??0CPixProIntScaleDlg@@QAE@PAVCWnd@@PAUCORPPL_FCT_PROP@@PAVSapPixProParams@@@Z 67da0658 f   PixProIntScaleDlg.obj
 0001:0001f680       __unwindfunclet$??_GCPixProIntScaleDlg@@UAEPAXI@Z$0 67da0680 f   PixProIntScaleDlg.obj
 0001:0001f688       __ehhandler$??_GCPixProIntScaleDlg@@UAEPAXI@Z 67da0688 f   PixProIntScaleDlg.obj
 0001:0001f6b0       __unwindfunclet$??0CPixProWAvgDlg@@QAE@PAVCWnd@@PAUCORPPL_FCT_PROP@@PAVSapPixProParams@@@Z$0 67da06b0 f   PixProWAvgDlg.obj
 0001:0001f6b8       __ehhandler$??0CPixProWAvgDlg@@QAE@PAVCWnd@@PAUCORPPL_FCT_PROP@@PAVSapPixProParams@@@Z 67da06b8 f   PixProWAvgDlg.obj
 0001:0001f6e0       __unwindfunclet$??_GCPixProWAvgDlg@@UAEPAXI@Z$0 67da06e0 f   PixProWAvgDlg.obj
 0001:0001f6e8       __ehhandler$??_GCPixProWAvgDlg@@UAEPAXI@Z 67da06e8 f   PixProWAvgDlg.obj
 0001:0001f710       __unwindfunclet$??0CRawFileDlg@@QAE@PAVCWnd@@HHHH@Z$0 67da0710 f   RawFileDlg.obj
 0001:0001f718       __unwindfunclet$??0CRawFileDlg@@QAE@PAVCWnd@@HHHH@Z$1 67da0718 f   RawFileDlg.obj
 0001:0001f726       __ehhandler$??0CRawFileDlg@@QAE@PAVCWnd@@HHHH@Z 67da0726 f   RawFileDlg.obj
 0001:0001f750       __unwindfunclet$??_GCRawFileDlg@@UAEPAXI@Z$0 67da0750 f   RawFileDlg.obj
 0001:0001f758       __ehhandler$??_GCRawFileDlg@@UAEPAXI@Z 67da0758 f   RawFileDlg.obj
 0001:0001f780       __unwindfunclet$??1CViewDlg@@UAE@XZ$0 67da0780 f   SapClassGui.obj
 0001:0001f788       __unwindfunclet$??1CViewDlg@@UAE@XZ$1 67da0788 f   SapClassGui.obj
 0001:0001f796       __unwindfunclet$??1CViewDlg@@UAE@XZ$2 67da0796 f   SapClassGui.obj
 0001:0001f7a4       __unwindfunclet$??1CViewDlg@@UAE@XZ$3 67da07a4 f   SapClassGui.obj
 0001:0001f7b2       __ehhandler$??1CViewDlg@@UAE@XZ 67da07b2 f   SapClassGui.obj
 0001:0001f7d0       __unwindfunclet$?SapClassGuiInitModule@@YAXXZ$0 67da07d0 f   SapClassGui.obj
 0001:0001f7da       __ehhandler$?SapClassGuiInitModule@@YAXXZ 67da07da f   SapClassGui.obj
 0001:0001f800       __unwindfunclet$??0CTiffFileDlg@@QAE@PAVCWnd@@HH@Z$0 67da0800 f   TiffFileDlg.obj
 0001:0001f808       __ehhandler$??0CTiffFileDlg@@QAE@PAVCWnd@@HH@Z 67da0808 f   TiffFileDlg.obj
 0001:0001f830       __unwindfunclet$??_GCViewDlg@@UAEPAXI@Z$0 67da0830 f   ViewDlg.obj
 0001:0001f838       __unwindfunclet$??_GCViewDlg@@UAEPAXI@Z$1 67da0838 f   ViewDlg.obj
 0001:0001f846       __unwindfunclet$??_GCViewDlg@@UAEPAXI@Z$2 67da0846 f   ViewDlg.obj
 0001:0001f854       __unwindfunclet$??_GCViewDlg@@UAEPAXI@Z$3 67da0854 f   ViewDlg.obj
 0001:0001f862       __ehhandler$??_GCViewDlg@@UAEPAXI@Z 67da0862 f   ViewDlg.obj
 0001:0001f880       __unwindfunclet$??0CViewDlg@@QAE@PAVCWnd@@PAVSapView@@@Z$0 67da0880 f   ViewDlg.obj
 0001:0001f888       __unwindfunclet$??0CViewDlg@@QAE@PAVCWnd@@PAVSapView@@@Z$1 67da0888 f   ViewDlg.obj
 0001:0001f896       __unwindfunclet$??0CViewDlg@@QAE@PAVCWnd@@PAVSapView@@@Z$2 67da0896 f   ViewDlg.obj
 0001:0001f8a4       __unwindfunclet$??0CViewDlg@@QAE@PAVCWnd@@PAVSapView@@@Z$3 67da08a4 f   ViewDlg.obj
 0001:0001f8b2       __unwindfunclet$??0CViewDlg@@QAE@PAVCWnd@@PAVSapView@@@Z$4 67da08b2 f   ViewDlg.obj
 0001:0001f8c0       __unwindfunclet$??0CViewDlg@@QAE@PAVCWnd@@PAVSapView@@@Z$5 67da08c0 f   ViewDlg.obj
 0001:0001f8c9       __ehhandler$??0CViewDlg@@QAE@PAVCWnd@@PAVSapView@@@Z 67da08c9 f   ViewDlg.obj
 0001:0001f8f0       ??__E?m_Methods@CColorConversionOptionsDlg@@0PAUSapColorConversionMethodDictionary@@A@@YAXXZ 67da08f0 f   ColorConversionDlg.obj
 0001:0001fa20       ??__E?m_TiffCompressionTypes@CLoadSaveDlg@@1PAV?$CStringT@DV?$StrTraitMFC_DLL@DV?$ChTraitsCRT@D@ATL@@@@@ATL@@A@@YAXXZ 67da0a20 f   LoadSaveDlg.obj
 0001:0001fab0       ??__F?m_Methods@CColorConversionOptionsDlg@@0PAUSapColorConversionMethodDictionary@@A@@YAXXZ 67da0ab0 f   ColorConversionDlg.obj
 0001:0001fad0       ??__F?m_TiffCompressionTypes@CLoadSaveDlg@@1PAV?$CStringT@DV?$StrTraitMFC_DLL@DV?$ChTraitsCRT@D@ATL@@@@@ATL@@A@@YAXXZ 67da0ad0 f   LoadSaveDlg.obj
