 SapClassGui80D.NET_2010

 Timestamp is 56abf76e (Fri Jan 29 17:36:14 2016)

 Preferred load address is 67d80000

 Start         Length     Name                   Class
 0001:00000000 000330beH .text                   CODE
 0001:000330c0 00002eedH .text$x                 CODE
 0001:00035fb0 000006c8H .text$yc                CODE
 0001:00036680 00000071H .text$yd                CODE
 0002:00000000 00000c10H .idata$5                DATA
 0002:00000c10 00000004H .CRT$XCA                DATA
 0002:00000c14 0000000cH .CRT$XCC                DATA
 0002:00000c20 0000006cH .CRT$XCL                DATA
 0002:00000c8c 00000010H .CRT$XCU                DATA
 0002:00000c9c 00000004H .CRT$XCZ                DATA
 0002:00000ca0 00000004H .CRT$XIA                DATA
 0002:00000ca4 00000004H .CRT$XIAA               DATA
 0002:00000ca8 00000004H .CRT$XIC                DATA
 0002:00000cac 00000004H .CRT$XIZ                DATA
 0002:00000cb0 00008f68H .rdata                  DATA
 0002:00009c18 0000006eH .rdata$debug            DATA
 0002:00009c88 00000e48H .rdata$r                DATA
 0002:0000aad0 0000021cH .rdata$sxdata           DATA
 0002:0000acec 00000004H .rtc$IAA                DATA
 0002:0000acf0 00000078H .rtc$IMZ                DATA
 0002:0000ad68 00000004H .rtc$IZZ                DATA
 0002:0000ad6c 00000004H .rtc$TAA                DATA
 0002:0000ad70 00000078H .rtc$TMZ                DATA
 0002:0000ade8 00000004H .rtc$TZZ                DATA
 0002:0000adf0 00002284H .xdata$x                DATA
 0002:0000d074 00000004H ATL$__a                 DATA
 0002:0000d078 00000004H ATL$__z                 DATA
 0002:0000d07c 000000b4H .idata$2                DATA
 0002:0000d130 00000014H .idata$3                DATA
 0002:0000d144 00000c10H .idata$4                DATA
 0002:0000dd54 00003cceH .idata$6                DATA
 0002:00011a30 00005ed5H .edata                  DATA
 0003:00000000 00000dc8H .data                   DATA
 0003:00000dc8 000004c4H .bss                    DATA
 0004:00000000 000008b0H .rsrc$01                DATA
 0004:000008b0 00019488H .rsrc$02                DATA

  Address         Publics by Value              Rva+Base       Lib:Object

 0000:00000000       __except_list              00000000     <absolute>
 0000:00000087       ___safe_se_handler_count   00000087     <absolute>
 0000:00009876       __fltused                  00009876     <absolute>
 0000:00009876       __ldused                   00009876     <absolute>
 0000:00000000       ___ImageBase               67d80000     <linker-defined>
 0001:00000000       ??0CAbortDlg@@QAE@PAVCWnd@@PAVSapTransfer@@H@Z 67d81000 f   AbortDlg.obj
 0001:00000070       ?DoDataExchange@CAbortDlg@@MAEXPAVCDataExchange@@@Z 67d81070 f   AbortDlg.obj
 0001:000000a0       ?GetMessageMap@CAbortDlg@@MBEPBUAFX_MSGMAP@@XZ 67d810a0 f   AbortDlg.obj
 0001:000000d0       ?GetThisMessageMap@CAbortDlg@@KGPBUAFX_MSGMAP@@XZ 67d810d0 f   AbortDlg.obj
 0001:000000e0       ?OnInitDialog@CAbortDlg@@MAEHXZ 67d810e0 f   AbortDlg.obj
 0001:000001c0       ?OnAbort@CAbortDlg@@IAEXXZ 67d811c0 f   AbortDlg.obj
 0001:000001f0       ?OnTimer@CAbortDlg@@IAEXI@Z 67d811f0 f   AbortDlg.obj
 0001:000002d0       ??_GCAbortDlg@@UAEPAXI@Z   67d812d0 f i AbortDlg.obj
 0001:00000310       ??1CAbortDlg@@UAE@XZ       67d81310 f i AbortDlg.obj
 0001:00000340       ??_ECAbortDlg@@UAEPAXI@Z   67d81340 f i AbortDlg.obj
 0001:000003c0       ??0CAcqConfigDlg@@QAE@PAVCWnd@@W4ServerCategory@0@@Z 67d813c0 f   AcqConfigDlg.obj
 0001:00000570       ??0CAcqConfigDlg@@QAE@PAVCWnd@@VSapLocation@@PBDW4ServerCategory@0@@Z 67d81570 f   AcqConfigDlg.obj
 0001:00000830       ??0CAcqConfigDlg@@QAE@PAVCWnd@@PAVSapAcquisition@@PBD@Z 67d81830 f   AcqConfigDlg.obj
 0001:00000b90       ?GetLocation@CAcqConfigDlg@@QAE?AVSapLocation@@XZ 67d81b90 f   AcqConfigDlg.obj
 0001:00000c80       ?UpdateAcquisition@CAcqConfigDlg@@IAEHXZ 67d81c80 f   AcqConfigDlg.obj
 0001:00000e40       ?LoadSettings@CAcqConfigDlg@@IAEXXZ 67d81e40 f   AcqConfigDlg.obj
 0001:000011b0       ?SaveSettings@CAcqConfigDlg@@IAEXXZ 67d821b0 f   AcqConfigDlg.obj
 0001:000013b0       ?DoDataExchange@CAcqConfigDlg@@MAEXPAVCDataExchange@@@Z 67d823b0 f   AcqConfigDlg.obj
 0001:00001470       ?GetMessageMap@CAcqConfigDlg@@MBEPBUAFX_MSGMAP@@XZ 67d82470 f   AcqConfigDlg.obj
 0001:000014a0       ?GetThisMessageMap@CAcqConfigDlg@@KGPBUAFX_MSGMAP@@XZ 67d824a0 f   AcqConfigDlg.obj
 0001:000014b0       ?OnInitDialog@CAcqConfigDlg@@MAEHXZ 67d824b0 f   AcqConfigDlg.obj
 0001:000015e0       ?InitServerCombo@CAcqConfigDlg@@IAEXXZ 67d825e0 f   AcqConfigDlg.obj
 0001:00001970       ?InitResourceCombo@CAcqConfigDlg@@IAEXXZ 67d82970 f   AcqConfigDlg.obj
 0001:00001f50       ?OnConfigBrowse@CAcqConfigDlg@@IAEXXZ 67d82f50 f   AcqConfigDlg.obj
 0001:000021c0       ?SplitConfigFilePath@CAcqConfigDlg@@IAEXXZ 67d831c0 f   AcqConfigDlg.obj
 0001:00002350       ?UpdateDescription@CAcqConfigDlg@@IAEXXZ 67d83350 f   AcqConfigDlg.obj
 0001:00002880       ?UpdateMenu@CAcqConfigDlg@@IAEXXZ 67d83880 f   AcqConfigDlg.obj
 0001:000029b0       ?ValidateCCFAgainstServerName@CAcqConfigDlg@@IAE_N_N@Z 67d839b0 f   AcqConfigDlg.obj
 0001:00002c60       ?OnOK@CAcqConfigDlg@@MAEXXZ 67d83c60 f   AcqConfigDlg.obj
 0001:00002d90       ?OnSelchangeComboServer@CAcqConfigDlg@@IAEXXZ 67d83d90 f   AcqConfigDlg.obj
 0001:00002dd0       ?OnSelchangeComboResource@CAcqConfigDlg@@IAEXXZ 67d83dd0 f   AcqConfigDlg.obj
 0001:00002e00       ?OnBnClickedConfigFileCheck@CAcqConfigDlg@@IAEXXZ 67d83e00 f   AcqConfigDlg.obj
 0001:00002e30       ?GetConfigFile@CAcqConfigDlg@@QAEPADXZ 67d83e30 f   AcqConfigDlg.obj
 0001:000030e0       ?strstr@@YAPADPADPBD@Z     67d840e0 f i AcqConfigDlg.obj
 0001:00003110       ?strrchr@@YAPADPADH@Z      67d84110 f i AcqConfigDlg.obj
 0001:00003140       ??HATL@@YA?AV?$CStringT@DV?$StrTraitMFC_DLL@DV?$ChTraitsCRT@D@ATL@@@@@0@ABV10@0@Z 67d84140 f i AcqConfigDlg.obj
 0001:000032a0       ??_ECAcqConfigDlg@@WJE@AEPAXI@Z 67d842a0 f i AcqConfigDlg.obj
 0001:000032b0       ?StringCbCopyA@@YGJPADIPBD@Z 67d842b0 f i AcqConfigDlg.obj
 0001:00003320       ?StringCbPrintfA@@YAJPADIPBDZZ 67d84320 f i AcqConfigDlg.obj
 0001:000033a0       ??_GCAcqConfigDlg@@UAEPAXI@Z 67d843a0 f i AcqConfigDlg.obj
 0001:000033e0       ??1CAcqConfigDlg@@UAE@XZ   67d843e0 f i AcqConfigDlg.obj
 0001:00003510       ??_ECAcqConfigDlg@@UAEPAXI@Z 67d84510 f i AcqConfigDlg.obj
 0001:00003590       ??0CAcqDlg@@QAE@PAVCWnd@@PAVSapAcquisition@@@Z 67d84590 f   AcqDlg.obj
 0001:00003650       ?DoDataExchange@CAcqDlg@@MAEXPAVCDataExchange@@@Z 67d84650 f   AcqDlg.obj
 0001:000036b0       ?GetMessageMap@CAcqDlg@@MBEPBUAFX_MSGMAP@@XZ 67d846b0 f   AcqDlg.obj
 0001:000036e0       ?GetThisMessageMap@CAcqDlg@@KGPBUAFX_MSGMAP@@XZ 67d846e0 f   AcqDlg.obj
 0001:000036f0       ?OnOK@CAcqDlg@@MAEXXZ      67d846f0 f   AcqDlg.obj
 0001:00003960       ?OnInitDialog@CAcqDlg@@MAEHXZ 67d84960 f   AcqDlg.obj
 0001:00004290       ?UpdateWindow@CAcqDlg@@IAEXXZ 67d85290 f   AcqDlg.obj
 0001:000043c0       ?OnExternalTriggerEnable@CAcqDlg@@IAEXXZ 67d853c0 f   AcqDlg.obj
 0001:000044f0       ??_ECAcqDlg@@WJE@AEPAXI@Z  67d854f0 f i AcqDlg.obj
 0001:00004500       ??_GCAcqDlg@@UAEPAXI@Z     67d85500 f i AcqDlg.obj
 0001:00004540       ??1CAcqDlg@@UAE@XZ         67d85540 f i AcqDlg.obj
 0001:000045c0       ??_ECAcqDlg@@UAEPAXI@Z     67d855c0 f i AcqDlg.obj
 0001:00004640       ??0CAScanDlg@@QAE@PAVCWnd@@PAVSapAcquisition@@@Z 67d85640 f   AScanDlg.obj
 0001:00004730       ?DoDataExchange@CAScanDlg@@MAEXPAVCDataExchange@@@Z 67d85730 f   AScanDlg.obj
 0001:000047c0       ?GetMessageMap@CAScanDlg@@MBEPBUAFX_MSGMAP@@XZ 67d857c0 f   AScanDlg.obj
 0001:000047f0       ?GetThisMessageMap@CAScanDlg@@KGPBUAFX_MSGMAP@@XZ 67d857f0 f   AScanDlg.obj
 0001:00004800       ?OnOK@CAScanDlg@@MAEXXZ    67d85800 f   AScanDlg.obj
 0001:00004c80       ?OnInitDialog@CAScanDlg@@MAEHXZ 67d85c80 f   AScanDlg.obj
 0001:00005660       ?UpdateWindow@CAScanDlg@@IAEXXZ 67d86660 f   AScanDlg.obj
 0001:000057b0       ?OnCamTriggerEnable@CAScanDlg@@IAEXXZ 67d867b0 f   AScanDlg.obj
 0001:000057e0       ?OnCamResetEnable@CAScanDlg@@IAEXXZ 67d867e0 f   AScanDlg.obj
 0001:00005810       ?OnTimeIntegrate@CAScanDlg@@IAEXXZ 67d86810 f   AScanDlg.obj
 0001:00005840       ?OnKillfocusEditTime@CAScanDlg@@IAEXXZ 67d86840 f   AScanDlg.obj
 0001:00005880       ?OnFrameIntegrate@CAScanDlg@@IAEXXZ 67d86880 f   AScanDlg.obj
 0001:000058b0       ?OnKillfocusEditFrame@CAScanDlg@@IAEXXZ 67d868b0 f   AScanDlg.obj
 0001:000058f0       ?OnVScroll@CAScanDlg@@IAEXIIPAVCScrollBar@@@Z 67d868f0 f   AScanDlg.obj
 0001:00005a20       ?VerifyTimeIntegrateDuration@CAScanDlg@@IAEXH@Z 67d86a20 f   AScanDlg.obj
 0001:00005c30       ?VerifyFrameIntegrateCount@CAScanDlg@@IAEXXZ 67d86c30 f   AScanDlg.obj
 0001:00005ec0       ??_ECAScanDlg@@WJE@AEPAXI@Z 67d86ec0 f i AScanDlg.obj
 0001:00005ed0       ??_GCAScanDlg@@UAEPAXI@Z   67d86ed0 f i AScanDlg.obj
 0001:00005f10       ??1CAScanDlg@@UAE@XZ       67d86f10 f i AScanDlg.obj
 0001:00005fb0       ??_ECAScanDlg@@UAEPAXI@Z   67d86fb0 f i AScanDlg.obj
 0001:00006030       ??0CAviFileDlg@@QAE@PAVCWnd@@HHHH@Z 67d87030 f   AviFileDlg.obj
 0001:00006180       ?DoDataExchange@CAviFileDlg@@MAEXPAVCDataExchange@@@Z 67d87180 f   AviFileDlg.obj
 0001:00006210       ?GetMessageMap@CAviFileDlg@@MBEPBUAFX_MSGMAP@@XZ 67d87210 f   AviFileDlg.obj
 0001:00006240       ?GetThisMessageMap@CAviFileDlg@@KGPBUAFX_MSGMAP@@XZ 67d87240 f   AviFileDlg.obj
 0001:00006250       ?OnVScroll@CAviFileDlg@@IAEXIIPAVCScrollBar@@@Z 67d87250 f   AviFileDlg.obj
 0001:00006370       ?OnUpdateAviEditFirstFrame@CAviFileDlg@@IAEXXZ 67d87370 f   AviFileDlg.obj
 0001:000063a0       ?OnUpdateAviEditCompressionLevel@CAviFileDlg@@IAEXXZ 67d873a0 f   AviFileDlg.obj
 0001:000063d0       ?OnInitDialog@CAviFileDlg@@MAEHXZ 67d873d0 f   AviFileDlg.obj
 0001:000064b0       ?OnOK@CAviFileDlg@@MAEXXZ  67d874b0 f   AviFileDlg.obj
 0001:00006590       ??_ECAviFileDlg@@UAEPAXI@Z 67d87590 f i AviFileDlg.obj
 0001:00006590       ??_GCAviFileDlg@@UAEPAXI@Z 67d87590 f i AviFileDlg.obj
 0001:000065d0       ??1CAviFileDlg@@UAE@XZ     67d875d0 f i AviFileDlg.obj
 0001:00006600       ??0CBayerOptionsDlg@@QAE@PAVCWnd@@PAVSapBayer@@PAVSapTransfer@@PAVCImageWnd@@PAVSapProcessing@@@Z 67d87600 f   BayerDlg.obj
 0001:00006710       ??1CBayerOptionsDlg@@UAE@XZ 67d87710 f   BayerDlg.obj
 0001:000067a0       ?DoDataExchange@CBayerOptionsDlg@@MAEXPAVCDataExchange@@@Z 67d877a0 f   BayerDlg.obj
 0001:00006870       ?GetMessageMap@CBayerOptionsDlg@@MBEPBUAFX_MSGMAP@@XZ 67d87870 f   BayerDlg.obj
 0001:000068a0       ?GetThisMessageMap@CBayerOptionsDlg@@KGPBUAFX_MSGMAP@@XZ 67d878a0 f   BayerDlg.obj
 0001:000068b0       ?OnInitDialog@CBayerOptionsDlg@@MAEHXZ 67d878b0 f   BayerDlg.obj
 0001:00006910       ?UpdateInterface@CBayerOptionsDlg@@QAEXXZ 67d87910 f   BayerDlg.obj
 0001:00006d20       ?OnChange@CBayerOptionsDlg@@IAEXXZ 67d87d20 f   BayerDlg.obj
 0001:00006d60       ?OnGammaEnable@CBayerOptionsDlg@@IAEXXZ 67d87d60 f   BayerDlg.obj
 0001:00006e00       ?OnChangeRange@CBayerOptionsDlg@@IAEXI@Z 67d87e00 f   BayerDlg.obj
 0001:00006e30       ?OnAutoWhiteBalance@CBayerOptionsDlg@@IAEXXZ 67d87e30 f   BayerDlg.obj
 0001:00006fb0       ?OnApply@CBayerOptionsDlg@@IAEXXZ 67d87fb0 f   BayerDlg.obj
 0001:00007230       ?OnShowWindow@CBayerOptionsDlg@@IAEXHI@Z 67d88230 f   BayerDlg.obj
 0001:000072a0       ?UpdateView@CBayerOptionsDlg@@IAEXXZ 67d882a0 f   BayerDlg.obj
 0001:00007400       ?OnClose@CBayerOptionsDlg@@IAEXXZ 67d88400 f   BayerDlg.obj
 0001:00007460       ??_ECBayerOptionsDlg@@WJE@AEPAXI@Z 67d88460 f i BayerDlg.obj
 0001:00007470       ?IsRoiTrackerActive@CImageWnd@@QAEHXZ 67d88470 f i BayerDlg.obj
 0001:00007490       ??_GCBayerOptionsDlg@@UAEPAXI@Z 67d88490 f i BayerDlg.obj
 0001:000074d0       ??_ECBayerOptionsDlg@@UAEPAXI@Z 67d884d0 f i BayerDlg.obj
 0001:00007550       ??0CBrowseDirDlg@@QAE@PBD@Z 67d88550 f   BrowseDirDlg.obj
 0001:000075e0       ?DoModal@CBrowseDirDlg@@QAEHXZ 67d885e0 f   BrowseDirDlg.obj
 0001:00007a90       ?BrowseHookProc@CBrowseDirDlg@@KGIPAUHWND__@@IIJ@Z 67d88a90 f   BrowseDirDlg.obj
 0001:00007bd0       ??HATL@@YA?AV?$CStringT@DV?$StrTraitMFC_DLL@DV?$ChTraitsCRT@D@ATL@@@@@0@ABV10@D@Z 67d88bd0 f i BrowseDirDlg.obj
 0001:00007d30       ??0CBufDlg@@QAE@PAVCWnd@@PAVSapBuffer@@PAVSapDisplay@@@Z 67d88d30 f   BufDlg.obj
 0001:00008080       ?UpdateBuffer@CBufDlg@@IAEHXZ 67d89080 f   BufDlg.obj
 0001:00008210       ?DoDataExchange@CBufDlg@@MAEXPAVCDataExchange@@@Z 67d89210 f   BufDlg.obj
 0001:000082d0       ?GetMessageMap@CBufDlg@@MBEPBUAFX_MSGMAP@@XZ 67d892d0 f   BufDlg.obj
 0001:00008300       ?GetThisMessageMap@CBufDlg@@KGPBUAFX_MSGMAP@@XZ 67d89300 f   BufDlg.obj
 0001:00008310       ?OnInitDialog@CBufDlg@@MAEHXZ 67d89310 f   BufDlg.obj
 0001:00008450       ?OnSelchangeComboFormat@CBufDlg@@IAEXXZ 67d89450 f   BufDlg.obj
 0001:000084f0       ?OnOK@CBufDlg@@MAEXXZ      67d894f0 f   BufDlg.obj
 0001:00008530       ?EnableControls@CBufDlg@@IAEXXZ 67d89530 f   BufDlg.obj
 0001:00008630       ??_GCBufDlg@@UAEPAXI@Z     67d89630 f i BufDlg.obj
 0001:00008670       ??1CBufDlg@@UAE@XZ         67d89670 f i BufDlg.obj
 0001:00008720       ??_ECBufDlg@@UAEPAXI@Z     67d89720 f i BufDlg.obj
 0001:000087a0       ??0CCabDlg@@QAE@PAVCWnd@@PAVSapCab@@PAVSapXferNode@@H@Z 67d897a0 f   CabDlg.obj
 0001:00008a20       ??1CCabDlg@@UAE@XZ         67d89a20 f   CabDlg.obj
 0001:00008b30       ?DoDataExchange@CCabDlg@@MAEXPAVCDataExchange@@@Z 67d89b30 f   CabDlg.obj
 0001:00008bd0       ?GetMessageMap@CCabDlg@@MBEPBUAFX_MSGMAP@@XZ 67d89bd0 f   CabDlg.obj
 0001:00008c00       ?GetThisMessageMap@CCabDlg@@KGPBUAFX_MSGMAP@@XZ 67d89c00 f   CabDlg.obj
 0001:00008c10       ?EnableControls@CCabDlg@@QAEXXZ 67d89c10 f   CabDlg.obj
 0001:000090a0       ?OnInitDialog@CCabDlg@@MAEHXZ 67d8a0a0 f   CabDlg.obj
 0001:00009800       ?OnOK@CCabDlg@@MAEXXZ      67d8a800 f   CabDlg.obj
 0001:00009b90       ?OnCabTransmitter@CCabDlg@@IAEXXZ 67d8ab90 f   CabDlg.obj
 0001:00009bd0       ?OnCabReceiver@CCabDlg@@IAEXXZ 67d8abd0 f   CabDlg.obj
 0001:00009c10       ?OnSelchangeCabTransferMode@CCabDlg@@IAEXXZ 67d8ac10 f   CabDlg.obj
 0001:00009c40       ?OnSelchangeCabChannelTable@CCabDlg@@IAEXPAUtagNMHDR@@PAJ@Z 67d8ac40 f   CabDlg.obj
 0001:00009ca0       ?OnCabChannel0@CCabDlg@@IAEXXZ 67d8aca0 f   CabDlg.obj
 0001:00009cd0       ?OnCabChannel1@CCabDlg@@IAEXXZ 67d8acd0 f   CabDlg.obj
 0001:00009d00       ?OnCabChannel2@CCabDlg@@IAEXXZ 67d8ad00 f   CabDlg.obj
 0001:00009d30       ?OnCabChannel3@CCabDlg@@IAEXXZ 67d8ad30 f   CabDlg.obj
 0001:00009d60       ?OnCabChannel4@CCabDlg@@IAEXXZ 67d8ad60 f   CabDlg.obj
 0001:00009d90       ?OnCabChannel5@CCabDlg@@IAEXXZ 67d8ad90 f   CabDlg.obj
 0001:00009dc0       ?OnCabChannel6@CCabDlg@@IAEXXZ 67d8adc0 f   CabDlg.obj
 0001:00009df0       ?OnCabChannel7@CCabDlg@@IAEXXZ 67d8adf0 f   CabDlg.obj
 0001:00009e20       ?OnCabChannel8@CCabDlg@@IAEXXZ 67d8ae20 f   CabDlg.obj
 0001:00009e50       ?OnCabChannel9@CCabDlg@@IAEXXZ 67d8ae50 f   CabDlg.obj
 0001:00009e80       ?OnCabChannel10@CCabDlg@@IAEXXZ 67d8ae80 f   CabDlg.obj
 0001:00009eb0       ?OnCabChannel11@CCabDlg@@IAEXXZ 67d8aeb0 f   CabDlg.obj
 0001:00009ee0       ?OnCabChannel12@CCabDlg@@IAEXXZ 67d8aee0 f   CabDlg.obj
 0001:00009f10       ?OnCabChannel13@CCabDlg@@IAEXXZ 67d8af10 f   CabDlg.obj
 0001:00009f40       ?OnCabChannel14@CCabDlg@@IAEXXZ 67d8af40 f   CabDlg.obj
 0001:00009f70       ?OnCabChannel15@CCabDlg@@IAEXXZ 67d8af70 f   CabDlg.obj
 0001:00009fa0       ?ToggleCabChannel@CCabDlg@@IAEXH@Z 67d8afa0 f   CabDlg.obj
 0001:0000a000       ?DestroyWindow@CCabDlg@@UAEHXZ 67d8b000 f   CabDlg.obj
 0001:0000a070       ??_ESapCab@@UAEPAXI@Z      67d8b070 f i CabDlg.obj
 0001:0000a070       ??_GSapCab@@UAEPAXI@Z      67d8b070 f i CabDlg.obj
 0001:0000a0c0       ??_ECCabDlg@@WJE@AEPAXI@Z  67d8b0c0 f i CabDlg.obj
 0001:0000a0d0       ??_GCCabDlg@@UAEPAXI@Z     67d8b0d0 f i CabDlg.obj
 0001:0000a110       ??_ECCabDlg@@UAEPAXI@Z     67d8b110 f i CabDlg.obj
 0001:0000a190       ??0CCamVicDlg@@QAE@PAVCWnd@@PAVSapAcquisition@@PBD@Z 67d8b190 f   CamVicDlg.obj
 0001:0000a580       ?UpdateAcquisition@CCamVicDlg@@IAEHXZ 67d8b580 f   CamVicDlg.obj
 0001:0000a7b0       ?LoadSettings@CCamVicDlg@@IAEXXZ 67d8b7b0 f   CamVicDlg.obj
 0001:0000aa50       ?SaveSettings@CCamVicDlg@@IAEXXZ 67d8ba50 f   CamVicDlg.obj
 0001:0000ab70       ?SetDirectories@CCamVicDlg@@IAEXXZ 67d8bb70 f   CamVicDlg.obj
 0001:0000b180       ?DoDataExchange@CCamVicDlg@@MAEXPAVCDataExchange@@@Z 67d8c180 f   CamVicDlg.obj
 0001:0000b270       ?GetMessageMap@CCamVicDlg@@MBEPBUAFX_MSGMAP@@XZ 67d8c270 f   CamVicDlg.obj
 0001:0000b2a0       ?GetThisMessageMap@CCamVicDlg@@KGPBUAFX_MSGMAP@@XZ 67d8c2a0 f   CamVicDlg.obj
 0001:0000b2b0       ?OnInitDialog@CCamVicDlg@@MAEHXZ 67d8c2b0 f   CamVicDlg.obj
 0001:0000b330       ?InitServerCombo@CCamVicDlg@@IAEXXZ 67d8c330 f   CamVicDlg.obj
 0001:0000b540       ?InitResourceCombo@CCamVicDlg@@IAEXXZ 67d8c540 f   CamVicDlg.obj
 0001:0000b7f0       ?OnCamBrowse@CCamVicDlg@@IAEXXZ 67d8c7f0 f   CamVicDlg.obj
 0001:0000b940       ?OnVicBrowse@CCamVicDlg@@IAEXXZ 67d8c940 f   CamVicDlg.obj
 0001:0000ba90       ?OnKillfocusEditCamPath@CCamVicDlg@@IAEXXZ 67d8ca90 f   CamVicDlg.obj
 0001:0000bb40       ?OnKillfocusEditVicPath@CCamVicDlg@@IAEXXZ 67d8cb40 f   CamVicDlg.obj
 0001:0000bbf0       ?UpdateCurrentDir@CCamVicDlg@@IAEXPADH@Z 67d8cbf0 f   CamVicDlg.obj
 0001:0000bd00       ?UpdateNames@CCamVicDlg@@IAEXH@Z 67d8cd00 f   CamVicDlg.obj
 0001:0000c480       ?UpdateBoxAvailability@CCamVicDlg@@IAEXXZ 67d8d480 f   CamVicDlg.obj
 0001:0000c540       ?OnSelchangeComboCamera@CCamVicDlg@@IAEXXZ 67d8d540 f   CamVicDlg.obj
 0001:0000c5d0       ?OnSelchangeComboVic@CCamVicDlg@@IAEXXZ 67d8d5d0 f   CamVicDlg.obj
 0001:0000c660       ?MakeVicAvailable@CCamVicDlg@@IAEHXZ 67d8d660 f   CamVicDlg.obj
 0001:0000c890       ?OnGenerateVic@CCamVicDlg@@IAEXXZ 67d8d890 f   CamVicDlg.obj
 0001:0000cfd0       ?OnOK@CCamVicDlg@@MAEXXZ   67d8dfd0 f   CamVicDlg.obj
 0001:0000d070       ?OnSelchangeComboServer@CCamVicDlg@@IAEXXZ 67d8e070 f   CamVicDlg.obj
 0001:0000d0b0       ?OnSelchangeComboResource@CCamVicDlg@@IAEXXZ 67d8e0b0 f   CamVicDlg.obj
 0001:0000d370       ?GetDir@CBrowseDirDlg@@QAE?AV?$CStringT@DV?$StrTraitMFC_DLL@DV?$ChTraitsCRT@D@ATL@@@@@ATL@@XZ 67d8e370 f i CamVicDlg.obj
 0001:0000d3d0       ??1CBrowseDirDlg@@QAE@XZ   67d8e3d0 f i CamVicDlg.obj
 0001:0000d400       ??HATL@@YA?AV?$CStringT@DV?$StrTraitMFC_DLL@DV?$ChTraitsCRT@D@ATL@@@@@0@ABV10@PBD@Z 67d8e400 f i CamVicDlg.obj
 0001:0000d550       ??_ECCamVicDlg@@WJE@AEPAXI@Z 67d8e550 f i CamVicDlg.obj
 0001:0000d560       ?StringCbCatA@@YGJPADIPBD@Z 67d8e560 f i CamVicDlg.obj
 0001:0000d610       ??_GCCamVicDlg@@UAEPAXI@Z  67d8e610 f i CamVicDlg.obj
 0001:0000d650       ??1CCamVicDlg@@UAE@XZ      67d8e650 f i CamVicDlg.obj
 0001:0000d790       ??_ECCamVicDlg@@UAEPAXI@Z  67d8e790 f i CamVicDlg.obj
 0001:0000d810       ??0CColorConversionOptionsDlg@@QAE@PAVCWnd@@PAVSapColorConversion@@PAVSapTransfer@@PAVCImageWnd@@PAVSapProcessing@@@Z 67d8e810 f   ColorConversionDlg.obj
 0001:0000d930       ??1CColorConversionOptionsDlg@@UAE@XZ 67d8e930 f   ColorConversionDlg.obj
 0001:0000d9e0       ?DoDataExchange@CColorConversionOptionsDlg@@MAEXPAVCDataExchange@@@Z 67d8e9e0 f   ColorConversionDlg.obj
 0001:0000dad0       ?GetMessageMap@CColorConversionOptionsDlg@@MBEPBUAFX_MSGMAP@@XZ 67d8ead0 f   ColorConversionDlg.obj
 0001:0000db00       ?GetThisMessageMap@CColorConversionOptionsDlg@@KGPBUAFX_MSGMAP@@XZ 67d8eb00 f   ColorConversionDlg.obj
 0001:0000db10       ?OnInitDialog@CColorConversionOptionsDlg@@MAEHXZ 67d8eb10 f   ColorConversionDlg.obj
 0001:0000db70       ?UpdateInterface@CColorConversionOptionsDlg@@QAEXXZ 67d8eb70 f   ColorConversionDlg.obj
 0001:0000e000       ?OnChange@CColorConversionOptionsDlg@@IAEXXZ 67d8f000 f   ColorConversionDlg.obj
 0001:0000e050       ?OnChangeNumber@CColorConversionOptionsDlg@@IAEXXZ 67d8f050 f   ColorConversionDlg.obj
 0001:0000e090       ?SetSelectedMethodDescription@CColorConversionOptionsDlg@@IAEXXZ 67d8f090 f   ColorConversionDlg.obj
 0001:0000e160       ?OnGammaEnable@CColorConversionOptionsDlg@@IAEXXZ 67d8f160 f   ColorConversionDlg.obj
 0001:0000e200       ?OnChangeRange@CColorConversionOptionsDlg@@IAEXI@Z 67d8f200 f   ColorConversionDlg.obj
 0001:0000e230       ?OnAutoWhiteBalance@CColorConversionOptionsDlg@@IAEXXZ 67d8f230 f   ColorConversionDlg.obj
 0001:0000e360       ?OnApply@CColorConversionOptionsDlg@@IAEXXZ 67d8f360 f   ColorConversionDlg.obj
 0001:0000e640       ?OnShowWindow@CColorConversionOptionsDlg@@IAEXHI@Z 67d8f640 f   ColorConversionDlg.obj
 0001:0000e6b0       ?UpdateView@CColorConversionOptionsDlg@@IAEXXZ 67d8f6b0 f   ColorConversionDlg.obj
 0001:0000e810       ?OnClose@CColorConversionOptionsDlg@@IAEXXZ 67d8f810 f   ColorConversionDlg.obj
 0001:0000e870       ??_ECColorConversionOptionsDlg@@WJE@AEPAXI@Z 67d8f870 f i ColorConversionDlg.obj
 0001:0000e880       ??_GCColorConversionOptionsDlg@@UAEPAXI@Z 67d8f880 f i ColorConversionDlg.obj
 0001:0000e8c0       ??_ECColorConversionOptionsDlg@@UAEPAXI@Z 67d8f8c0 f i ColorConversionDlg.obj
 0001:0000e940       ??1SapColorConversionMethodDictionary@@QAE@XZ 67d8f940 f i ColorConversionDlg.obj
 0001:0000e980       ??0CCompDlg@@QAE@PAVCWnd@@PAVSapAcquisition@@PAVSapTransfer@@@Z 67d8f980 f   CompDlg.obj
 0001:0000ead0       ?DoDataExchange@CCompDlg@@MAEXPAVCDataExchange@@@Z 67d8fad0 f   CompDlg.obj
 0001:0000ebf0       ?GetMessageMap@CCompDlg@@MBEPBUAFX_MSGMAP@@XZ 67d8fbf0 f   CompDlg.obj
 0001:0000ec20       ?GetThisMessageMap@CCompDlg@@KGPBUAFX_MSGMAP@@XZ 67d8fc20 f   CompDlg.obj
 0001:0000ec30       ?Snap@CCompDlg@@IAEXXZ     67d8fc30 f   CompDlg.obj
 0001:0000edb0       ?OnOK@CCompDlg@@MAEXXZ     67d8fdb0 f   CompDlg.obj
 0001:0000ede0       ?OnCancel@CCompDlg@@MAEXXZ 67d8fde0 f   CompDlg.obj
 0001:0000ef70       ?OnInitDialog@CCompDlg@@MAEHXZ 67d8ff70 f   CompDlg.obj
 0001:00010040       ?UpdateWindow@CCompDlg@@IAEXXZ 67d91040 f   CompDlg.obj
 0001:000101e0       ?SetBrightness@CCompDlg@@IAEXXZ 67d911e0 f   CompDlg.obj
 0001:000102d0       ?SetContrast@CCompDlg@@IAEXXZ 67d912d0 f   CompDlg.obj
 0001:000103c0       ?SetHue@CCompDlg@@IAEXXZ   67d913c0 f   CompDlg.obj
 0001:00010480       ?SetSaturation@CCompDlg@@IAEXXZ 67d91480 f   CompDlg.obj
 0001:00010540       ?SetSharpness@CCompDlg@@IAEXXZ 67d91540 f   CompDlg.obj
 0001:00010600       ?OnHScroll@CCompDlg@@IAEXIIPAVCScrollBar@@@Z 67d91600 f   CompDlg.obj
 0001:000109f0       ?OnRed@CCompDlg@@IAEXXZ    67d919f0 f   CompDlg.obj
 0001:00010a60       ?OnGreen@CCompDlg@@IAEXXZ  67d91a60 f   CompDlg.obj
 0001:00010ad0       ?OnBlue@CCompDlg@@IAEXXZ   67d91ad0 f   CompDlg.obj
 0001:00010b40       ?OnKillfocusEditContrast@CCompDlg@@IAEXXZ 67d91b40 f   CompDlg.obj
 0001:00010b90       ?OnKillfocusEditBrightness@CCompDlg@@IAEXXZ 67d91b90 f   CompDlg.obj
 0001:00010be0       ?OnKillfocusEditHue@CCompDlg@@IAEXXZ 67d91be0 f   CompDlg.obj
 0001:00010c30       ?OnKillfocusEditSaturation@CCompDlg@@IAEXXZ 67d91c30 f   CompDlg.obj
 0001:00010c80       ?OnKillfocusEditSharpness@CCompDlg@@IAEXXZ 67d91c80 f   CompDlg.obj
 0001:00010cd0       ?OnDefault@CCompDlg@@IAEXXZ 67d91cd0 f   CompDlg.obj
 0001:00010e60       ??_ECCompDlg@@WJE@AEPAXI@Z 67d91e60 f i CompDlg.obj
 0001:00010e70       ??_GCCompDlg@@UAEPAXI@Z    67d91e70 f i CompDlg.obj
 0001:00010eb0       ??1CCompDlg@@UAE@XZ        67d91eb0 f i CompDlg.obj
 0001:00010f80       ??_ECCompDlg@@UAEPAXI@Z    67d91f80 f i CompDlg.obj
 0001:00011000       ??0CFlatFieldDlg@@QAE@PAVCWnd@@PAVSapFlatField@@PAVSapTransfer@@PAVSapBuffer@@@Z 67d92000 f   FlatFieldDlg.obj
 0001:00011200       ??1CFlatFieldDlg@@UAE@XZ   67d92200 f   FlatFieldDlg.obj
 0001:00011330       ?DoDataExchange@CFlatFieldDlg@@MAEXPAVCDataExchange@@@Z 67d92330 f   FlatFieldDlg.obj
 0001:00011540       ?GetMessageMap@CFlatFieldDlg@@MBEPBUAFX_MSGMAP@@XZ 67d92540 f   FlatFieldDlg.obj
 0001:00011570       ?GetThisMessageMap@CFlatFieldDlg@@KGPBUAFX_MSGMAP@@XZ 67d92570 f   FlatFieldDlg.obj
 0001:00011580       ?OnInitDialog@CFlatFieldDlg@@MAEHXZ 67d92580 f   FlatFieldDlg.obj
 0001:00012670       ?OnDestroy@CFlatFieldDlg@@IAEXXZ 67d93670 f   FlatFieldDlg.obj
 0001:000126a0       ?OnDarkImage@CFlatFieldDlg@@IAEXXZ 67d936a0 f   FlatFieldDlg.obj
 0001:00012fd0       ?DarkImage@CFlatFieldDlg@@AAEXXZ 67d93fd0 f   FlatFieldDlg.obj
 0001:00013830       ?OnBrightImage@CFlatFieldDlg@@IAEXXZ 67d94830 f   FlatFieldDlg.obj
 0001:000140a0       ?BrightImage@CFlatFieldDlg@@AAEXXZ 67d950a0 f   FlatFieldDlg.obj
 0001:00014e60       ?OnOK@CFlatFieldDlg@@MAEXXZ 67d95e60 f   FlatFieldDlg.obj
 0001:00014f10       ?OnCancel@CFlatFieldDlg@@MAEXXZ 67d95f10 f   FlatFieldDlg.obj
 0001:00014ff0       ?OnSelchangeCorrectionType@CFlatFieldDlg@@IAEXXZ 67d95ff0 f   FlatFieldDlg.obj
 0001:000150a0       ?OnSelchangeVideoType@CFlatFieldDlg@@IAEXXZ 67d960a0 f   FlatFieldDlg.obj
 0001:00015110       ?OnSelchangeCalibrationIndex@CFlatFieldDlg@@IAEXXZ 67d96110 f   FlatFieldDlg.obj
 0001:00015170       ?Snap@CFlatFieldDlg@@QAEHXZ 67d96170 f   FlatFieldDlg.obj
 0001:000153b0       ?LogMessage@CFlatFieldDlg@@AAEXHV?$CStringT@DV?$StrTraitMFC_DLL@DV?$ChTraitsCRT@D@ATL@@@@@ATL@@@Z 67d963b0 f   FlatFieldDlg.obj
 0001:000155c0       ?GetAverageStr@CFlatFieldDlg@@ABE?AV?$CStringT@DV?$StrTraitMFC_DLL@DV?$ChTraitsCRT@D@ATL@@@@@ATL@@AAVSapFlatFieldStats@@@Z 67d965c0 f   FlatFieldDlg.obj
 0001:00015820       ?GetStdDeviationStr@CFlatFieldDlg@@ABE?AV?$CStringT@DV?$StrTraitMFC_DLL@DV?$ChTraitsCRT@D@ATL@@@@@ATL@@AAVSapFlatFieldStats@@@Z 67d96820 f   FlatFieldDlg.obj
 0001:00015a80       ?GetLowStr@CFlatFieldDlg@@ABE?AV?$CStringT@DV?$StrTraitMFC_DLL@DV?$ChTraitsCRT@D@ATL@@@@@ATL@@AAVSapFlatFieldStats@@@Z 67d96a80 f   FlatFieldDlg.obj
 0001:00015ce0       ?GetHighStr@CFlatFieldDlg@@ABE?AV?$CStringT@DV?$StrTraitMFC_DLL@DV?$ChTraitsCRT@D@ATL@@@@@ATL@@AAVSapFlatFieldStats@@@Z 67d96ce0 f   FlatFieldDlg.obj
 0001:00015f40       ?GetPeakPositionStr@CFlatFieldDlg@@ABE?AV?$CStringT@DV?$StrTraitMFC_DLL@DV?$ChTraitsCRT@D@ATL@@@@@ATL@@AAVSapFlatFieldStats@@@Z 67d96f40 f   FlatFieldDlg.obj
 0001:000161a0       ?GetPixelRatioStr@CFlatFieldDlg@@ABE?AV?$CStringT@DV?$StrTraitMFC_DLL@DV?$ChTraitsCRT@D@ATL@@@@@ATL@@AAVSapFlatFieldStats@@@Z 67d971a0 f   FlatFieldDlg.obj
 0001:00016400       ?GetNumPixelsStr@CFlatFieldDlg@@ABE?AV?$CStringT@DV?$StrTraitMFC_DLL@DV?$ChTraitsCRT@D@ATL@@@@@ATL@@AAVSapFlatFieldStats@@@Z 67d97400 f   FlatFieldDlg.obj
 0001:00016660       ?OnSaveAndUpload@CFlatFieldDlg@@IAEXXZ 67d97660 f   FlatFieldDlg.obj
 0001:000169d0       ?pow@@YANNH@Z              67d979d0 f i FlatFieldDlg.obj
 0001:00016a00       ??_ESapBuffer@@UAEPAXI@Z   67d97a00 f i FlatFieldDlg.obj
 0001:00016a00       ??_GSapBuffer@@UAEPAXI@Z   67d97a00 f i FlatFieldDlg.obj
 0001:00016a50       ??$_Pow_int@N@@YANNH@Z     67d97a50 f i FlatFieldDlg.obj
 0001:00016ad0       ??_ECFlatFieldDlg@@WJE@AEPAXI@Z 67d97ad0 f i FlatFieldDlg.obj
 0001:00016ae0       ?GetPathName@CLoadSaveDlg@@QAE?AV?$CStringT@DV?$StrTraitMFC_DLL@DV?$ChTraitsCRT@D@ATL@@@@@ATL@@XZ 67d97ae0 f i FlatFieldDlg.obj
 0001:00016b40       ??1CLoadSaveDlg@@UAE@XZ    67d97b40 f i FlatFieldDlg.obj
 0001:00016b80       ??_GCFlatFieldDlg@@UAEPAXI@Z 67d97b80 f i FlatFieldDlg.obj
 0001:00016bc0       ??_ECFlatFieldDlg@@UAEPAXI@Z 67d97bc0 f i FlatFieldDlg.obj
 0001:00016c40       ??0CGioBidirectionalDlg@@QAE@PAVCWnd@@IPAVSapGio@@@Z 67d97c40 f   GioBidirectionalDlg.obj
 0001:00016d70       ?DoDataExchange@CGioBidirectionalDlg@@MAEXPAVCDataExchange@@@Z 67d97d70 f   GioBidirectionalDlg.obj
 0001:00016df0       ?MoveWindow@CGioBidirectionalDlg@@QAEII@Z 67d97df0 f   GioBidirectionalDlg.obj
 0001:00016eb0       ?GetMessageMap@CGioBidirectionalDlg@@MBEPBUAFX_MSGMAP@@XZ 67d97eb0 f   GioBidirectionalDlg.obj
 0001:00016ee0       ?GetThisMessageMap@CGioBidirectionalDlg@@KGPBUAFX_MSGMAP@@XZ 67d97ee0 f   GioBidirectionalDlg.obj
 0001:00016ef0       ?PreTranslateMessage@CGioBidirectionalDlg@@UAEHPAUtagMSG@@@Z 67d97ef0 f   GioBidirectionalDlg.obj
 0001:00016f40       ?GioCallbackInfo@CGioBidirectionalDlg@@SAXPAVSapGioCallbackInfo@@@Z 67d97f40 f   GioBidirectionalDlg.obj
 0001:00017070       ?Create@CGioBidirectionalDlg@@QAEHXZ 67d98070 f   GioBidirectionalDlg.obj
 0001:000170c0       ?OnInitDialog@CGioBidirectionalDlg@@MAEHXZ 67d980c0 f   GioBidirectionalDlg.obj
 0001:00017de0       ?OnSelchangeComboSignalEvent@CGioBidirectionalDlg@@IAEXXZ 67d98de0 f   GioBidirectionalDlg.obj
 0001:00017e30       ?ChangePinDirection@CGioBidirectionalDlg@@IAEXIH@Z 67d98e30 f   GioBidirectionalDlg.obj
 0001:00017f60       ?OnSelchangeComboDir1@CGioBidirectionalDlg@@IAEXXZ 67d98f60 f   GioBidirectionalDlg.obj
 0001:00017fa0       ?OnSelchangeComboDir2@CGioBidirectionalDlg@@IAEXXZ 67d98fa0 f   GioBidirectionalDlg.obj
 0001:00017fe0       ?OnSelchangeComboDir3@CGioBidirectionalDlg@@IAEXXZ 67d98fe0 f   GioBidirectionalDlg.obj
 0001:00018020       ?OnSelchangeComboDir4@CGioBidirectionalDlg@@IAEXXZ 67d99020 f   GioBidirectionalDlg.obj
 0001:00018060       ?OnSelchangeComboDir5@CGioBidirectionalDlg@@IAEXXZ 67d99060 f   GioBidirectionalDlg.obj
 0001:000180a0       ?OnSelchangeComboDir6@CGioBidirectionalDlg@@IAEXXZ 67d990a0 f   GioBidirectionalDlg.obj
 0001:000180e0       ?OnSelchangeComboDir7@CGioBidirectionalDlg@@IAEXXZ 67d990e0 f   GioBidirectionalDlg.obj
 0001:00018120       ?OnSelchangeComboDir8@CGioBidirectionalDlg@@IAEXXZ 67d99120 f   GioBidirectionalDlg.obj
 0001:00018160       ?OnSelchangeComboDir9@CGioBidirectionalDlg@@IAEXXZ 67d99160 f   GioBidirectionalDlg.obj
 0001:000181a0       ?OnSelchangeComboDir10@CGioBidirectionalDlg@@IAEXXZ 67d991a0 f   GioBidirectionalDlg.obj
 0001:000181e0       ?OnSelchangeComboDir11@CGioBidirectionalDlg@@IAEXXZ 67d991e0 f   GioBidirectionalDlg.obj
 0001:00018220       ?OnSelchangeComboDir12@CGioBidirectionalDlg@@IAEXXZ 67d99220 f   GioBidirectionalDlg.obj
 0001:00018260       ?OnEnableCallback@CGioBidirectionalDlg@@IAEXXZ 67d99260 f   GioBidirectionalDlg.obj
 0001:00018490       ?Update@CGioBidirectionalDlg@@QAEHXZ 67d99490 f   GioBidirectionalDlg.obj
 0001:00018730       ?OnSelchangeComboInputLevel@CGioBidirectionalDlg@@IAEXXZ 67d99730 f   GioBidirectionalDlg.obj
 0001:000187d0       ?OnCtlColor@CGioBidirectionalDlg@@IAEPAUHBRUSH__@@PAVCDC@@PAVCWnd@@I@Z 67d997d0 f   GioBidirectionalDlg.obj
 0001:00018840       ?ResetInterruptCount@CGioBidirectionalDlg@@IAEHXZ 67d99840 f   GioBidirectionalDlg.obj
 0001:000189b0       ?OnBtReset@CGioBidirectionalDlg@@IAEXXZ 67d999b0 f   GioBidirectionalDlg.obj
 0001:000189e0       ?ChangePinState@CGioBidirectionalDlg@@IAEXH@Z 67d999e0 f   GioBidirectionalDlg.obj
 0001:00018bd0       ?OnPin1@CGioBidirectionalDlg@@IAEXXZ 67d99bd0 f   GioBidirectionalDlg.obj
 0001:00018c00       ?OnPin2@CGioBidirectionalDlg@@IAEXXZ 67d99c00 f   GioBidirectionalDlg.obj
 0001:00018c30       ?OnPin3@CGioBidirectionalDlg@@IAEXXZ 67d99c30 f   GioBidirectionalDlg.obj
 0001:00018c60       ?OnPin4@CGioBidirectionalDlg@@IAEXXZ 67d99c60 f   GioBidirectionalDlg.obj
 0001:00018c90       ?OnPin5@CGioBidirectionalDlg@@IAEXXZ 67d99c90 f   GioBidirectionalDlg.obj
 0001:00018cc0       ?OnPin6@CGioBidirectionalDlg@@IAEXXZ 67d99cc0 f   GioBidirectionalDlg.obj
 0001:00018cf0       ?OnPin7@CGioBidirectionalDlg@@IAEXXZ 67d99cf0 f   GioBidirectionalDlg.obj
 0001:00018d20       ?OnPin8@CGioBidirectionalDlg@@IAEXXZ 67d99d20 f   GioBidirectionalDlg.obj
 0001:00018d50       ?OnPin9@CGioBidirectionalDlg@@IAEXXZ 67d99d50 f   GioBidirectionalDlg.obj
 0001:00018d80       ?OnPin10@CGioBidirectionalDlg@@IAEXXZ 67d99d80 f   GioBidirectionalDlg.obj
 0001:00018db0       ?OnPin11@CGioBidirectionalDlg@@IAEXXZ 67d99db0 f   GioBidirectionalDlg.obj
 0001:00018de0       ?OnPin12@CGioBidirectionalDlg@@IAEXXZ 67d99de0 f   GioBidirectionalDlg.obj
 0001:00018fd0       ??_GCGioBidirectionalDlg@@UAEPAXI@Z 67d99fd0 f i GioBidirectionalDlg.obj
 0001:00019010       ??1CGioBidirectionalDlg@@UAE@XZ 67d9a010 f i GioBidirectionalDlg.obj
 0001:000190b0       ??_ECGioBidirectionalDlg@@UAEPAXI@Z 67d9a0b0 f i GioBidirectionalDlg.obj
 0001:00019130       ??0CGioInputDlg@@QAE@PAVCWnd@@IPAVSapGio@@@Z 67d9a130 f   GioInputDlg.obj
 0001:00019260       ?DoDataExchange@CGioInputDlg@@MAEXPAVCDataExchange@@@Z 67d9a260 f   GioInputDlg.obj
 0001:000192e0       ?MoveWindow@CGioInputDlg@@QAEII@Z 67d9a2e0 f   GioInputDlg.obj
 0001:000193a0       ?GetMessageMap@CGioInputDlg@@MBEPBUAFX_MSGMAP@@XZ 67d9a3a0 f   GioInputDlg.obj
 0001:000193d0       ?GetThisMessageMap@CGioInputDlg@@KGPBUAFX_MSGMAP@@XZ 67d9a3d0 f   GioInputDlg.obj
 0001:000193e0       ?PreTranslateMessage@CGioInputDlg@@UAEHPAUtagMSG@@@Z 67d9a3e0 f   GioInputDlg.obj
 0001:00019430       ?GioCallbackInfo@CGioInputDlg@@SAXPAVSapGioCallbackInfo@@@Z 67d9a430 f   GioInputDlg.obj
 0001:00019560       ?Create@CGioInputDlg@@QAEHXZ 67d9a560 f   GioInputDlg.obj
 0001:000195b0       ?OnInitDialog@CGioInputDlg@@MAEHXZ 67d9a5b0 f   GioInputDlg.obj
 0001:0001a1b0       ?OnSelchangeComboSignalEvent@CGioInputDlg@@IAEXXZ 67d9b1b0 f   GioInputDlg.obj
 0001:0001a200       ?OnEnableCallback@CGioInputDlg@@IAEXXZ 67d9b200 f   GioInputDlg.obj
 0001:0001a340       ?Update@CGioInputDlg@@QAEHXZ 67d9b340 f   GioInputDlg.obj
 0001:0001a5e0       ?OnSelchangeComboInputLevel@CGioInputDlg@@IAEXXZ 67d9b5e0 f   GioInputDlg.obj
 0001:0001a680       ?OnCtlColor@CGioInputDlg@@IAEPAUHBRUSH__@@PAVCDC@@PAVCWnd@@I@Z 67d9b680 f   GioInputDlg.obj
 0001:0001a6f0       ?ResetInterruptCount@CGioInputDlg@@IAEHXZ 67d9b6f0 f   GioInputDlg.obj
 0001:0001a860       ?OnBtReset@CGioInputDlg@@IAEXXZ 67d9b860 f   GioInputDlg.obj
 0001:0001aa50       ??_GCGioInputDlg@@UAEPAXI@Z 67d9ba50 f i GioInputDlg.obj
 0001:0001aa90       ??1CGioInputDlg@@UAE@XZ    67d9ba90 f i GioInputDlg.obj
 0001:0001ab30       ??_ECGioInputDlg@@UAEPAXI@Z 67d9bb30 f i GioInputDlg.obj
 0001:0001abb0       ??0CGioOutputDlg@@QAE@PAVCWnd@@IPAVSapGio@@@Z 67d9bbb0 f   GioOutputDlg.obj
 0001:0001ad00       ?DoDataExchange@CGioOutputDlg@@MAEXPAVCDataExchange@@@Z 67d9bd00 f   GioOutputDlg.obj
 0001:0001ad90       ?PreTranslateMessage@CGioOutputDlg@@UAEHPAUtagMSG@@@Z 67d9bd90 f   GioOutputDlg.obj
 0001:0001ade0       ?MoveWindow@CGioOutputDlg@@QAEII@Z 67d9bde0 f   GioOutputDlg.obj
 0001:0001aea0       ?GetMessageMap@CGioOutputDlg@@MBEPBUAFX_MSGMAP@@XZ 67d9bea0 f   GioOutputDlg.obj
 0001:0001aed0       ?GetThisMessageMap@CGioOutputDlg@@KGPBUAFX_MSGMAP@@XZ 67d9bed0 f   GioOutputDlg.obj
 0001:0001aee0       ?Update@CGioOutputDlg@@QAEHXZ 67d9bee0 f   GioOutputDlg.obj
 0001:0001b130       ?Create@CGioOutputDlg@@QAEHXZ 67d9c130 f   GioOutputDlg.obj
 0001:0001b180       ?OnInitDialog@CGioOutputDlg@@MAEHXZ 67d9c180 f   GioOutputDlg.obj
 0001:0001bca0       ?InitOutputDlg@CGioOutputDlg@@QAEHXZ 67d9cca0 f   GioOutputDlg.obj
 0001:0001bed0       ?InitComboOutputState@CGioOutputDlg@@QAEXXZ 67d9ced0 f   GioOutputDlg.obj
 0001:0001c1c0       ?OnSelchangeComboOutputState@CGioOutputDlg@@IAEXXZ 67d9d1c0 f   GioOutputDlg.obj
 0001:0001c1f0       ?UpdateIO@CGioOutputDlg@@IAEXXZ 67d9d1f0 f   GioOutputDlg.obj
 0001:0001c460       ?OnCtlColor@CGioOutputDlg@@IAEPAUHBRUSH__@@PAVCDC@@PAVCWnd@@I@Z 67d9d460 f   GioOutputDlg.obj
 0001:0001c4d0       ?ChangePinState@CGioOutputDlg@@QAEXPAVCButton@@@Z 67d9d4d0 f   GioOutputDlg.obj
 0001:0001c630       ?OnPin1@CGioOutputDlg@@IAEXXZ 67d9d630 f   GioOutputDlg.obj
 0001:0001c670       ?OnPin2@CGioOutputDlg@@IAEXXZ 67d9d670 f   GioOutputDlg.obj
 0001:0001c6b0       ?OnPin3@CGioOutputDlg@@IAEXXZ 67d9d6b0 f   GioOutputDlg.obj
 0001:0001c6f0       ?OnPin4@CGioOutputDlg@@IAEXXZ 67d9d6f0 f   GioOutputDlg.obj
 0001:0001c730       ?OnPin5@CGioOutputDlg@@IAEXXZ 67d9d730 f   GioOutputDlg.obj
 0001:0001c770       ?OnPin6@CGioOutputDlg@@IAEXXZ 67d9d770 f   GioOutputDlg.obj
 0001:0001c7b0       ?OnPin7@CGioOutputDlg@@IAEXXZ 67d9d7b0 f   GioOutputDlg.obj
 0001:0001c7f0       ?OnPin8@CGioOutputDlg@@IAEXXZ 67d9d7f0 f   GioOutputDlg.obj
 0001:0001c830       ?OnPin9@CGioOutputDlg@@IAEXXZ 67d9d830 f   GioOutputDlg.obj
 0001:0001c870       ?OnPin10@CGioOutputDlg@@IAEXXZ 67d9d870 f   GioOutputDlg.obj
 0001:0001c8b0       ?OnPin11@CGioOutputDlg@@IAEXXZ 67d9d8b0 f   GioOutputDlg.obj
 0001:0001c8f0       ?OnPin12@CGioOutputDlg@@IAEXXZ 67d9d8f0 f   GioOutputDlg.obj
 0001:0001caf0       ??_GCGioOutputDlg@@UAEPAXI@Z 67d9daf0 f i GioOutputDlg.obj
 0001:0001cb30       ??1CGioOutputDlg@@UAE@XZ   67d9db30 f i GioOutputDlg.obj
 0001:0001cc00       ??_ECGioOutputDlg@@UAEPAXI@Z 67d9dc00 f i GioOutputDlg.obj
 0001:0001cc80       ??0CImageWnd@@QAE@PAVSapView@@PAVCWnd@@PAVCScrollBar@@21@Z 67d9dc80 f   ImageWnd.obj
 0001:0001cdd0       ??0CImageWnd@@QAE@PAVSapView@@PAVCWnd@@@Z 67d9ddd0 f   ImageWnd.obj
 0001:0001cf00       ??1CImageWnd@@UAE@XZ       67d9df00 f   ImageWnd.obj
 0001:0001cf30       ?GetScrollPos@CImageWnd@@IAEHH@Z 67d9df30 f   ImageWnd.obj
 0001:0001cfe0       ?GetScrollRange@CImageWnd@@IAEXHPAH0@Z 67d9dfe0 f   ImageWnd.obj
 0001:0001d0a0       ?GetScrollInfo@CImageWnd@@IAEHHPAUtagSCROLLINFO@@@Z 67d9e0a0 f   ImageWnd.obj
 0001:0001d150       ?SetScrollPos@CImageWnd@@IAEHHHH@Z 67d9e150 f   ImageWnd.obj
 0001:0001d220       ?SetScrollInfo@CImageWnd@@IAEHHPAUtagSCROLLINFO@@H@Z 67d9e220 f   ImageWnd.obj
 0001:0001d2e0       ?IsPointInside@CImageWnd@@QAEHVCPoint@@@Z 67d9e2e0 f   ImageWnd.obj
 0001:0001d330       ?TranslateMousePos@CImageWnd@@QAE?AVCPoint@@V2@@Z 67d9e330 f   ImageWnd.obj
 0001:0001d420       ?TranslatePos@CImageWnd@@QAE?AVCPoint@@V2@@Z 67d9e420 f   ImageWnd.obj
 0001:0001d690       ?UntranslatePos@CImageWnd@@QAE?AVCPoint@@V2@@Z 67d9e690 f   ImageWnd.obj
 0001:0001d8c0       ?UpdateClientArea@CImageWnd@@QAEXK@Z 67d9e8c0 f   ImageWnd.obj
 0001:0001da80       ?UpdateClientArea@CImageWnd@@QAEXXZ 67d9ea80 f   ImageWnd.obj
 0001:0001db00       ?OnMove@CImageWnd@@QAEXXZ  67d9eb00 f   ImageWnd.obj
 0001:0001db70       ?OnPaint@CImageWnd@@QAEXXZ 67d9eb70 f   ImageWnd.obj
 0001:0001dbe0       ?OnSize@CImageWnd@@QAEXH@Z 67d9ebe0 f   ImageWnd.obj
 0001:0001e170       ?Invalidate@CImageWnd@@QAEXH@Z 67d9f170 f   ImageWnd.obj
 0001:0001e1c0       ?UpdateScrollBars@CImageWnd@@IAEXXZ 67d9f1c0 f   ImageWnd.obj
 0001:0001e5b0       ?OnHScroll@CImageWnd@@QAEXII@Z 67d9f5b0 f   ImageWnd.obj
 0001:0001e750       ?OnVScroll@CImageWnd@@QAEXII@Z 67d9f750 f   ImageWnd.obj
 0001:0001e8f0       ?DisplayRoiTracker@CImageWnd@@QAEXXZ 67d9f8f0 f   ImageWnd.obj
 0001:0001ea80       ?HideRoiTracker@CImageWnd@@QAEXXZ 67d9fa80 f   ImageWnd.obj
 0001:0001eb30       ?UpdateRectTracker@CImageWnd@@IAEXXZ 67d9fb30 f   ImageWnd.obj
 0001:0001ebd0       ?ValidateRoi@CImageWnd@@IAE?AVCRect@@V2@@Z 67d9fbd0 f   ImageWnd.obj
 0001:0001ed60       ?GetSelectedRoi@CImageWnd@@QAE?AVCRect@@XZ 67d9fd60 f   ImageWnd.obj
 0001:0001eda0       ?SelectRoi@CImageWnd@@QAEXVCRect@@@Z 67d9fda0 f   ImageWnd.obj
 0001:0001ee40       ?OnLButtonDown@CImageWnd@@QAEHVCPoint@@@Z 67d9fe40 f   ImageWnd.obj
 0001:0001f010       ?OnSetCursor@CImageWnd@@QAEHI@Z 67da0010 f   ImageWnd.obj
 0001:0001f150       ?GetPixelString@CImageWnd@@QAE?AV?$CStringT@DV?$StrTraitMFC_DLL@DV?$ChTraitsCRT@D@ATL@@@@@ATL@@VCPoint@@@Z 67da0150 f   ImageWnd.obj
 0001:00020100       ?AdjustRect@CSapRectTracker@@UAEXHPAUtagRECT@@@Z 67da1100 f   ImageWnd.obj
 0001:000201e0       ?SetLimitRect@CSapRectTracker@@QAEXPAVCRect@@@Z 67da11e0 f   ImageWnd.obj
 0001:00020230       ??0CSapRectTracker@@QAE@XZ 67da1230 f i ImageWnd.obj
 0001:00020270       ??HATL@@YA?AV?$CStringT@DV?$StrTraitMFC_DLL@DV?$ChTraitsCRT@D@ATL@@@@@0@PBDABV10@@Z 67da1270 f i ImageWnd.obj
 0001:000203c0       ??_ECImageWnd@@UAEPAXI@Z   67da13c0 f i ImageWnd.obj
 0001:00020440       ??1CSapRectTracker@@UAE@XZ 67da1440 f i ImageWnd.obj
 0001:00020470       ??_ECSapRectTracker@@UAEPAXI@Z 67da1470 f i ImageWnd.obj
 0001:00020470       ??_GCSapRectTracker@@UAEPAXI@Z 67da1470 f i ImageWnd.obj
 0001:000204b0       ??0CJpegFileDlg@@QAE@PAVCWnd@@H@Z 67da14b0 f   JpegFileDlg.obj
 0001:00020570       ?OnFinalRelease@CJpegFileDlg@@UAEXXZ 67da1570 f   JpegFileDlg.obj
 0001:000205a0       ?DoDataExchange@CJpegFileDlg@@MAEXPAVCDataExchange@@@Z 67da15a0 f   JpegFileDlg.obj
 0001:00020600       ?GetMessageMap@CJpegFileDlg@@MBEPBUAFX_MSGMAP@@XZ 67da1600 f   JpegFileDlg.obj
 0001:00020630       ?GetThisMessageMap@CJpegFileDlg@@KGPBUAFX_MSGMAP@@XZ 67da1630 f   JpegFileDlg.obj
 0001:00020640       ?GetThisDispatchMap@CJpegFileDlg@@KGPBUAFX_DISPMAP@@XZ 67da1640 f   JpegFileDlg.obj
 0001:00020650       ?GetDispatchMap@CJpegFileDlg@@MBEPBUAFX_DISPMAP@@XZ 67da1650 f   JpegFileDlg.obj
 0001:00020670       ?GetThisInterfaceMap@CJpegFileDlg@@KGPBUAFX_INTERFACEMAP@@XZ 67da1670 f   JpegFileDlg.obj
 0001:00020680       ?GetInterfaceMap@CJpegFileDlg@@MBEPBUAFX_INTERFACEMAP@@XZ 67da1680 f   JpegFileDlg.obj
 0001:000206a0       ?OnVScroll@CJpegFileDlg@@IAEXIIPAVCScrollBar@@@Z 67da16a0 f   JpegFileDlg.obj
 0001:00020770       ?OnOK@CJpegFileDlg@@MAEXXZ 67da1770 f   JpegFileDlg.obj
 0001:000207d0       ?OnUpdateJpgEditQuality@CJpegFileDlg@@IAEXXZ 67da17d0 f   JpegFileDlg.obj
 0001:00020800       ??_GCJpegFileDlg@@UAEPAXI@Z 67da1800 f i JpegFileDlg.obj
 0001:00020800       ??_ECJpegFileDlg@@UAEPAXI@Z 67da1800 f i JpegFileDlg.obj
 0001:00020840       ??1CJpegFileDlg@@UAE@XZ    67da1840 f i JpegFileDlg.obj
 0001:00020870       ?_GetBaseClass@CLoadSaveDlg@@KGPAUCRuntimeClass@@XZ 67da1870 f   LoadSaveDlg.obj
 0001:00020890       ?GetThisClass@CLoadSaveDlg@@SGPAUCRuntimeClass@@XZ 67da1890 f   LoadSaveDlg.obj
 0001:000208a0       ?GetRuntimeClass@CLoadSaveDlg@@UBEPAUCRuntimeClass@@XZ 67da18a0 f   LoadSaveDlg.obj
 0001:000208c0       ??0CLoadSaveDlg@@QAE@PAVCWnd@@PAVSapBuffer@@HH@Z 67da18c0 f   LoadSaveDlg.obj
 0001:00020a10       ?UpdateBuffer@CLoadSaveDlg@@IAEHXZ 67da1a10 f   LoadSaveDlg.obj
 0001:00020ec0       ?DoModal@CLoadSaveDlg@@UAEHXZ 67da1ec0 f   LoadSaveDlg.obj
 0001:00020f80       ?LoadSettings@CLoadSaveDlg@@IAEXXZ 67da1f80 f   LoadSaveDlg.obj
 0001:000210c0       ?SaveSettings@CLoadSaveDlg@@IAEXXZ 67da20c0 f   LoadSaveDlg.obj
 0001:000211e0       ?SetOptions@CLoadSaveDlg@@IAEHXZ 67da21e0 f   LoadSaveDlg.obj
 0001:000213b0       ?AddTiffOptions@CLoadSaveDlg@@IAEHXZ 67da23b0 f   LoadSaveDlg.obj
 0001:000216a0       ?AddRawOptions@CLoadSaveDlg@@IAEHXZ 67da26a0 f   LoadSaveDlg.obj
 0001:000219b0       ?AddJpegOptions@CLoadSaveDlg@@IAEHXZ 67da29b0 f   LoadSaveDlg.obj
 0001:00021ba0       ?AddAviOptions@CLoadSaveDlg@@IAEHXZ 67da2ba0 f   LoadSaveDlg.obj
 0001:00021cc0       ?SetFilterIndex@CLoadSaveDlg@@IAEXXZ 67da2cc0 f   LoadSaveDlg.obj
 0001:00021d90       ?OnTypeChange@CLoadSaveDlg@@MAEXXZ 67da2d90 f   LoadSaveDlg.obj
 0001:00021eb0       ?GetMessageMap@CLoadSaveDlg@@MBEPBUAFX_MSGMAP@@XZ 67da2eb0 f   LoadSaveDlg.obj
 0001:00021ee0       ?GetThisMessageMap@CLoadSaveDlg@@KGPBUAFX_MSGMAP@@XZ 67da2ee0 f   LoadSaveDlg.obj
 0001:00021fd0       ?GetCompressionLevel@CTiffFileDlg@@QAEHXZ 67da2fd0 f i LoadSaveDlg.obj
 0001:00021ff0       ?GetCompressionType@CTiffFileDlg@@QAEHXZ 67da2ff0 f i LoadSaveDlg.obj
 0001:00022010       ??1CTiffFileDlg@@UAE@XZ    67da3010 f i LoadSaveDlg.obj
 0001:00022040       ?GetRawFileWidth@CRawFileDlg@@QAEHXZ 67da3040 f i LoadSaveDlg.obj
 0001:00022060       ?GetRawFileHeight@CRawFileDlg@@QAEHXZ 67da3060 f i LoadSaveDlg.obj
 0001:00022080       ?GetRawFileOffset@CRawFileDlg@@QAEHXZ 67da3080 f i LoadSaveDlg.obj
 0001:000220a0       ?GetRawFileFormat@CRawFileDlg@@QAEHXZ 67da30a0 f i LoadSaveDlg.obj
 0001:000220c0       ??1CRawFileDlg@@UAE@XZ     67da30c0 f i LoadSaveDlg.obj
 0001:00022130       ?GetJpegFileQuality@CJpegFileDlg@@QAEHXZ 67da3130 f i LoadSaveDlg.obj
 0001:00022150       ?GetFirstFrame@CAviFileDlg@@QAEHXZ 67da3150 f i LoadSaveDlg.obj
 0001:00022170       ??_GCLoadSaveDlg@@UAEPAXI@Z 67da3170 f i LoadSaveDlg.obj
 0001:000221b0       ??_ECLoadSaveDlg@@UAEPAXI@Z 67da31b0 f i LoadSaveDlg.obj
 0001:00022230       ??0CLScanDlg@@QAE@PAVCWnd@@PAVSapAcquisition@@@Z 67da3230 f   LScanDlg.obj
 0001:00022370       ?DoDataExchange@CLScanDlg@@MAEXPAVCDataExchange@@@Z 67da3370 f   LScanDlg.obj
 0001:00022490       ?GetMessageMap@CLScanDlg@@MBEPBUAFX_MSGMAP@@XZ 67da3490 f   LScanDlg.obj
 0001:000224c0       ?GetThisMessageMap@CLScanDlg@@KGPBUAFX_MSGMAP@@XZ 67da34c0 f   LScanDlg.obj
 0001:000224d0       ?OnOK@CLScanDlg@@MAEXXZ    67da34d0 f   LScanDlg.obj
 0001:00022c30       ?OnInitDialog@CLScanDlg@@MAEHXZ 67da3c30 f   LScanDlg.obj
 0001:00023b70       ?UpdateWindow@CLScanDlg@@IAEXXZ 67da4b70 f   LScanDlg.obj
 0001:00023f10       ?OnKillfocusEditLineIntegration@CLScanDlg@@IAEXXZ 67da4f10 f   LScanDlg.obj
 0001:00023f50       ?OnExternalFrameTriggerEnable@CLScanDlg@@IAEXXZ 67da4f50 f   LScanDlg.obj
 0001:00024000       ?OnExternalLineTriggerEnable@CLScanDlg@@IAEXXZ 67da5000 f   LScanDlg.obj
 0001:000240d0       ?OnLineIntegrate@CLScanDlg@@IAEXXZ 67da50d0 f   LScanDlg.obj
 0001:00024100       ?OnVScroll@CLScanDlg@@IAEXIIPAVCScrollBar@@@Z 67da5100 f   LScanDlg.obj
 0001:00024250       ?VerifyLineIntegrateDuration@CLScanDlg@@IAEXXZ 67da5250 f   LScanDlg.obj
 0001:00024400       ?OnInternalLineTriggerEnable@CLScanDlg@@IAEXXZ 67da5400 f   LScanDlg.obj
 0001:00024490       ?OnLineIntegrateEnable@CLScanDlg@@IAEXXZ 67da5490 f   LScanDlg.obj
 0001:00024510       ?OnShaftEncoderEnable@CLScanDlg@@IAEXXZ 67da5510 f   LScanDlg.obj
 0001:00024690       ??_ECLScanDlg@@WJE@AEPAXI@Z 67da5690 f i LScanDlg.obj
 0001:000246a0       ??_GCLScanDlg@@UAEPAXI@Z   67da56a0 f i LScanDlg.obj
 0001:000246e0       ??1CLScanDlg@@UAE@XZ       67da56e0 f i LScanDlg.obj
 0001:00024780       ??_ECLScanDlg@@UAEPAXI@Z   67da5780 f i LScanDlg.obj
 0001:00024800       ??0CPixProAbsSubDlg@@QAE@PAVCWnd@@PAUCORPPL_FCT_PROP@@PAVSapPixProParams@@@Z 67da5800 f   PixProAbsSubDlg.obj
 0001:00024890       ?DoDataExchange@CPixProAbsSubDlg@@MAEXPAVCDataExchange@@@Z 67da5890 f   PixProAbsSubDlg.obj
 0001:000248c0       ?GetMessageMap@CPixProAbsSubDlg@@MBEPBUAFX_MSGMAP@@XZ 67da58c0 f   PixProAbsSubDlg.obj
 0001:000248f0       ?GetThisMessageMap@CPixProAbsSubDlg@@KGPBUAFX_MSGMAP@@XZ 67da58f0 f   PixProAbsSubDlg.obj
 0001:00024900       ?OnInitDialog@CPixProAbsSubDlg@@MAEHXZ 67da5900 f   PixProAbsSubDlg.obj
 0001:000249c0       ?OnPixproSdramBank0@CPixProAbsSubDlg@@IAEXXZ 67da59c0 f   PixProAbsSubDlg.obj
 0001:000249e0       ?OnPixproSdramBank1@CPixProAbsSubDlg@@IAEXXZ 67da59e0 f   PixProAbsSubDlg.obj
 0001:00024a00       ?OnPixproAbsSub@CPixProAbsSubDlg@@IAEXXZ 67da5a00 f   PixProAbsSubDlg.obj
 0001:00024a20       ?OnPixproRefImage@CPixProAbsSubDlg@@IAEXXZ 67da5a20 f   PixProAbsSubDlg.obj
 0001:00024a40       ?OnOK@CPixProAbsSubDlg@@MAEXXZ 67da5a40 f   PixProAbsSubDlg.obj
 0001:00024ab0       ??_GCPixProAbsSubDlg@@UAEPAXI@Z 67da5ab0 f i PixProAbsSubDlg.obj
 0001:00024ab0       ??_ECPixProAbsSubDlg@@UAEPAXI@Z 67da5ab0 f i PixProAbsSubDlg.obj
 0001:00024af0       ??1CPixProAbsSubDlg@@UAE@XZ 67da5af0 f i PixProAbsSubDlg.obj
 0001:00024b20       ??0CPixProDlg@@QAE@PAVCWnd@@PAVSapPixPro@@PAVSapXferNode@@@Z 67da5b20 f   PixProDlg.obj
 0001:00024dd0       ?LoadSettings@CPixProDlg@@IAEXXZ 67da5dd0 f   PixProDlg.obj
 0001:00025030       ?SaveSettings@CPixProDlg@@IAEXXZ 67da6030 f   PixProDlg.obj
 0001:000251d0       ?SetDirectories@CPixProDlg@@IAEXXZ 67da61d0 f   PixProDlg.obj
 0001:00025500       ?DoDataExchange@CPixProDlg@@MAEXPAVCDataExchange@@@Z 67da6500 f   PixProDlg.obj
 0001:000255c0       ?GetMessageMap@CPixProDlg@@MBEPBUAFX_MSGMAP@@XZ 67da65c0 f   PixProDlg.obj
 0001:000255f0       ?GetThisMessageMap@CPixProDlg@@KGPBUAFX_MSGMAP@@XZ 67da65f0 f   PixProDlg.obj
 0001:00025600       ?OnInitDialog@CPixProDlg@@MAEHXZ 67da6600 f   PixProDlg.obj
 0001:00025650       ?OnBrowse@CPixProDlg@@IAEXXZ 67da6650 f   PixProDlg.obj
 0001:000257a0       ?OnOK@CPixProDlg@@MAEXXZ   67da67a0 f   PixProDlg.obj
 0001:00025cb0       ?OnKillfocusEditPath@CPixProDlg@@IAEXXZ 67da6cb0 f   PixProDlg.obj
 0001:00025d60       ?UpdateCurrentDir@CPixProDlg@@IAEXPAD@Z 67da6d60 f   PixProDlg.obj
 0001:00025e10       ?UpdateNames@CPixProDlg@@IAEXXZ 67da6e10 f   PixProDlg.obj
 0001:00026190       ?UpdateBoxAvailability@CPixProDlg@@IAEXXZ 67da7190 f   PixProDlg.obj
 0001:00026250       ?OnSelchangeCombo@CPixProDlg@@IAEXXZ 67da7250 f   PixProDlg.obj
 0001:000262f0       ?FillFunctionCombo@CPixProDlg@@IAEXXZ 67da72f0 f   PixProDlg.obj
 0001:00026730       ?OnSelchangeFunction@CPixProDlg@@IAEXXZ 67da7730 f   PixProDlg.obj
 0001:000269f0       ??1CPixProRefImageDlg@@UAE@XZ 67da79f0 f i PixProDlg.obj
 0001:00026a20       ??1CPixProUflowSubDlg@@UAE@XZ 67da7a20 f i PixProDlg.obj
 0001:00026a50       ??1CPixProWAvgDlg@@UAE@XZ  67da7a50 f i PixProDlg.obj
 0001:00026ac0       ??1CPixProIntScaleDlg@@UAE@XZ 67da7ac0 f i PixProDlg.obj
 0001:00026b30       ??_GCPixProDlg@@UAEPAXI@Z  67da7b30 f i PixProDlg.obj
 0001:00026b70       ??1CPixProDlg@@UAE@XZ      67da7b70 f i PixProDlg.obj
 0001:00026c30       ??_ECPixProDlg@@UAEPAXI@Z  67da7c30 f i PixProDlg.obj
 0001:00026cb0       ??0CPixProIntScaleDlg@@QAE@PAVCWnd@@PAUCORPPL_FCT_PROP@@PAVSapPixProParams@@@Z 67da7cb0 f   PixProIntScaleDlg.obj
 0001:00026d90       ?DoDataExchange@CPixProIntScaleDlg@@MAEXPAVCDataExchange@@@Z 67da7d90 f   PixProIntScaleDlg.obj
 0001:00026df0       ?GetMessageMap@CPixProIntScaleDlg@@MBEPBUAFX_MSGMAP@@XZ 67da7df0 f   PixProIntScaleDlg.obj
 0001:00026e20       ?GetThisMessageMap@CPixProIntScaleDlg@@KGPBUAFX_MSGMAP@@XZ 67da7e20 f   PixProIntScaleDlg.obj
 0001:00026e30       ?OnInitDialog@CPixProIntScaleDlg@@MAEHXZ 67da7e30 f   PixProIntScaleDlg.obj
 0001:00026f40       ?OnPixproSdramBank0@CPixProIntScaleDlg@@IAEXXZ 67da7f40 f   PixProIntScaleDlg.obj
 0001:00026f60       ?OnPixproSdramBank1@CPixProIntScaleDlg@@IAEXXZ 67da7f60 f   PixProIntScaleDlg.obj
 0001:00026f80       ?OnSelchangeCount@CPixProIntScaleDlg@@IAEXXZ 67da7f80 f   PixProIntScaleDlg.obj
 0001:00026fd0       ?OnOK@CPixProIntScaleDlg@@MAEXXZ 67da7fd0 f   PixProIntScaleDlg.obj
 0001:00027060       ??_GCPixProIntScaleDlg@@UAEPAXI@Z 67da8060 f i PixProIntScaleDlg.obj
 0001:00027060       ??_ECPixProIntScaleDlg@@UAEPAXI@Z 67da8060 f i PixProIntScaleDlg.obj
 0001:000270a0       ??0CPixProRefImageDlg@@QAE@PAVCWnd@@PAUCORPPL_FCT_PROP@@PAVSapPixProParams@@@Z 67da80a0 f   PixProRefImageDlg.obj
 0001:00027120       ?DoDataExchange@CPixProRefImageDlg@@MAEXPAVCDataExchange@@@Z 67da8120 f   PixProRefImageDlg.obj
 0001:00027150       ?GetMessageMap@CPixProRefImageDlg@@MBEPBUAFX_MSGMAP@@XZ 67da8150 f   PixProRefImageDlg.obj
 0001:00027180       ?GetThisMessageMap@CPixProRefImageDlg@@KGPBUAFX_MSGMAP@@XZ 67da8180 f   PixProRefImageDlg.obj
 0001:00027190       ?OnInitDialog@CPixProRefImageDlg@@MAEHXZ 67da8190 f   PixProRefImageDlg.obj
 0001:00027240       ?OnPixproSdramBank0@CPixProRefImageDlg@@IAEXXZ 67da8240 f   PixProRefImageDlg.obj
 0001:00027260       ?OnPixproSdramBank1@CPixProRefImageDlg@@IAEXXZ 67da8260 f   PixProRefImageDlg.obj
 0001:00027280       ?OnOK@CPixProRefImageDlg@@MAEXXZ 67da8280 f   PixProRefImageDlg.obj
 0001:000272d0       ??_ECPixProRefImageDlg@@UAEPAXI@Z 67da82d0 f i PixProRefImageDlg.obj
 0001:000272d0       ??_GCPixProRefImageDlg@@UAEPAXI@Z 67da82d0 f i PixProRefImageDlg.obj
 0001:00027310       ??0CPixProUflowSubDlg@@QAE@PAVCWnd@@PAUCORPPL_FCT_PROP@@PAVSapPixProParams@@@Z 67da8310 f   PixProUflowSubDlg.obj
 0001:000273a0       ?DoDataExchange@CPixProUflowSubDlg@@MAEXPAVCDataExchange@@@Z 67da83a0 f   PixProUflowSubDlg.obj
 0001:000273d0       ?GetMessageMap@CPixProUflowSubDlg@@MBEPBUAFX_MSGMAP@@XZ 67da83d0 f   PixProUflowSubDlg.obj
 0001:00027400       ?GetThisMessageMap@CPixProUflowSubDlg@@KGPBUAFX_MSGMAP@@XZ 67da8400 f   PixProUflowSubDlg.obj
 0001:00027410       ?OnInitDialog@CPixProUflowSubDlg@@MAEHXZ 67da8410 f   PixProUflowSubDlg.obj
 0001:000274d0       ?OnPixproSdramBank0@CPixProUflowSubDlg@@IAEXXZ 67da84d0 f   PixProUflowSubDlg.obj
 0001:000274f0       ?OnPixproSdramBank1@CPixProUflowSubDlg@@IAEXXZ 67da84f0 f   PixProUflowSubDlg.obj
 0001:00027510       ?OnPixproUflowSub@CPixProUflowSubDlg@@IAEXXZ 67da8510 f   PixProUflowSubDlg.obj
 0001:00027530       ?OnPixproRefImage@CPixProUflowSubDlg@@IAEXXZ 67da8530 f   PixProUflowSubDlg.obj
 0001:00027550       ?OnOK@CPixProUflowSubDlg@@MAEXXZ 67da8550 f   PixProUflowSubDlg.obj
 0001:000275c0       ??_ECPixProUflowSubDlg@@UAEPAXI@Z 67da85c0 f i PixProUflowSubDlg.obj
 0001:000275c0       ??_GCPixProUflowSubDlg@@UAEPAXI@Z 67da85c0 f i PixProUflowSubDlg.obj
 0001:00027600       ??0CPixProWAvgDlg@@QAE@PAVCWnd@@PAUCORPPL_FCT_PROP@@PAVSapPixProParams@@@Z 67da8600 f   PixProWAvgDlg.obj
 0001:000276e0       ?DoDataExchange@CPixProWAvgDlg@@MAEXPAVCDataExchange@@@Z 67da86e0 f   PixProWAvgDlg.obj
 0001:00027730       ?GetMessageMap@CPixProWAvgDlg@@MBEPBUAFX_MSGMAP@@XZ 67da8730 f   PixProWAvgDlg.obj
 0001:00027760       ?GetThisMessageMap@CPixProWAvgDlg@@KGPBUAFX_MSGMAP@@XZ 67da8760 f   PixProWAvgDlg.obj
 0001:00027770       ?OnInitDialog@CPixProWAvgDlg@@MAEHXZ 67da8770 f   PixProWAvgDlg.obj
 0001:000278b0       ?OnPixproSdramBank0@CPixProWAvgDlg@@IAEXXZ 67da88b0 f   PixProWAvgDlg.obj
 0001:000278d0       ?OnPixproSdramBank1@CPixProWAvgDlg@@IAEXXZ 67da88d0 f   PixProWAvgDlg.obj
 0001:000278f0       ?OnPixproWeightedAvg@CPixProWAvgDlg@@IAEXXZ 67da88f0 f   PixProWAvgDlg.obj
 0001:00027910       ?OnPixproRefImage@CPixProWAvgDlg@@IAEXXZ 67da8910 f   PixProWAvgDlg.obj
 0001:00027930       ?OnSelchangeFactor@CPixProWAvgDlg@@IAEXXZ 67da8930 f   PixProWAvgDlg.obj
 0001:00027980       ?OnOK@CPixProWAvgDlg@@MAEXXZ 67da8980 f   PixProWAvgDlg.obj
 0001:00027a10       ??_ECPixProWAvgDlg@@UAEPAXI@Z 67da8a10 f i PixProWAvgDlg.obj
 0001:00027a10       ??_GCPixProWAvgDlg@@UAEPAXI@Z 67da8a10 f i PixProWAvgDlg.obj
 0001:00027a50       ??0CRawFileDlg@@QAE@PAVCWnd@@HHHH@Z 67da8a50 f   RawFileDlg.obj
 0001:00027bb0       ?DoDataExchange@CRawFileDlg@@MAEXPAVCDataExchange@@@Z 67da8bb0 f   RawFileDlg.obj
 0001:00027c40       ?GetMessageMap@CRawFileDlg@@MBEPBUAFX_MSGMAP@@XZ 67da8c40 f   RawFileDlg.obj
 0001:00027c70       ?GetThisMessageMap@CRawFileDlg@@KGPBUAFX_MSGMAP@@XZ 67da8c70 f   RawFileDlg.obj
 0001:00027c80       ?OnOK@CRawFileDlg@@MAEXXZ  67da8c80 f   RawFileDlg.obj
 0001:00027dc0       ?OnInitDialog@CRawFileDlg@@MAEHXZ 67da8dc0 f   RawFileDlg.obj
 0001:00027f30       ?OnSelchangeComboFormat@CRawFileDlg@@IAEXXZ 67da8f30 f   RawFileDlg.obj
 0001:00027f90       ??_GCRawFileDlg@@UAEPAXI@Z 67da8f90 f i RawFileDlg.obj
 0001:00027f90       ??_ECRawFileDlg@@UAEPAXI@Z 67da8f90 f i RawFileDlg.obj
 0001:00027fd0       _ExtRawDllMain@12          67da8fd0 f   SapClassGui.obj
 0001:00028040       ?SapClassGuiInitModule@@YAXXZ 67da9040 f   SapClassGui.obj
 0001:000280e0       _DllMain@12                67da90e0 f   SapClassGui.obj
 0001:000281d0       ??B?$CTypedSimpleList@PAUCRuntimeClass@@@@QAEPAUCRuntimeClass@@XZ 67da91d0 f i SapClassGui.obj
 0001:00028200       ??B?$CTypedSimpleList@PAVCOleObjectFactory@@@@QAEPAVCOleObjectFactory@@XZ 67da9200 f i SapClassGui.obj
 0001:00028230       ??0CTraceFileAndLineInfo@ATL@@QAE@PBDH@Z 67da9230 f i SapClassGui.obj
 0001:00028260       ??RCTraceFileAndLineInfo@ATL@@QBAXPBDZZ 67da9260 f i SapClassGui.obj
 0001:000282c0       ?TraceV@CTrace@ATL@@QBAXPBDHKI0PAD@Z 67da92c0 f i SapClassGui.obj
 0001:00028300       ??BCTraceCategory@ATL@@QBEKXZ 67da9300 f i SapClassGui.obj
 0001:00028320       ?GetHead@CSimpleList@@QBEPAXXZ 67da9320 f i SapClassGui.obj
 0001:00028340       ?_AfxInitManaged@@YAHXZ    67da9340 f i SapClassGui.obj
 0001:00028350       ??0CImageWnd@@QAE@ABV0@@Z  67da9350 f i SapClassGui.obj
 0001:00028440       ??4CImageWnd@@QAEAAV0@ABV0@@Z 67da9440 f i SapClassGui.obj
 0001:00028520       ??_GCImageWnd@@UAEPAXI@Z   67da9520 f i SapClassGui.obj
 0001:00028560       ??0CSapRectTracker@@QAE@ABV0@@Z 67da9560 f i SapClassGui.obj
 0001:000285c0       ??4CSapRectTracker@@QAEAAV0@ABV0@@Z 67da95c0 f i SapClassGui.obj
 0001:00028610       ??0CRectTracker@@QAE@ABV0@@Z 67da9610 f i SapClassGui.obj
 0001:000286e0       ??4CRectTracker@@QAEAAV0@ABV0@@Z 67da96e0 f i SapClassGui.obj
 0001:000287a0       ??_GCRectTracker@@UAEPAXI@Z 67da97a0 f i SapClassGui.obj
 0001:000287a0       ??_ECRectTracker@@UAEPAXI@Z 67da97a0 f i SapClassGui.obj
 0001:000287e0       ?GetBuffer@CBufDlg@@QAEAAVSapBuffer@@XZ 67da97e0 f i SapClassGui.obj
 0001:00028800       ?GetServerCategory@CAcqConfigDlg@@QAE?AW4ServerCategory@1@XZ 67da9800 f i SapClassGui.obj
 0001:00028820       ?SetCameraLinkServerFlag@CAcqConfigDlg@@QAEX_N@Z 67da9820 f i SapClassGui.obj
 0001:00028840       ?GetAcquisition@CAcqConfigDlg@@QAEAAVSapAcquisition@@XZ 67da9840 f i SapClassGui.obj
 0001:00028860       ??1CViewDlg@@UAE@XZ        67da9860 f i SapClassGui.obj
 0001:00028900       ??_FCViewDlg@@QAEXXZ       67da9900 f i SapClassGui.obj
 0001:00028930       ?GetType@CLoadSaveDlg@@QAEHXZ 67da9930 f i SapClassGui.obj
 0001:00028950       ?GetOptions@CLoadSaveDlg@@QAE?AV?$CStringT@DV?$StrTraitMFC_DLL@DV?$ChTraitsCRT@D@ATL@@@@@ATL@@XZ 67da9950 f i SapClassGui.obj
 0001:000289b0       ?GetStartFrame@CLoadSaveDlg@@QAEHXZ 67da99b0 f i SapClassGui.obj
 0001:000289d0       ?GetRawFileWidth@CLoadSaveDlg@@QAEHXZ 67da99d0 f i SapClassGui.obj
 0001:000289f0       ?GetRawFileHeight@CLoadSaveDlg@@QAEHXZ 67da99f0 f i SapClassGui.obj
 0001:00028a10       ?GetRawFileOffset@CLoadSaveDlg@@QAEHXZ 67da9a10 f i SapClassGui.obj
 0001:00028a30       ?GetRawFileFormat@CLoadSaveDlg@@QAEHXZ 67da9a30 f i SapClassGui.obj
 0001:00028a50       ?GetCab@CCabDlg@@QAEAAVSapCab@@XZ 67da9a50 f i SapClassGui.obj
 0001:00028a70       ?GetAcquisition@CCamVicDlg@@QAEAAVSapAcquisition@@XZ 67da9a70 f i SapClassGui.obj
 0001:00028a90       ?GetPixPro@CPixProDlg@@QAEAAVSapPixPro@@XZ 67da9a90 f i SapClassGui.obj
 0001:00028ab0       ??0Thank_you@Define_the_symbol__ATL_MIXED@@QAE@XZ 67da9ab0 f i SapClassGui.obj
 0001:00028ad0       ?one@Thank_you@Define_the_symbol__ATL_MIXED@@UAEXXZ 67da9ad0 f i SapClassGui.obj
 0001:00028af0       ??0CTiffFileDlg@@QAE@PAVCWnd@@HH@Z 67da9af0 f   TiffFileDlg.obj
 0001:00028bf0       ?DoDataExchange@CTiffFileDlg@@MAEXPAVCDataExchange@@@Z 67da9bf0 f   TiffFileDlg.obj
 0001:00028c60       ?GetMessageMap@CTiffFileDlg@@MBEPBUAFX_MSGMAP@@XZ 67da9c60 f   TiffFileDlg.obj
 0001:00028c90       ?GetThisMessageMap@CTiffFileDlg@@KGPBUAFX_MSGMAP@@XZ 67da9c90 f   TiffFileDlg.obj
 0001:00028ca0       ?OnVScroll@CTiffFileDlg@@IAEXIIPAVCScrollBar@@@Z 67da9ca0 f   TiffFileDlg.obj
 0001:00028d50       ?OnUpdateTiffEditCompressionLevel@CTiffFileDlg@@IAEXXZ 67da9d50 f   TiffFileDlg.obj
 0001:00028d80       ?OnOK@CTiffFileDlg@@MAEXXZ 67da9d80 f   TiffFileDlg.obj
 0001:00028e20       ??_ECTiffFileDlg@@UAEPAXI@Z 67da9e20 f i TiffFileDlg.obj
 0001:00028e20       ??_GCTiffFileDlg@@UAEPAXI@Z 67da9e20 f i TiffFileDlg.obj
 0001:00028e60       ?DoDataExchange@CViewDlg@@MAEXPAVCDataExchange@@@Z 67da9e60 f   ViewDlg.obj
 0001:00029020       ?GetMessageMap@CViewDlg@@MBEPBUAFX_MSGMAP@@XZ 67daa020 f   ViewDlg.obj
 0001:00029050       ?GetThisMessageMap@CViewDlg@@KGPBUAFX_MSGMAP@@XZ 67daa050 f   ViewDlg.obj
 0001:00029060       ??0CViewDlg@@QAE@PAVCWnd@@PAVSapView@@@Z 67daa060 f   ViewDlg.obj
 0001:000293b0       ?OnInitDialog@CViewDlg@@MAEHXZ 67daa3b0 f   ViewDlg.obj
 0001:000294d0       ?LoadSettings@CViewDlg@@IAEXXZ 67daa4d0 f   ViewDlg.obj
 0001:00029530       ?SaveSettings@CViewDlg@@IAEXXZ 67daa530 f   ViewDlg.obj
 0001:00029590       ?OnUpdateEditViewRange@CViewDlg@@IAEXXZ 67daa590 f   ViewDlg.obj
 0001:00029620       ?OnHScroll@CViewDlg@@IAEXIIPAVCScrollBar@@@Z 67daa620 f   ViewDlg.obj
 0001:00029710       ?SetRange@CViewDlg@@IAEXXZ 67daa710 f   ViewDlg.obj
 0001:00029790       ?OnUpdateScaleHeight@CViewDlg@@IAEXXZ 67daa790 f   ViewDlg.obj
 0001:000298d0       ?OnUpdateScaleHeightFactor@CViewDlg@@IAEXXZ 67daa8d0 f   ViewDlg.obj
 0001:00029a30       ?OnUpdateScaleWidth@CViewDlg@@IAEXXZ 67daaa30 f   ViewDlg.obj
 0001:00029b70       ?OnUpdateScaleWidthFactor@CViewDlg@@IAEXXZ 67daab70 f   ViewDlg.obj
 0001:00029cd0       ?OnDeltaposSpinScaleHeight@CViewDlg@@IAEXPAUtagNMHDR@@PAJ@Z 67daacd0 f   ViewDlg.obj
 0001:00029e70       ?OnDeltaposSpinScaleHeightFactor@CViewDlg@@IAEXPAUtagNMHDR@@PAJ@Z 67daae70 f   ViewDlg.obj
 0001:0002a040       ?OnDeltaposSpinScaleWidth@CViewDlg@@IAEXPAUtagNMHDR@@PAJ@Z 67dab040 f   ViewDlg.obj
 0001:0002a1e0       ?OnDeltaposSpinScaleWidthFactor@CViewDlg@@IAEXPAUtagNMHDR@@PAJ@Z 67dab1e0 f   ViewDlg.obj
 0001:0002a3b0       ?OnLockAspectRatio@CViewDlg@@IAEXXZ 67dab3b0 f   ViewDlg.obj
 0001:0002a4a0       ?OnScalingNone@CViewDlg@@IAEXXZ 67dab4a0 f   ViewDlg.obj
 0001:0002a5f0       ?OnScalingFitToWindow@CViewDlg@@IAEXXZ 67dab5f0 f   ViewDlg.obj
 0001:0002a940       ?OnOK@CViewDlg@@MAEXXZ     67dab940 f   ViewDlg.obj
 0001:0002a9e0       ?OnCancel@CViewDlg@@MAEXXZ 67dab9e0 f   ViewDlg.obj
 0001:0002aa20       ?floor@@YAMM@Z             67daba20 f i ViewDlg.obj
 0001:0002aa40       _floorf                    67daba40 f i ViewDlg.obj
 0001:0002aa80       ??_GCViewDlg@@UAEPAXI@Z    67daba80 f i ViewDlg.obj
 0001:0002aac0       ??_ECViewDlg@@UAEPAXI@Z    67dabac0 f i ViewDlg.obj
 0001:0002ab3c       _CorAcqGetCap@12           67dabb3c f   Corapi:CORAPI.dll
 0001:0002ab42       _CorCabSetPrm@12           67dabb42 f   Corapi:CORAPI.dll
 0001:0002ab48       ??1SapAcquisition@@UAE@XZ  67dabb48 f   SapClassBasic:SapClassBasic80.dll
 0001:0002ab4e       ??1SapManager@@UAE@XZ      67dabb4e f   SapClassBasic:SapClassBasic80.dll
 0001:0002ab54       ??0SapAcquisition@@QAE@VSapLocation@@@Z 67dabb54 f   SapClassBasic:SapClassBasic80.dll
 0001:0002ab5a       ??0SapLocation@@QAE@HH@Z   67dabb5a f   SapClassBasic:SapClassBasic80.dll
 0001:0002ab60       ??0SapManager@@QAE@XZ      67dabb60 f   SapClassBasic:SapClassBasic80.dll
 0001:0002ab66       ??1SapLocation@@UAE@XZ     67dabb66 f   SapClassBasic:SapClassBasic80.dll
 0001:0002ab6c       ?GetResourceIndex@SapLocation@@QBEHXZ 67dabb6c f   SapClassBasic:SapClassBasic80.dll
 0001:0002ab72       ?GetServerName@SapManager@@SAHVSapLocation@@PADH@Z 67dabb72 f   SapClassBasic:SapClassBasic80.dll
 0001:0002ab78       ??0SapLocation@@QAE@ABV0@@Z 67dabb78 f   SapClassBasic:SapClassBasic80.dll
 0001:0002ab7e       ?GetConfigFile@SapAcquisition@@QBEPBDXZ 67dabb7e f   SapClassBasic:SapClassBasic80.dll
 0001:0002ab84       ?GetLocation@SapXferNode@@QBE?AVSapLocation@@XZ 67dabb84 f   SapClassBasic:SapClassBasic80.dll
 0001:0002ab8a       ??4SapAcquisition@@QAEAAV0@ABV0@@Z 67dabb8a f   SapClassBasic:SapClassBasic80.dll
 0001:0002ab90       ??0SapLocation@@QAE@PBDH@Z 67dabb90 f   SapClassBasic:SapClassBasic80.dll
 0001:0002ab96       ?SetLocation@SapXferNode@@QAEHVSapLocation@@@Z 67dabb96 f   SapClassBasic:SapClassBasic80.dll
 0001:0002ab9c       ?GetServerName@SapManager@@SAHHPADH@Z 67dabb9c f   SapClassBasic:SapClassBasic80.dll
 0001:0002aba2       ?GetResourceCount@SapManager@@SAHHH@Z 67dabba2 f   SapClassBasic:SapClassBasic80.dll
 0001:0002aba8       ?GetServerCount@SapManager@@SAHXZ 67dabba8 f   SapClassBasic:SapClassBasic80.dll
 0001:0002abae       ?IsResourceAvailable@SapManager@@SAHPBDHH@Z 67dabbae f   SapClassBasic:SapClassBasic80.dll
 0001:0002abb4       ?GetResourceName@SapManager@@SAHPBDHHPADH@Z 67dabbb4 f   SapClassBasic:SapClassBasic80.dll
 0001:0002abba       ?GetResourceCount@SapManager@@SAHPBDH@Z 67dabbba f   SapClassBasic:SapClassBasic80.dll
 0001:0002abc0       ?GetServerIndex@SapManager@@SAHPBD@Z 67dabbc0 f   SapClassBasic:SapClassBasic80.dll
 0001:0002abc6       ?GetResourceCount@SapManager@@SAHVSapLocation@@H@Z 67dabbc6 f   SapClassBasic:SapClassBasic80.dll
 0001:0002abcc       ?DisplayStatus@SapManager@@SAIPBDI@Z 67dabbcc f   SapClassBasic:SapClassBasic80.dll
 0001:0002abd2       ??1SapDataFRGB@@UAE@XZ     67dabbd2 f   SapClassBasic:SapClassBasic80.dll
 0001:0002abd8       ?IsEnabled@SapBayer@@QBEHXZ 67dabbd8 f   SapClassBasic:SapClassBasic80.dll
 0001:0002abde       ?IsLutEnabled@SapBayer@@QBEHXZ 67dabbde f   SapClassBasic:SapClassBasic80.dll
 0001:0002abe4       ?GetGamma@SapBayer@@QBEMXZ 67dabbe4 f   SapClassBasic:SapClassBasic80.dll
 0001:0002abea       ?Blue@SapDataFRGB@@QAEMXZ  67dabbea f   SapClassBasic:SapClassBasic80.dll
 0001:0002abf0       ?Green@SapDataFRGB@@QAEMXZ 67dabbf0 f   SapClassBasic:SapClassBasic80.dll
 0001:0002abf6       ?Red@SapDataFRGB@@QAEMXZ   67dabbf6 f   SapClassBasic:SapClassBasic80.dll
 0001:0002abfc       ?GetWBGain@SapBayer@@QBE?AVSapDataFRGB@@XZ 67dabbfc f   SapClassBasic:SapClassBasic80.dll
 0001:0002ac02       ?GetMethod@SapBayer@@QBEHXZ 67dabc02 f   SapClassBasic:SapClassBasic80.dll
 0001:0002ac08       ?GetAlign@SapBayer@@QBEHXZ 67dabc08 f   SapClassBasic:SapClassBasic80.dll
 0001:0002ac0e       ?GetAvailMethod@SapBayer@@QBEHXZ 67dabc0e f   SapClassBasic:SapClassBasic80.dll
 0001:0002ac14       ?GetAvailAlign@SapBayer@@QBEHXZ 67dabc14 f   SapClassBasic:SapClassBasic80.dll
 0001:0002ac1a       ?IsSoftware@SapBayer@@QBEHXZ 67dabc1a f   SapClassBasic:SapClassBasic80.dll
 0001:0002ac20       ??0SapDataFRGB@@QAE@MMM@Z  67dabc20 f   SapClassBasic:SapClassBasic80.dll
 0001:0002ac26       ??BSapManager@@QBEHXZ      67dabc26 f   SapClassBasic:SapClassBasic80.dll
 0001:0002ac2c       ??1SapBuffer@@UAE@XZ       67dabc2c f   SapClassBasic:SapClassBasic80.dll
 0001:0002ac32       ?IsBufferTypeSupported@SapBuffer@@SAHVSapLocation@@H@Z 67dabc32 f   SapClassBasic:SapClassBasic80.dll
 0001:0002ac38       ??4SapLocation@@QAEAAV0@ABV0@@Z 67dabc38 f   SapClassBasic:SapClassBasic80.dll
 0001:0002ac3e       ?GetSrcNode@SapXferNode@@QBEPAV1@XZ 67dabc3e f   SapClassBasic:SapClassBasic80.dll
 0001:0002ac44       ?GetPixelDepth@SapBuffer@@QBEHXZ 67dabc44 f   SapClassBasic:SapClassBasic80.dll
 0001:0002ac4a       ?GetType@SapBuffer@@QBEHXZ 67dabc4a f   SapClassBasic:SapClassBasic80.dll
 0001:0002ac50       ?GetFormat@SapBuffer@@QBEHXZ 67dabc50 f   SapClassBasic:SapClassBasic80.dll
 0001:0002ac56       ?GetHeight@SapBuffer@@QBEHXZ 67dabc56 f   SapClassBasic:SapClassBasic80.dll
 0001:0002ac5c       ?GetWidth@SapBuffer@@QBEHXZ 67dabc5c f   SapClassBasic:SapClassBasic80.dll
 0001:0002ac62       ??0SapLocation@@QAE@XZ     67dabc62 f   SapClassBasic:SapClassBasic80.dll
 0001:0002ac68       ??0SapBuffer@@QAE@HHHHHVSapLocation@@@Z 67dabc68 f   SapClassBasic:SapClassBasic80.dll
 0001:0002ac6e       ?GetPixelDepthMax@SapManager@@SAHH@Z 67dabc6e f   SapClassBasic:SapClassBasic80.dll
 0001:0002ac74       ?GetPixelDepthMin@SapManager@@SAHH@Z 67dabc74 f   SapClassBasic:SapClassBasic80.dll
 0001:0002ac7a       ??0SapCab@@QAE@VSapLocation@@PAVSapXferNode@@@Z 67dabc7a f   SapClassBasic:SapClassBasic80.dll
 0001:0002ac80       ??0SapLocation@@QAE@ABV0@H@Z 67dabc80 f   SapClassBasic:SapClassBasic80.dll
 0001:0002ac86       ?Create@SapCab@@UAEHXZ     67dabc86 f   SapClassBasic:SapClassBasic80.dll
 0001:0002ac8c       ?Destroy@SapCab@@UAEHXZ    67dabc8c f   SapClassBasic:SapClassBasic80.dll
 0001:0002ac92       ?GetXferParams@SapCab@@UBE?AVSapXferParams@@H@Z 67dabc92 f   SapClassBasic:SapClassBasic80.dll
 0001:0002ac98       ?GetInputXferParams@SapCab@@UBE?AVSapXferParams@@H@Z 67dabc98 f   SapClassBasic:SapClassBasic80.dll
 0001:0002ac9e       ?GetOutputXferParams@SapCab@@UBE?AVSapXferParams@@H@Z 67dabc9e f   SapClassBasic:SapClassBasic80.dll
 0001:0002aca4       ?SetSrcNode@SapXferNode@@UAEHPAV1@H@Z 67dabca4 f   SapClassBasic:SapClassBasic80.dll
 0001:0002acaa       ?SetXferParams@SapCab@@UAEHVSapXferParams@@H@Z 67dabcaa f   SapClassBasic:SapClassBasic80.dll
 0001:0002acb0       ?SetInputXferParams@SapCab@@UAEHVSapXferParams@@H@Z 67dabcb0 f   SapClassBasic:SapClassBasic80.dll
 0001:0002acb6       ?SetOutputXferParams@SapCab@@UAEHVSapXferParams@@H@Z 67dabcb6 f   SapClassBasic:SapClassBasic80.dll
 0001:0002acbc       ?GetHandle@SapXferNode@@UBEPAU__CORHANDLE@@H@Z 67dabcbc f   SapClassBasic:SapClassBasic80.dll
 0001:0002acc2       ?GetHandle@SapXferNode@@UBEPAU__CORHANDLE@@XZ 67dabcc2 f   SapClassBasic:SapClassBasic80.dll
 0001:0002acc8       ?GetXferParamsFromSrcNode@SapXferNode@@UAEXXZ 67dabcc8 f   SapClassBasic:SapClassBasic80.dll
 0001:0002acce       ?GetXferNodeType@SapCab@@UAE?AW4XferNodeType@SapXferNode@@XZ 67dabcce f   SapClassBasic:SapClassBasic80.dll
 0001:0002acd4       ?IsBuffer@SapXferNode@@UAEHXZ 67dabcd4 f   SapClassBasic:SapClassBasic80.dll
 0001:0002acda       ??ASapXferNode@@UBEPAU__CORHANDLE@@H@Z 67dabcda f   SapClassBasic:SapClassBasic80.dll
 0001:0002ace0       ?GetCount@SapXferNode@@UBEHXZ 67dabce0 f   SapClassBasic:SapClassBasic80.dll
 0001:0002ace6       ?GetIndex@SapXferNode@@UBEHXZ 67dabce6 f   SapClassBasic:SapClassBasic80.dll
 0001:0002acec       ?SetIndex@SapXferNode@@UAEHH@Z 67dabcec f   SapClassBasic:SapClassBasic80.dll
 0001:0002acf2       ?ResetIndex@SapXferNode@@UAEXXZ 67dabcf2 f   SapClassBasic:SapClassBasic80.dll
 0001:0002acf8       ?Next@SapXferNode@@UAEXXZ  67dabcf8 f   SapClassBasic:SapClassBasic80.dll
 0001:0002acfe       ?GetTrash@SapXferNode@@UBEPAU__CORHANDLE@@XZ 67dabcfe f   SapClassBasic:SapClassBasic80.dll
 0001:0002ad04       ?Empty@SapXferNode@@UAEHH@Z 67dabd04 f   SapClassBasic:SapClassBasic80.dll
 0001:0002ad0a       ?Empty@SapXferNode@@UAEHXZ 67dabd0a f   SapClassBasic:SapClassBasic80.dll
 0001:0002ad10       ?EmptyAll@SapXferNode@@UAEHXZ 67dabd10 f   SapClassBasic:SapClassBasic80.dll
 0001:0002ad16       ?GetCapability@SapCab@@UAEHHPAX@Z 67dabd16 f   SapClassBasic:SapClassBasic80.dll
 0001:0002ad1c       ?GetParameter@SapCab@@UAEHHPAX@Z 67dabd1c f   SapClassBasic:SapClassBasic80.dll
 0001:0002ad22       ?SetParameter@SapCab@@UAEHHPAX@Z 67dabd22 f   SapClassBasic:SapClassBasic80.dll
 0001:0002ad28       ?SetParameter@SapCab@@UAEHHH@Z 67dabd28 f   SapClassBasic:SapClassBasic80.dll
 0001:0002ad2e       ?Construct@SapCab@@MAEXHHPBH@Z 67dabd2e f   SapClassBasic:SapClassBasic80.dll
 0001:0002ad34       ??1SapCab@@UAE@XZ          67dabd34 f   SapClassBasic:SapClassBasic80.dll
 0001:0002ad3a       ?GetVicFile@SapAcquisition@@QBEPBDXZ 67dabd3a f   SapClassBasic:SapClassBasic80.dll
 0001:0002ad40       ?GetCamFile@SapAcquisition@@QBEPBDXZ 67dabd40 f   SapClassBasic:SapClassBasic80.dll
 0001:0002ad46       ?IsEnabled@SapColorConversion@@QBEHXZ 67dabd46 f   SapClassBasic:SapClassBasic80.dll
 0001:0002ad4c       ?IsLutEnabled@SapColorConversion@@QBEHXZ 67dabd4c f   SapClassBasic:SapClassBasic80.dll
 0001:0002ad52       ?GetGamma@SapColorConversion@@QBEMXZ 67dabd52 f   SapClassBasic:SapClassBasic80.dll
 0001:0002ad58       ?GetWBGain@SapColorConversion@@QBE?AVSapDataFRGB@@XZ 67dabd58 f   SapClassBasic:SapClassBasic80.dll
 0001:0002ad5e       ?GetMethod@SapColorConversion@@QBEHXZ 67dabd5e f   SapClassBasic:SapClassBasic80.dll
 0001:0002ad64       ?GetAlign@SapColorConversion@@QBEHXZ 67dabd64 f   SapClassBasic:SapClassBasic80.dll
 0001:0002ad6a       ?GetAvailMethod@SapColorConversion@@QBEHXZ 67dabd6a f   SapClassBasic:SapClassBasic80.dll
 0001:0002ad70       ?GetAvailAlign@SapColorConversion@@QBEHXZ 67dabd70 f   SapClassBasic:SapClassBasic80.dll
 0001:0002ad76       ?IsHardwareEnabled@SapColorConversion@@QBEHXZ 67dabd76 f   SapClassBasic:SapClassBasic80.dll
 0001:0002ad7c       ?Destroy@SapFeature@@UAEHXZ 67dabd7c f   SapClassBasic:SapClassBasic80.dll
 0001:0002ad82       ?GetDisplayName@SapFeature@@QAEHPADH@Z 67dabd82 f   SapClassBasic:SapClassBasic80.dll
 0001:0002ad88       ?GetFeatureInfo@SapAcqDevice@@QAEHPBDPAVSapFeature@@@Z 67dabd88 f   SapClassBasic:SapClassBasic80.dll
 0001:0002ad8e       ?GetFileNameByIndex@SapAcqDevice@@QAEHHPADH@Z 67dabd8e f   SapClassBasic:SapClassBasic80.dll
 0001:0002ad94       ?GetFileCount@SapAcqDevice@@QAEHPAH@Z 67dabd94 f   SapClassBasic:SapClassBasic80.dll
 0001:0002ad9a       ??1SapFeature@@UAE@XZ      67dabd9a f   SapClassBasic:SapClassBasic80.dll
 0001:0002ada0       ?GetFeatureValue@SapAcqDevice@@QAEHPBDPADH@Z 67dabda0 f   SapClassBasic:SapClassBasic80.dll
 0001:0002ada6       ?IsFeatureAvailable@SapAcqDevice@@QAEHPBDPAH@Z 67dabda6 f   SapClassBasic:SapClassBasic80.dll
 0001:0002adac       ?Create@SapFeature@@UAEHXZ 67dabdac f   SapClassBasic:SapClassBasic80.dll
 0001:0002adb2       ??0SapFeature@@QAE@VSapLocation@@@Z 67dabdb2 f   SapClassBasic:SapClassBasic80.dll
 0001:0002adb8       ?GetAcqDevice@SapFlatField@@QBEPAVSapAcqDevice@@XZ 67dabdb8 f   SapClassBasic:SapClassBasic80.dll
 0001:0002adbe       ?GetNumFlatField@SapFlatField@@QBEHXZ 67dabdbe f   SapClassBasic:SapClassBasic80.dll
 0001:0002adc4       ?GetBlackPixelPercentage@SapFlatField@@QBEMXZ 67dabdc4 f   SapClassBasic:SapClassBasic80.dll
 0001:0002adca       ?IsClippedGainOffsetDefects@SapFlatField@@QBEHXZ 67dabdca f   SapClassBasic:SapClassBasic80.dll
 0001:0002add0       ?GetIndex@SapFlatField@@QBEHXZ 67dabdd0 f   SapClassBasic:SapClassBasic80.dll
 0001:0002add6       ?GetDeviationMaxWhite@SapFlatField@@QBEHXZ 67dabdd6 f   SapClassBasic:SapClassBasic80.dll
 0001:0002addc       ?GetDeviationMaxBlack@SapFlatField@@QBEHXZ 67dabddc f   SapClassBasic:SapClassBasic80.dll
 0001:0002ade2       ?GetGainDivisor@SapFlatField@@QBEHXZ 67dabde2 f   SapClassBasic:SapClassBasic80.dll
 0001:0002ade8       ?GetVerticalOffset@SapFlatField@@QBEHXZ 67dabde8 f   SapClassBasic:SapClassBasic80.dll
 0001:0002adee       ?GetNumFramesAverage@SapFlatField@@QBEHXZ 67dabdee f   SapClassBasic:SapClassBasic80.dll
 0001:0002adf4       ?GetNumLinesAverage@SapFlatField@@QBEHXZ 67dabdf4 f   SapClassBasic:SapClassBasic80.dll
 0001:0002adfa       ?GetVideoType@SapFlatField@@QBE?AW4VideoType@SapAcquisition@@XZ 67dabdfa f   SapClassBasic:SapClassBasic80.dll
 0001:0002ae00       ?GetCorrectionType@SapFlatField@@QBE?AW4CorrectionType@1@XZ 67dabe00 f   SapClassBasic:SapClassBasic80.dll
 0001:0002ae06       ?GetOffsetMinMax@SapFlatField@@QAEXPAH0@Z 67dabe06 f   SapClassBasic:SapClassBasic80.dll
 0001:0002ae0c       ?Load@SapBuffer@@UAEHPBD0HH@Z 67dabe0c f   SapClassBasic:SapClassBasic80.dll
 0001:0002ae12       ?Create@SapBuffer@@UAEHXZ  67dabe12 f   SapClassBasic:SapClassBasic80.dll
 0001:0002ae18       ??0SapBuffer@@QAE@PBDHVSapLocation@@@Z 67dabe18 f   SapClassBasic:SapClassBasic80.dll
 0001:0002ae1e       ??0SapBuffer@@QAE@HPAVSapXferNode@@HVSapLocation@@@Z 67dabe1e f   SapClassBasic:SapClassBasic80.dll
 0001:0002ae24       ?Destroy@SapBuffer@@UAEHXZ 67dabe24 f   SapClassBasic:SapClassBasic80.dll
 0001:0002ae2a       ?GetXferParams@SapXferNode@@UBE?AVSapXferParams@@H@Z 67dabe2a f   SapClassBasic:SapClassBasic80.dll
 0001:0002ae30       ?GetInputXferParams@SapXferNode@@UBE?AVSapXferParams@@H@Z 67dabe30 f   SapClassBasic:SapClassBasic80.dll
 0001:0002ae36       ?GetOutputXferParams@SapXferNode@@UBE?AVSapXferParams@@H@Z 67dabe36 f   SapClassBasic:SapClassBasic80.dll
 0001:0002ae3c       ?SetXferParams@SapXferNode@@UAEHVSapXferParams@@H@Z 67dabe3c f   SapClassBasic:SapClassBasic80.dll
 0001:0002ae42       ?SetInputXferParams@SapXferNode@@UAEHVSapXferParams@@H@Z 67dabe42 f   SapClassBasic:SapClassBasic80.dll
 0001:0002ae48       ?SetOutputXferParams@SapXferNode@@UAEHVSapXferParams@@H@Z 67dabe48 f   SapClassBasic:SapClassBasic80.dll
 0001:0002ae4e       ?GetHandle@SapBuffer@@UBEPAU__CORHANDLE@@H@Z 67dabe4e f   SapClassBasic:SapClassBasic80.dll
 0001:0002ae54       ?GetHandle@SapBuffer@@UBEPAU__CORHANDLE@@XZ 67dabe54 f   SapClassBasic:SapClassBasic80.dll
 0001:0002ae5a       ?GetXferNodeType@SapBuffer@@UAE?AW4XferNodeType@SapXferNode@@XZ 67dabe5a f   SapClassBasic:SapClassBasic80.dll
 0001:0002ae60       ??ASapBuffer@@UBEPAU__CORHANDLE@@H@Z 67dabe60 f   SapClassBasic:SapClassBasic80.dll
 0001:0002ae66       ?GetCount@SapBuffer@@UBEHXZ 67dabe66 f   SapClassBasic:SapClassBasic80.dll
 0001:0002ae6c       ?GetIndex@SapBuffer@@UBEHXZ 67dabe6c f   SapClassBasic:SapClassBasic80.dll
 0001:0002ae72       ?SetIndex@SapBuffer@@UAEHH@Z 67dabe72 f   SapClassBasic:SapClassBasic80.dll
 0001:0002ae78       ?ResetIndex@SapBuffer@@UAEXXZ 67dabe78 f   SapClassBasic:SapClassBasic80.dll
 0001:0002ae7e       ?Next@SapBuffer@@UAEXXZ    67dabe7e f   SapClassBasic:SapClassBasic80.dll
 0001:0002ae84       ?GetTrash@SapBuffer@@UBEPAU__CORHANDLE@@XZ 67dabe84 f   SapClassBasic:SapClassBasic80.dll
 0001:0002ae8a       ?Empty@SapBuffer@@UAEHH@Z  67dabe8a f   SapClassBasic:SapClassBasic80.dll
 0001:0002ae90       ?Empty@SapBuffer@@UAEHXZ   67dabe90 f   SapClassBasic:SapClassBasic80.dll
 0001:0002ae96       ?EmptyAll@SapBuffer@@UAEHXZ 67dabe96 f   SapClassBasic:SapClassBasic80.dll
 0001:0002ae9c       ?SetCount@SapBuffer@@UAEHH@Z 67dabe9c f   SapClassBasic:SapClassBasic80.dll
 0001:0002aea2       ?SetWidth@SapBuffer@@UAEHH@Z 67dabea2 f   SapClassBasic:SapClassBasic80.dll
 0001:0002aea8       ?SetHeight@SapBuffer@@UAEHH@Z 67dabea8 f   SapClassBasic:SapClassBasic80.dll
 0001:0002aeae       ?SetFormat@SapBuffer@@UAEHH@Z 67dabeae f   SapClassBasic:SapClassBasic80.dll
 0001:0002aeb4       ?SetType@SapBuffer@@UAEHH@Z 67dabeb4 f   SapClassBasic:SapClassBasic80.dll
 0001:0002aeba       ?SetPixelDepth@SapBuffer@@UAEHH@Z 67dabeba f   SapClassBasic:SapClassBasic80.dll
 0001:0002aec0       ?SetVirtualAddress@SapBuffer@@UAEHQAPAX@Z 67dabec0 f   SapClassBasic:SapClassBasic80.dll
 0001:0002aec6       ?SetPhysicalAddress@SapBuffer@@UAEHQAK@Z 67dabec6 f   SapClassBasic:SapClassBasic80.dll
 0001:0002aecc       ?SetParameters@SapBuffer@@UAEHHQAKHHHH@Z 67dabecc f   SapClassBasic:SapClassBasic80.dll
 0001:0002aed2       ?SetParameters@SapBuffer@@UAEHHQAPAXHHHH@Z 67dabed2 f   SapClassBasic:SapClassBasic80.dll
 0001:0002aed8       ?SetParameters@SapBuffer@@UAEHHHHHH@Z 67dabed8 f   SapClassBasic:SapClassBasic80.dll
 0001:0002aede       ?SetParametersFromFile@SapBuffer@@UAEHPBDH@Z 67dabede f   SapClassBasic:SapClassBasic80.dll
 0001:0002aee4       ?SetFrameRate@SapBuffer@@UAEXM@Z 67dabee4 f   SapClassBasic:SapClassBasic80.dll
 0001:0002aeea       ?GetAddress@SapBuffer@@UAEHH_KIPAXPAPAX@Z 67dabeea f   SapClassBasic:SapClassBasic80.dll
 0001:0002aef0       ?GetAddress@SapBuffer@@UAEHH_KIPAPAX@Z 67dabef0 f   SapClassBasic:SapClassBasic80.dll
 0001:0002aef6       ?GetAddress@SapBuffer@@UAEH_KIPAXPAPAX@Z 67dabef6 f   SapClassBasic:SapClassBasic80.dll
 0001:0002aefc       ?GetAddress@SapBuffer@@UAEH_KIPAPAX@Z 67dabefc f   SapClassBasic:SapClassBasic80.dll
 0001:0002af02       ?GetAddress@SapBuffer@@UAEHHPAXPAPAX@Z 67dabf02 f   SapClassBasic:SapClassBasic80.dll
 0001:0002af08       ?GetAddress@SapBuffer@@UAEHHPAPAX@Z 67dabf08 f   SapClassBasic:SapClassBasic80.dll
 0001:0002af0e       ?GetAddress@SapBuffer@@UAEHPAXPAPAX@Z 67dabf0e f   SapClassBasic:SapClassBasic80.dll
 0001:0002af14       ?GetAddress@SapBuffer@@UAEHPAPAX@Z 67dabf14 f   SapClassBasic:SapClassBasic80.dll
 0001:0002af1a       ?ReleaseAddress@SapBuffer@@UAEHHPAX@Z 67dabf1a f   SapClassBasic:SapClassBasic80.dll
 0001:0002af20       ?ReleaseAddress@SapBuffer@@UAEHPAX@Z 67dabf20 f   SapClassBasic:SapClassBasic80.dll
 0001:0002af26       ?IsMapped@SapBuffer@@UAEHXZ 67dabf26 f   SapClassBasic:SapClassBasic80.dll
 0001:0002af2c       ?IsMapped@SapBuffer@@UAEHH@Z 67dabf2c f   SapClassBasic:SapClassBasic80.dll
 0001:0002af32       ?GetCounterStamp@SapBuffer@@UAEHHPAH@Z 67dabf32 f   SapClassBasic:SapClassBasic80.dll
 0001:0002af38       ?GetCounterStamp@SapBuffer@@UAEHPAH@Z 67dabf38 f   SapClassBasic:SapClassBasic80.dll
 0001:0002af3e       ?GetHostCounterStamp@SapBuffer@@UAEHHPA_K@Z 67dabf3e f   SapClassBasic:SapClassBasic80.dll
 0001:0002af44       ?GetHostCounterStamp@SapBuffer@@UAEHPA_K@Z 67dabf44 f   SapClassBasic:SapClassBasic80.dll
[...]
 0001:00035477       __unwindfunclet$?GetPixelString@CImageWnd@@QAE?AV?$CStringT@DV?$StrTraitMFC_DLL@DV?$ChTraitsCRT@D@ATL@@@@@ATL@@VCPoint@@@Z$2 67db6477 f   ImageWnd.obj
 0001:00035489       __unwindfunclet$?GetPixelString@CImageWnd@@QAE?AV?$CStringT@DV?$StrTraitMFC_DLL@DV?$ChTraitsCRT@D@ATL@@@@@ATL@@VCPoint@@@Z$3 67db6489 f   ImageWnd.obj
 0001:0003549b       __unwindfunclet$?GetPixelString@CImageWnd@@QAE?AV?$CStringT@DV?$StrTraitMFC_DLL@DV?$ChTraitsCRT@D@ATL@@@@@ATL@@VCPoint@@@Z$4 67db649b f   ImageWnd.obj
 0001:000354ad       __unwindfunclet$?GetPixelString@CImageWnd@@QAE?AV?$CStringT@DV?$StrTraitMFC_DLL@DV?$ChTraitsCRT@D@ATL@@@@@ATL@@VCPoint@@@Z$5 67db64ad f   ImageWnd.obj
 0001:000354c2       __unwindfunclet$?GetPixelString@CImageWnd@@QAE?AV?$CStringT@DV?$StrTraitMFC_DLL@DV?$ChTraitsCRT@D@ATL@@@@@ATL@@VCPoint@@@Z$6 67db64c2 f   ImageWnd.obj
 0001:000354d7       __unwindfunclet$?GetPixelString@CImageWnd@@QAE?AV?$CStringT@DV?$StrTraitMFC_DLL@DV?$ChTraitsCRT@D@ATL@@@@@ATL@@VCPoint@@@Z$7 67db64d7 f   ImageWnd.obj
 0001:000354ec       __unwindfunclet$?GetPixelString@CImageWnd@@QAE?AV?$CStringT@DV?$StrTraitMFC_DLL@DV?$ChTraitsCRT@D@ATL@@@@@ATL@@VCPoint@@@Z$8 67db64ec f   ImageWnd.obj
 0001:00035501       __unwindfunclet$?GetPixelString@CImageWnd@@QAE?AV?$CStringT@DV?$StrTraitMFC_DLL@DV?$ChTraitsCRT@D@ATL@@@@@ATL@@VCPoint@@@Z$9 67db6501 f   ImageWnd.obj
 0001:00035516       __unwindfunclet$?GetPixelString@CImageWnd@@QAE?AV?$CStringT@DV?$StrTraitMFC_DLL@DV?$ChTraitsCRT@D@ATL@@@@@ATL@@VCPoint@@@Z$10 67db6516 f   ImageWnd.obj
 0001:0003552b       __unwindfunclet$?GetPixelString@CImageWnd@@QAE?AV?$CStringT@DV?$StrTraitMFC_DLL@DV?$ChTraitsCRT@D@ATL@@@@@ATL@@VCPoint@@@Z$11 67db652b f   ImageWnd.obj
 0001:00035540       __unwindfunclet$?GetPixelString@CImageWnd@@QAE?AV?$CStringT@DV?$StrTraitMFC_DLL@DV?$ChTraitsCRT@D@ATL@@@@@ATL@@VCPoint@@@Z$12 67db6540 f   ImageWnd.obj
 0001:00035555       __unwindfunclet$?GetPixelString@CImageWnd@@QAE?AV?$CStringT@DV?$StrTraitMFC_DLL@DV?$ChTraitsCRT@D@ATL@@@@@ATL@@VCPoint@@@Z$13 67db6555 f   ImageWnd.obj
 0001:0003556a       __unwindfunclet$?GetPixelString@CImageWnd@@QAE?AV?$CStringT@DV?$StrTraitMFC_DLL@DV?$ChTraitsCRT@D@ATL@@@@@ATL@@VCPoint@@@Z$14 67db656a f   ImageWnd.obj
 0001:0003557f       __unwindfunclet$?GetPixelString@CImageWnd@@QAE?AV?$CStringT@DV?$StrTraitMFC_DLL@DV?$ChTraitsCRT@D@ATL@@@@@ATL@@VCPoint@@@Z$15 67db657f f   ImageWnd.obj
 0001:00035594       __unwindfunclet$?GetPixelString@CImageWnd@@QAE?AV?$CStringT@DV?$StrTraitMFC_DLL@DV?$ChTraitsCRT@D@ATL@@@@@ATL@@VCPoint@@@Z$16 67db6594 f   ImageWnd.obj
 0001:000355a9       __unwindfunclet$?GetPixelString@CImageWnd@@QAE?AV?$CStringT@DV?$StrTraitMFC_DLL@DV?$ChTraitsCRT@D@ATL@@@@@ATL@@VCPoint@@@Z$17 67db65a9 f   ImageWnd.obj
 0001:000355be       __ehhandler$?GetPixelString@CImageWnd@@QAE?AV?$CStringT@DV?$StrTraitMFC_DLL@DV?$ChTraitsCRT@D@ATL@@@@@ATL@@VCPoint@@@Z 67db65be f   ImageWnd.obj
 0001:000355f0       __unwindfunclet$??HATL@@YA?AV?$CStringT@DV?$StrTraitMFC_DLL@DV?$ChTraitsCRT@D@ATL@@@@@0@PBDABV10@@Z$0 67db65f0 f   ImageWnd.obj
 0001:00035602       __ehhandler$??HATL@@YA?AV?$CStringT@DV?$StrTraitMFC_DLL@DV?$ChTraitsCRT@D@ATL@@@@@0@PBDABV10@@Z 67db6602 f   ImageWnd.obj
 0001:00035620       __unwindfunclet$??0CJpegFileDlg@@QAE@PAVCWnd@@H@Z$0 67db6620 f   JpegFileDlg.obj
 0001:00035628       __ehhandler$??0CJpegFileDlg@@QAE@PAVCWnd@@H@Z 67db6628 f   JpegFileDlg.obj
 0001:00035650       __unwindfunclet$??0CLoadSaveDlg@@QAE@PAVCWnd@@PAVSapBuffer@@HH@Z$0 67db6650 f   LoadSaveDlg.obj
 0001:00035658       __unwindfunclet$??0CLoadSaveDlg@@QAE@PAVCWnd@@PAVSapBuffer@@HH@Z$1 67db6658 f   LoadSaveDlg.obj
 0001:00035670       __ehhandler$??0CLoadSaveDlg@@QAE@PAVCWnd@@PAVSapBuffer@@HH@Z 67db6670 f   LoadSaveDlg.obj
 0001:0003568b       __unwindfunclet$?UpdateBuffer@CLoadSaveDlg@@IAEHXZ$0 67db668b f   LoadSaveDlg.obj
 0001:00035693       __unwindfunclet$?UpdateBuffer@CLoadSaveDlg@@IAEHXZ$1 67db6693 f   LoadSaveDlg.obj
 0001:000356a5       __unwindfunclet$?UpdateBuffer@CLoadSaveDlg@@IAEHXZ$2 67db66a5 f   LoadSaveDlg.obj
 0001:000356b7       __unwindfunclet$?UpdateBuffer@CLoadSaveDlg@@IAEHXZ$3 67db66b7 f   LoadSaveDlg.obj
 0001:000356c9       __unwindfunclet$?UpdateBuffer@CLoadSaveDlg@@IAEHXZ$4 67db66c9 f   LoadSaveDlg.obj
 0001:000356db       __unwindfunclet$?UpdateBuffer@CLoadSaveDlg@@IAEHXZ$5 67db66db f   LoadSaveDlg.obj
 0001:000356ed       __ehhandler$?UpdateBuffer@CLoadSaveDlg@@IAEHXZ 67db66ed f   LoadSaveDlg.obj
 0001:00035708       __unwindfunclet$?LoadSettings@CLoadSaveDlg@@IAEXXZ$0 67db6708 f   LoadSaveDlg.obj
 0001:0003571a       __ehhandler$?LoadSettings@CLoadSaveDlg@@IAEXXZ 67db671a f   LoadSaveDlg.obj
 0001:00035735       __unwindfunclet$?SaveSettings@CLoadSaveDlg@@IAEXXZ$0 67db6735 f   LoadSaveDlg.obj
 0001:00035747       __ehhandler$?SaveSettings@CLoadSaveDlg@@IAEXXZ 67db6747 f   LoadSaveDlg.obj
 0001:00035762       __unwindfunclet$?AddTiffOptions@CLoadSaveDlg@@IAEHXZ$0 67db6762 f   LoadSaveDlg.obj
 0001:0003576d       __unwindfunclet$?AddTiffOptions@CLoadSaveDlg@@IAEHXZ$1 67db676d f   LoadSaveDlg.obj
 0001:00035782       __unwindfunclet$?AddTiffOptions@CLoadSaveDlg@@IAEHXZ$2 67db6782 f   LoadSaveDlg.obj
 0001:00035797       __unwindfunclet$?AddTiffOptions@CLoadSaveDlg@@IAEHXZ$3 67db6797 f   LoadSaveDlg.obj
 0001:000357ac       __unwindfunclet$?AddTiffOptions@CLoadSaveDlg@@IAEHXZ$4 67db67ac f   LoadSaveDlg.obj
 0001:000357c1       __ehhandler$?AddTiffOptions@CLoadSaveDlg@@IAEHXZ 67db67c1 f   LoadSaveDlg.obj
 0001:000357df       __unwindfunclet$?AddRawOptions@CLoadSaveDlg@@IAEHXZ$0 67db67df f   LoadSaveDlg.obj
 0001:000357ea       __unwindfunclet$?AddRawOptions@CLoadSaveDlg@@IAEHXZ$1 67db67ea f   LoadSaveDlg.obj
 0001:000357ff       __unwindfunclet$?AddRawOptions@CLoadSaveDlg@@IAEHXZ$2 67db67ff f   LoadSaveDlg.obj
 0001:00035814       __ehhandler$?AddRawOptions@CLoadSaveDlg@@IAEHXZ 67db6814 f   LoadSaveDlg.obj
 0001:00035832       __unwindfunclet$?AddJpegOptions@CLoadSaveDlg@@IAEHXZ$0 67db6832 f   LoadSaveDlg.obj
 0001:0003583d       __unwindfunclet$?AddJpegOptions@CLoadSaveDlg@@IAEHXZ$1 67db683d f   LoadSaveDlg.obj
 0001:00035852       __unwindfunclet$?AddJpegOptions@CLoadSaveDlg@@IAEHXZ$2 67db6852 f   LoadSaveDlg.obj
 0001:00035867       __ehhandler$?AddJpegOptions@CLoadSaveDlg@@IAEHXZ 67db6867 f   LoadSaveDlg.obj
 0001:00035885       __unwindfunclet$?AddAviOptions@CLoadSaveDlg@@IAEHXZ$0 67db6885 f   LoadSaveDlg.obj
 0001:00035890       __ehhandler$?AddAviOptions@CLoadSaveDlg@@IAEHXZ 67db6890 f   LoadSaveDlg.obj
 0001:000358ae       __unwindfunclet$?OnTypeChange@CLoadSaveDlg@@MAEXXZ$0 67db68ae f   LoadSaveDlg.obj
 0001:000358c0       __ehhandler$?OnTypeChange@CLoadSaveDlg@@MAEXXZ 67db68c0 f   LoadSaveDlg.obj
 0001:000358e0       __unwindfunclet$??1CRawFileDlg@@UAE@XZ$0 67db68e0 f   LoadSaveDlg.obj
 0001:000358e8       __ehhandler$??1CRawFileDlg@@UAE@XZ 67db68e8 f   LoadSaveDlg.obj
 0001:00035910       __unwindfunclet$??__E?m_TiffCompressionTypes@CLoadSaveDlg@@1PAV?$CStringT@DV?$StrTraitMFC_DLL@DV?$ChTraitsCRT@D@ATL@@@@@ATL@@A@@YAXXZ$0 67db6910 f   LoadSaveDlg.obj
 0001:00035924       __unwindfunclet$??__E?m_TiffCompressionTypes@CLoadSaveDlg@@1PAV?$CStringT@DV?$StrTraitMFC_DLL@DV?$ChTraitsCRT@D@ATL@@@@@ATL@@A@@YAXXZ$1 67db6924 f   LoadSaveDlg.obj
 0001:00035938       __unwindfunclet$??__E?m_TiffCompressionTypes@CLoadSaveDlg@@1PAV?$CStringT@DV?$StrTraitMFC_DLL@DV?$ChTraitsCRT@D@ATL@@@@@ATL@@A@@YAXXZ$2 67db6938 f   LoadSaveDlg.obj
 0001:0003594c       __ehhandler$??__E?m_TiffCompressionTypes@CLoadSaveDlg@@1PAV?$CStringT@DV?$StrTraitMFC_DLL@DV?$ChTraitsCRT@D@ATL@@@@@ATL@@A@@YAXXZ 67db694c f   LoadSaveDlg.obj
 0001:00035970       __unwindfunclet$??0CLScanDlg@@QAE@PAVCWnd@@PAVSapAcquisition@@@Z$0 67db6970 f   LScanDlg.obj
 0001:00035978       __unwindfunclet$??0CLScanDlg@@QAE@PAVCWnd@@PAVSapAcquisition@@@Z$1 67db6978 f   LScanDlg.obj
 0001:00035990       __unwindfunclet$??0CLScanDlg@@QAE@PAVCWnd@@PAVSapAcquisition@@@Z$2 67db6990 f   LScanDlg.obj
 0001:0003599e       __ehhandler$??0CLScanDlg@@QAE@PAVCWnd@@PAVSapAcquisition@@@Z 67db699e f   LScanDlg.obj
 0001:000359b9       __unwindfunclet$?VerifyLineIntegrateDuration@CLScanDlg@@IAEXXZ$0 67db69b9 f   LScanDlg.obj
 0001:000359ce       __ehhandler$?VerifyLineIntegrateDuration@CLScanDlg@@IAEXXZ 67db69ce f   LScanDlg.obj
 0001:00035a00       __unwindfunclet$??1CLScanDlg@@UAE@XZ$0 67db6a00 f   LScanDlg.obj
 0001:00035a08       __unwindfunclet$??1CLScanDlg@@UAE@XZ$1 67db6a08 f   LScanDlg.obj
 0001:00035a20       __unwindfunclet$??1CLScanDlg@@UAE@XZ$2 67db6a20 f   LScanDlg.obj
 0001:00035a2e       __ehhandler$??1CLScanDlg@@UAE@XZ 67db6a2e f   LScanDlg.obj
 0001:00035a50       __unwindfunclet$??0CPixProDlg@@QAE@PAVCWnd@@PAVSapPixPro@@PAVSapXferNode@@@Z$0 67db6a50 f   PixProDlg.obj
 0001:00035a58       __unwindfunclet$??0CPixProDlg@@QAE@PAVCWnd@@PAVSapPixPro@@PAVSapXferNode@@@Z$1 67db6a58 f   PixProDlg.obj
 0001:00035a66       __unwindfunclet$??0CPixProDlg@@QAE@PAVCWnd@@PAVSapPixPro@@PAVSapXferNode@@@Z$2 67db6a66 f   PixProDlg.obj
 0001:00035a74       __unwindfunclet$??0CPixProDlg@@QAE@PAVCWnd@@PAVSapPixPro@@PAVSapXferNode@@@Z$3 67db6a74 f   PixProDlg.obj
 0001:00035a82       __unwindfunclet$??0CPixProDlg@@QAE@PAVCWnd@@PAVSapPixPro@@PAVSapXferNode@@@Z$4 67db6a82 f   PixProDlg.obj
 0001:00035a90       __unwindfunclet$??0CPixProDlg@@QAE@PAVCWnd@@PAVSapPixPro@@PAVSapXferNode@@@Z$6 67db6a90 f   PixProDlg.obj
 0001:00035aa8       __unwindfunclet$??0CPixProDlg@@QAE@PAVCWnd@@PAVSapPixPro@@PAVSapXferNode@@@Z$7 67db6aa8 f   PixProDlg.obj
 0001:00035aba       __unwindfunclet$??0CPixProDlg@@QAE@PAVCWnd@@PAVSapPixPro@@PAVSapXferNode@@@Z$8 67db6aba f   PixProDlg.obj
 0001:00035acc       __unwindfunclet$??0CPixProDlg@@QAE@PAVCWnd@@PAVSapPixPro@@PAVSapXferNode@@@Z$10 67db6acc f   PixProDlg.obj
 0001:00035ae1       __ehhandler$??0CPixProDlg@@QAE@PAVCWnd@@PAVSapPixPro@@PAVSapXferNode@@@Z 67db6ae1 f   PixProDlg.obj
 0001:00035b09       __unwindfunclet$?LoadSettings@CPixProDlg@@IAEXXZ$0 67db6b09 f   PixProDlg.obj
 0001:00035b1b       __unwindfunclet$?LoadSettings@CPixProDlg@@IAEXXZ$1 67db6b1b f   PixProDlg.obj
 0001:00035b2d       __unwindfunclet$?LoadSettings@CPixProDlg@@IAEXXZ$2 67db6b2d f   PixProDlg.obj
 0001:00035b3f       __ehhandler$?LoadSettings@CPixProDlg@@IAEXXZ 67db6b3f f   PixProDlg.obj
 0001:00035b5a       __unwindfunclet$?SaveSettings@CPixProDlg@@IAEXXZ$0 67db6b5a f   PixProDlg.obj
 0001:00035b6c       __ehhandler$?SaveSettings@CPixProDlg@@IAEXXZ 67db6b6c f   PixProDlg.obj
 0001:00035b87       __unwindfunclet$?SetDirectories@CPixProDlg@@IAEXXZ$0 67db6b87 f   PixProDlg.obj
 0001:00035b99       __ehhandler$?SetDirectories@CPixProDlg@@IAEXXZ 67db6b99 f   PixProDlg.obj
 0001:00035bc1       __unwindfunclet$?OnBrowse@CPixProDlg@@IAEXXZ$0 67db6bc1 f   PixProDlg.obj
 0001:00035bd3       __unwindfunclet$?OnBrowse@CPixProDlg@@IAEXXZ$1 67db6bd3 f   PixProDlg.obj
 0001:00035bdb       __unwindfunclet$?OnBrowse@CPixProDlg@@IAEXXZ$2 67db6bdb f   PixProDlg.obj
 0001:00035bed       __ehhandler$?OnBrowse@CPixProDlg@@IAEXXZ 67db6bed f   PixProDlg.obj
 0001:00035c08       __unwindfunclet$?OnOK@CPixProDlg@@MAEXXZ$0 67db6c08 f   PixProDlg.obj
 0001:00035c1d       __unwindfunclet$?OnOK@CPixProDlg@@MAEXXZ$1 67db6c1d f   PixProDlg.obj
 0001:00035c32       __unwindfunclet$?OnOK@CPixProDlg@@MAEXXZ$2 67db6c32 f   PixProDlg.obj
 0001:00035c3d       __unwindfunclet$?OnOK@CPixProDlg@@MAEXXZ$3 67db6c3d f   PixProDlg.obj
 0001:00035c48       __unwindfunclet$?OnOK@CPixProDlg@@MAEXXZ$4 67db6c48 f   PixProDlg.obj
 0001:00035c53       __unwindfunclet$?OnOK@CPixProDlg@@MAEXXZ$5 67db6c53 f   PixProDlg.obj
 0001:00035c5e       __unwindfunclet$?OnOK@CPixProDlg@@MAEXXZ$6 67db6c5e f   PixProDlg.obj
 0001:00035c69       __ehhandler$?OnOK@CPixProDlg@@MAEXXZ 67db6c69 f   PixProDlg.obj
 0001:00035c91       __unwindfunclet$?FillFunctionCombo@CPixProDlg@@IAEXXZ$0 67db6c91 f   PixProDlg.obj
 0001:00035ca3       __unwindfunclet$?FillFunctionCombo@CPixProDlg@@IAEXXZ$1 67db6ca3 f   PixProDlg.obj
 0001:00035cb5       __unwindfunclet$?FillFunctionCombo@CPixProDlg@@IAEXXZ$2 67db6cb5 f   PixProDlg.obj
 0001:00035cca       __unwindfunclet$?FillFunctionCombo@CPixProDlg@@IAEXXZ$3 67db6cca f   PixProDlg.obj
 0001:00035cdf       __ehhandler$?FillFunctionCombo@CPixProDlg@@IAEXXZ 67db6cdf f   PixProDlg.obj
 0001:00035d10       __unwindfunclet$??1CPixProWAvgDlg@@UAE@XZ$0 67db6d10 f   PixProDlg.obj
 0001:00035d18       __ehhandler$??1CPixProWAvgDlg@@UAE@XZ 67db6d18 f   PixProDlg.obj
 0001:00035d40       __unwindfunclet$??1CPixProIntScaleDlg@@UAE@XZ$0 67db6d40 f   PixProDlg.obj
 0001:00035d48       __ehhandler$??1CPixProIntScaleDlg@@UAE@XZ 67db6d48 f   PixProDlg.obj
 0001:00035d70       __unwindfunclet$??1CPixProDlg@@UAE@XZ$0 67db6d70 f   PixProDlg.obj
 0001:00035d78       __unwindfunclet$??1CPixProDlg@@UAE@XZ$1 67db6d78 f   PixProDlg.obj
 0001:00035d86       __unwindfunclet$??1CPixProDlg@@UAE@XZ$2 67db6d86 f   PixProDlg.obj
 0001:00035d94       __unwindfunclet$??1CPixProDlg@@UAE@XZ$3 67db6d94 f   PixProDlg.obj
 0001:00035da2       __unwindfunclet$??1CPixProDlg@@UAE@XZ$4 67db6da2 f   PixProDlg.obj
 0001:00035db0       __ehhandler$??1CPixProDlg@@UAE@XZ 67db6db0 f   PixProDlg.obj
 0001:00035dd0       __unwindfunclet$??0CPixProIntScaleDlg@@QAE@PAVCWnd@@PAUCORPPL_FCT_PROP@@PAVSapPixProParams@@@Z$0 67db6dd0 f   PixProIntScaleDlg.obj
 0001:00035dd8       __ehhandler$??0CPixProIntScaleDlg@@QAE@PAVCWnd@@PAUCORPPL_FCT_PROP@@PAVSapPixProParams@@@Z 67db6dd8 f   PixProIntScaleDlg.obj
 0001:00035e00       __unwindfunclet$??0CPixProWAvgDlg@@QAE@PAVCWnd@@PAUCORPPL_FCT_PROP@@PAVSapPixProParams@@@Z$0 67db6e00 f   PixProWAvgDlg.obj
 0001:00035e08       __ehhandler$??0CPixProWAvgDlg@@QAE@PAVCWnd@@PAUCORPPL_FCT_PROP@@PAVSapPixProParams@@@Z 67db6e08 f   PixProWAvgDlg.obj
 0001:00035e30       __unwindfunclet$??0CRawFileDlg@@QAE@PAVCWnd@@HHHH@Z$0 67db6e30 f   RawFileDlg.obj
 0001:00035e38       __unwindfunclet$??0CRawFileDlg@@QAE@PAVCWnd@@HHHH@Z$1 67db6e38 f   RawFileDlg.obj
 0001:00035e46       __ehhandler$??0CRawFileDlg@@QAE@PAVCWnd@@HHHH@Z 67db6e46 f   RawFileDlg.obj
 0001:00035e61       __unwindfunclet$?OnInitDialog@CRawFileDlg@@MAEHXZ$0 67db6e61 f   RawFileDlg.obj
 0001:00035e73       __ehhandler$?OnInitDialog@CRawFileDlg@@MAEHXZ 67db6e73 f   RawFileDlg.obj
 0001:00035e90       __unwindfunclet$?SapClassGuiInitModule@@YAXXZ$0 67db6e90 f   SapClassGui.obj
 0001:00035ea1       __ehhandler$?SapClassGuiInitModule@@YAXXZ 67db6ea1 f   SapClassGui.obj
 0001:00035ec0       __unwindfunclet$??1CViewDlg@@UAE@XZ$0 67db6ec0 f   SapClassGui.obj
 0001:00035ec8       __unwindfunclet$??1CViewDlg@@UAE@XZ$1 67db6ec8 f   SapClassGui.obj
 0001:00035ed6       __unwindfunclet$??1CViewDlg@@UAE@XZ$2 67db6ed6 f   SapClassGui.obj
 0001:00035ee4       __unwindfunclet$??1CViewDlg@@UAE@XZ$3 67db6ee4 f   SapClassGui.obj
 0001:00035ef2       __ehhandler$??1CViewDlg@@UAE@XZ 67db6ef2 f   SapClassGui.obj
 0001:00035f10       __unwindfunclet$??0CTiffFileDlg@@QAE@PAVCWnd@@HH@Z$0 67db6f10 f   TiffFileDlg.obj
 0001:00035f18       __ehhandler$??0CTiffFileDlg@@QAE@PAVCWnd@@HH@Z 67db6f18 f   TiffFileDlg.obj
 0001:00035f40       __unwindfunclet$??0CViewDlg@@QAE@PAVCWnd@@PAVSapView@@@Z$0 67db6f40 f   ViewDlg.obj
 0001:00035f48       __unwindfunclet$??0CViewDlg@@QAE@PAVCWnd@@PAVSapView@@@Z$1 67db6f48 f   ViewDlg.obj
 0001:00035f56       __unwindfunclet$??0CViewDlg@@QAE@PAVCWnd@@PAVSapView@@@Z$2 67db6f56 f   ViewDlg.obj
 0001:00035f64       __unwindfunclet$??0CViewDlg@@QAE@PAVCWnd@@PAVSapView@@@Z$3 67db6f64 f   ViewDlg.obj
 0001:00035f72       __unwindfunclet$??0CViewDlg@@QAE@PAVCWnd@@PAVSapView@@@Z$4 67db6f72 f   ViewDlg.obj
 0001:00035f80       __unwindfunclet$??0CViewDlg@@QAE@PAVCWnd@@PAVSapView@@@Z$5 67db6f80 f   ViewDlg.obj
 0001:00035f92       __ehhandler$??0CViewDlg@@QAE@PAVCWnd@@PAVSapView@@@Z 67db6f92 f   ViewDlg.obj
 0001:00035fb0       ??__E?m_Methods@CColorConversionOptionsDlg@@0PAUSapColorConversionMethodDictionary@@A@@YAXXZ 67db6fb0 f   ColorConversionDlg.obj
 0001:00036140       ??__E?m_TiffCompressionTypes@CLoadSaveDlg@@1PAV?$CStringT@DV?$StrTraitMFC_DLL@DV?$ChTraitsCRT@D@ATL@@@@@ATL@@A@@YAXXZ 67db7140 f   LoadSaveDlg.obj
 0001:00036210       ??__Eclash@Inconsistent_definition_of_symbol__ATL_MIXED@@YAXXZ 67db7210 f   SapClassGui.obj
 0001:00036230       ??__Eclash@Define_the_symbol__ATL_MIXED@@YAXXZ 67db7230 f   SapClassGui.obj
 0001:00036250       ??__Eclash@Inconsistent_definition_of_symbol__ATL_MIXED@@YAXXZ 67db7250 f   mfcs100d:nolib.obj
 0001:00036260       ??__Eclash@Define_the_symbol__ATL_MIXED@@YAXXZ 67db7260 f   mfcs100d:nolib.obj
 0001:00036280       ??__Eclash@Inconsistent_definition_of_symbol__ATL_MIXED@@YAXXZ 67db7280 f   mfcs100d:stdafx.obj
 0001:00036290       ??__Eclash@Define_the_symbol__ATL_MIXED@@YAXXZ 67db7290 f   mfcs100d:stdafx.obj
 0001:000362b0       ??__Eg_Allocator@@YAXXZ    67db72b0 f   atlsd:Externs.obj
 0001:000362d0       ??__Eg_bInitialized@@YAXXZ 67db72d0 f   atlsd:Externs.obj
 0001:000362f0       ??__E?s_trace@CTrace@ATL@@2V12@A@@YAXXZ 67db72f0 f   atlsd:Externs.obj
 0001:00036320       ??__EatlTraceGeneral@ATL@@YAXXZ 67db7320 f   atlsd:atltrace.obj
 0001:00036340       ??__EatlTraceCOM@ATL@@YAXXZ 67db7340 f   atlsd:atltrace.obj
 0001:00036360       ??__EatlTraceQI@ATL@@YAXXZ 67db7360 f   atlsd:atltrace.obj
 0001:00036380       ??__EatlTraceRegistrar@ATL@@YAXXZ 67db7380 f   atlsd:atltrace.obj
 0001:000363a0       ??__EatlTraceRefcount@ATL@@YAXXZ 67db73a0 f   atlsd:atltrace.obj
 0001:000363c0       ??__EatlTraceWindowing@ATL@@YAXXZ 67db73c0 f   atlsd:atltrace.obj
 0001:000363e0       ??__EatlTraceControls@ATL@@YAXXZ 67db73e0 f   atlsd:atltrace.obj
 0001:00036400       ??__EatlTraceHosting@ATL@@YAXXZ 67db7400 f   atlsd:atltrace.obj
 0001:00036420       ??__EatlTraceDBClient@ATL@@YAXXZ 67db7420 f   atlsd:atltrace.obj
 0001:00036440       ??__EatlTraceDBProvider@ATL@@YAXXZ 67db7440 f   atlsd:atltrace.obj
 0001:00036460       ??__EatlTraceSnapin@ATL@@YAXXZ 67db7460 f   atlsd:atltrace.obj
 0001:00036480       ??__EatlTraceNotImpl@ATL@@YAXXZ 67db7480 f   atlsd:atltrace.obj
 0001:000364a0       ??__EatlTraceAllocation@ATL@@YAXXZ 67db74a0 f   atlsd:atltrace.obj
 0001:000364c0       ??__EatlTraceException@ATL@@YAXXZ 67db74c0 f   atlsd:atltrace.obj
 0001:000364e0       ??__EatlTraceTime@ATL@@YAXXZ 67db74e0 f   atlsd:atltrace.obj
 0001:00036500       ??__EatlTraceCache@ATL@@YAXXZ 67db7500 f   atlsd:atltrace.obj
 0001:00036520       ??__EatlTraceStencil@ATL@@YAXXZ 67db7520 f   atlsd:atltrace.obj
 0001:00036540       ??__EatlTraceString@ATL@@YAXXZ 67db7540 f   atlsd:atltrace.obj
 0001:00036560       ??__EatlTraceMap@ATL@@YAXXZ 67db7560 f   atlsd:atltrace.obj
 0001:00036580       ??__EatlTraceUtil@ATL@@YAXXZ 67db7580 f   atlsd:atltrace.obj
 0001:000365a0       ??__EatlTraceSecurity@ATL@@YAXXZ 67db75a0 f   atlsd:atltrace.obj
 0001:000365c0       ??__EatlTraceSync@ATL@@YAXXZ 67db75c0 f   atlsd:atltrace.obj
 0001:000365e0       ??__EatlTraceISAPI@ATL@@YAXXZ 67db75e0 f   atlsd:atltrace.obj
 0001:00036600       ??__EatlTraceUser@ATL@@YAXXZ 67db7600 f   atlsd:atltrace.obj
 0001:00036620       ??__EatlTraceUser2@ATL@@YAXXZ 67db7620 f   atlsd:atltrace.obj
 0001:00036640       ??__EatlTraceUser3@ATL@@YAXXZ 67db7640 f   atlsd:atltrace.obj
 0001:00036660       ??__EatlTraceUser4@ATL@@YAXXZ 67db7660 f   atlsd:atltrace.obj
 0001:00036680       ??__F?m_Methods@CColorConversionOptionsDlg@@0PAUSapColorConversionMethodDictionary@@A@@YAXXZ 67db7680 f   ColorConversionDlg.obj
 0001:000366a0       ??__F?m_TiffCompressionTypes@CLoadSaveDlg@@1PAV?$CStringT@DV?$StrTraitMFC_DLL@DV?$ChTraitsCRT@D@ATL@@@@@ATL@@A@@YAXXZ 67db76a0 f   LoadSaveDlg.obj
 0001:000366c0       ??__Fg_Allocator@@YAXXZ    67db76c0 f   atlsd:Externs.obj
 0001:000366e0       ??__F?s_trace@CTrace@ATL@@2V12@A@@YAXXZ 67db76e0 f   atlsd:Externs.obj
